Component: Arm Compiler for Embedded 6.23 Tool: armlink [5f102400]

==============================================================================

Section Cross References

    startup_stm32f407xx.o(STACK) refers (Special) to heapauxi.o(.text) for __use_two_region_memory
    startup_stm32f407xx.o(HEAP) refers (Special) to heapauxi.o(.text) for __use_two_region_memory
    startup_stm32f407xx.o(RESET) refers (Special) to heapauxi.o(.text) for __use_two_region_memory
    startup_stm32f407xx.o(RESET) refers to startup_stm32f407xx.o(STACK) for __initial_sp
    startup_stm32f407xx.o(RESET) refers to startup_stm32f407xx.o(.text) for Reset_Handler
    startup_stm32f407xx.o(RESET) refers to stm32f4xx_it.o(.text.NMI_Handler) for NMI_Handler
    startup_stm32f407xx.o(RESET) refers to stm32f4xx_it.o(.text.HardFault_Handler) for HardFault_Handler
    startup_stm32f407xx.o(RESET) refers to stm32f4xx_it.o(.text.MemManage_Handler) for MemManage_Handler
    startup_stm32f407xx.o(RESET) refers to stm32f4xx_it.o(.text.BusFault_Handler) for BusFault_Handler
    startup_stm32f407xx.o(RESET) refers to stm32f4xx_it.o(.text.UsageFault_Handler) for UsageFault_Handler
    startup_stm32f407xx.o(RESET) refers to stm32f4xx_it.o(.text.SVC_Handler) for SVC_Handler
    startup_stm32f407xx.o(RESET) refers to stm32f4xx_it.o(.text.DebugMon_Handler) for DebugMon_Handler
    startup_stm32f407xx.o(RESET) refers to stm32f4xx_it.o(.text.PendSV_Handler) for PendSV_Handler
    startup_stm32f407xx.o(RESET) refers to stm32f4xx_it.o(.text.SysTick_Handler) for SysTick_Handler
    startup_stm32f407xx.o(RESET) refers to stm32f4xx_it.o(.text.USART1_IRQHandler) for USART1_IRQHandler
    startup_stm32f407xx.o(RESET) refers to tjc_usart_hmi.o(.text.UART4_IRQHandler) for UART4_IRQHandler
    startup_stm32f407xx.o(.text) refers (Special) to heapauxi.o(.text) for __use_two_region_memory
    startup_stm32f407xx.o(.text) refers to system_stm32f4xx.o(.text.SystemInit) for SystemInit
    startup_stm32f407xx.o(.text) refers to __main.o(!!!main) for __main
    startup_stm32f407xx.o(.text) refers to startup_stm32f407xx.o(HEAP) for Heap_Mem
    startup_stm32f407xx.o(.text) refers to startup_stm32f407xx.o(STACK) for Stack_Mem
    main.o(.text.main) refers to stm32f4xx_hal.o(.text.HAL_Init) for HAL_Init
    main.o(.text.main) refers to main.o(.text.SystemClock_Config) for SystemClock_Config
    main.o(.text.main) refers to gpio.o(.text.MX_GPIO_Init) for MX_GPIO_Init
    main.o(.text.main) refers to spi.o(.text.MX_SPI1_Init) for MX_SPI1_Init
    main.o(.text.main) refers to usart.o(.text.MX_USART1_UART_Init) for MX_USART1_UART_Init
    main.o(.text.main) refers to gserial.o(.text.GSerial_Init) for GSerial_Init
    main.o(.text.main) refers to gsignalflow.o(.text.GSignalFlow_Init) for GSignalFlow_Init
    main.o(.text.main) refers to gsignalflow.o(.text.GSignalFlow_Process) for GSignalFlow_Process
    main.o(.ARM.exidx.text.main) refers to main.o(.text.main) for [Anonymous Symbol]
    main.o(.text.SystemClock_Config) refers to rt_memclr_w.o(.text) for __aeabi_memclr4
    main.o(.text.SystemClock_Config) refers to stm32f4xx_hal_rcc.o(.text.HAL_RCC_OscConfig) for HAL_RCC_OscConfig
    main.o(.text.SystemClock_Config) refers to stm32f4xx_hal_rcc.o(.text.HAL_RCC_ClockConfig) for HAL_RCC_ClockConfig
    main.o(.ARM.exidx.text.SystemClock_Config) refers to main.o(.text.SystemClock_Config) for [Anonymous Symbol]
    main.o(.ARM.exidx.text.Error_Handler) refers to main.o(.text.Error_Handler) for [Anonymous Symbol]
    gserial.o(.text.GSerial_Init) refers to gserial.o(.bss..L_MergedGlobals) for .L_MergedGlobals
    gserial.o(.text.GSerial_Init) refers to usart.o(.bss.huart1) for huart1
    gserial.o(.text.GSerial_Init) refers to stm32f4xx_hal_uart.o(.text.HAL_UART_Receive_IT) for HAL_UART_Receive_IT
    gserial.o(.ARM.exidx.text.GSerial_Init) refers to gserial.o(.text.GSerial_Init) for [Anonymous Symbol]
    gserial.o(.text.GSerial_Transmit) refers to usart.o(.bss.huart1) for huart1
    gserial.o(.text.GSerial_Transmit) refers to stm32f4xx_hal_uart.o(.text.HAL_UART_Transmit) for HAL_UART_Transmit
    gserial.o(.ARM.exidx.text.GSerial_Transmit) refers to gserial.o(.text.GSerial_Transmit) for [Anonymous Symbol]
    gserial.o(.text.GSerial_ReadByte) refers to gserial.o(.bss..L_MergedGlobals) for .L_MergedGlobals
    gserial.o(.ARM.exidx.text.GSerial_ReadByte) refers to gserial.o(.text.GSerial_ReadByte) for [Anonymous Symbol]
    gserial.o(.text.HAL_UART_RxCpltCallback) refers to usart.o(.bss.huart1) for huart1
    gserial.o(.text.HAL_UART_RxCpltCallback) refers to gserial.o(.bss..L_MergedGlobals) for .L_MergedGlobals
    gserial.o(.text.HAL_UART_RxCpltCallback) refers to stm32f4xx_hal_uart.o(.text.HAL_UART_Receive_IT) for HAL_UART_Receive_IT
    gserial.o(.ARM.exidx.text.HAL_UART_RxCpltCallback) refers to gserial.o(.text.HAL_UART_RxCpltCallback) for [Anonymous Symbol]
    gserial.o(.text.HAL_UART_ErrorCallback) refers to usart.o(.bss.huart1) for huart1
[...]
    s_LastRangeEventTick                     0x200000c8   Data           4  gsignalflow.o(.bss..L_MergedGlobals)
    s_HfMedianStartTick                      0x200000cc   Data           4  gsignalflow.o(.bss..L_MergedGlobals)
    .L_MergedGlobals                         0x200000d0   Data          28  spectrumanalyzer.o(.bss..L_MergedGlobals)
    s_LastSpectrumReady                      0x200000d0   Data           1  spectrumanalyzer.o(.bss..L_MergedGlobals)
    [Anonymous Symbol]                       0x200000d0   Section        0  spectrumanalyzer.o(.bss..L_MergedGlobals)
    s_FftReady                               0x200000d1   Data           1  spectrumanalyzer.o(.bss..L_MergedGlobals)
    s_WindowReady                            0x200000d2   Data           1  spectrumanalyzer.o(.bss..L_MergedGlobals)
    s_RfftInstance                           0x200000d4   Data          24  spectrumanalyzer.o(.bss..L_MergedGlobals)
    .L_MergedGlobals                         0x200000ec   Data         108  tjc_usart_hmi.o(.bss..L_MergedGlobals)
    s_RxFrameLength                          0x200000ec   Data           1  tjc_usart_hmi.o(.bss..L_MergedGlobals)
    [Anonymous Symbol]                       0x200000ec   Section        0  tjc_usart_hmi.o(.bss..L_MergedGlobals)
    s_PendingEvent                           0x200000ed   Data           1  tjc_usart_hmi.o(.bss..L_MergedGlobals)
    s_PendingCycles                          0x200000ee   Data           1  tjc_usart_hmi.o(.bss..L_MergedGlobals)
    s_QuantizationEnabled                    0x200000ef   Data           1  tjc_usart_hmi.o(.bss..L_MergedGlobals)
    s_NextStartLabelTick                     0x200000f0   Data           4  tjc_usart_hmi.o(.bss..L_MergedGlobals)
    s_RxErrorCount                           0x200000f4   Data           4  tjc_usart_hmi.o(.bss..L_MergedGlobals)
    s_RxFrame                                0x200000f8   Data           7  tjc_usart_hmi.o(.bss..L_MergedGlobals)
    s_LastStatusText                         0x200000ff   Data          16  tjc_usart_hmi.o(.bss..L_MergedGlobals)
    s_TjcUart                                0x20000110   Data          72  tjc_usart_hmi.o(.bss..L_MergedGlobals)
    s_CaptureFrame                           0x200001f8   Data        8192  gsignalflow.o(.bss.s_CaptureFrame)
    [Anonymous Symbol]                       0x200001f8   Section        0  gsignalflow.o(.bss.s_CaptureFrame)
    s_CycleCounterReady                      0x200021f8   Data           1  fpgalink.o(.bss.s_CycleCounterReady)
    [Anonymous Symbol]                       0x200021f8   Section        0  fpgalink.o(.bss.s_CycleCounterReady)
    s_FftInput                               0x200021fc   Data       16384  spectrumanalyzer.o(.bss.s_FftInput)
    [Anonymous Symbol]                       0x200021fc   Section        0  spectrumanalyzer.o(.bss.s_FftInput)
    s_FftOutput                              0x200061fc   Data       16384  spectrumanalyzer.o(.bss.s_FftOutput)
    [Anonymous Symbol]                       0x200061fc   Section        0  spectrumanalyzer.o(.bss.s_FftOutput)
    s_HannWindowQ15                          0x2000a1fc   Data        8192  spectrumanalyzer.o(.bss.s_HannWindowQ15)
    [Anonymous Symbol]                       0x2000a1fc   Section        0  spectrumanalyzer.o(.bss.s_HannWindowQ15)
    s_HardwareRandomEnabled                  0x2000c1fc   Data           1  ghardwarerandom.o(.bss.s_HardwareRandomEnabled)
    [Anonymous Symbol]                       0x2000c1fc   Section        0  ghardwarerandom.o(.bss.s_HardwareRandomEnabled)
    s_HfMedianFrames                         0x2000c200   Data        1800  gsignalflow.o(.bss.s_HfMedianFrames)
    [Anonymous Symbol]                       0x2000c200   Section        0  gsignalflow.o(.bss.s_HfMedianFrames)
    s_Measurement                            0x2000c908   Data          72  gsignalflow.o(.bss.s_Measurement)
    [Anonymous Symbol]                       0x2000c908   Section        0  gsignalflow.o(.bss.s_Measurement)
    s_Result                                 0x2000c950   Data          72  gsignalflow.o(.bss.s_Result)
    [Anonymous Symbol]                       0x2000c950   Section        0  gsignalflow.o(.bss.s_Result)
    s_RingBuffer                             0x2000c998   Data         506  tjc_usart_hmi.o(.bss.s_RingBuffer)
    [Anonymous Symbol]                       0x2000c998   Section        0  tjc_usart_hmi.o(.bss.s_RingBuffer)
    s_SpectrumDisplay                        0x2000cb94   Data        1024  gsignalflow.o(.bss.s_SpectrumDisplay)
    [Anonymous Symbol]                       0x2000cb94   Section        0  gsignalflow.o(.bss.s_SpectrumDisplay)
    s_WaveCaptureFrame                       0x2000cf94   Data        8192  gsignalflow.o(.bss.s_WaveCaptureFrame)
    [Anonymous Symbol]                       0x2000cf94   Section        0  gsignalflow.o(.bss.s_WaveCaptureFrame)
    s_WaveDisplay                            0x2000ef94   Data        1024  gsignalflow.o(.bss.s_WaveDisplay)
    [Anonymous Symbol]                       0x2000ef94   Section        0  gsignalflow.o(.bss.s_WaveDisplay)
    s_Waveform                               0x2000f394   Data         528  gsignalflow.o(.bss.s_Waveform)
    [Anonymous Symbol]                       0x2000f394   Section        0  gsignalflow.o(.bss.s_Waveform)
    Heap_Mem                                 0x2000f608   Data         512  startup_stm32f407xx.o(HEAP)
    HEAP                                     0x2000f608   Section      512  startup_stm32f407xx.o(HEAP)
    Stack_Mem                                0x2000f808   Data        4096  startup_stm32f407xx.o(STACK)
    STACK                                    0x2000f808   Section     4096  startup_stm32f407xx.o(STACK)
    __initial_sp                             0x20010808   Data           0  startup_stm32f407xx.o(STACK)

    Global Symbols

    Symbol Name                              Value     Ov Type        Size  Object(Section)

    BuildAttributes$$THM_ISAv4$E$P$D$K$B$S$7EM$VFPi3$EXTD16$VFPS$VFMA$PE$A:L22UL41UL21$X:L11$S22US41US21$IEEE1$IW$~IW$USESV6$~STKCKD$USESV7$~SHL$OTIME$ROPI$IEEEX$EBA8$UX$STANDARDLIB$REQ8$PRES8$EABIv2 0x00000000   Number         0  anon$$obj.o ABSOLUTE
    _printf_flags                            0x00000000   Number         0  printf_stubs.o ABSOLUTE
    _printf_return_value                     0x00000000   Number         0  printf_stubs.o ABSOLUTE
    _printf_sizespec                         0x00000000   Number         0  printf_stubs.o ABSOLUTE
    _printf_widthprec                        0x00000000   Number         0  printf_stubs.o ABSOLUTE
    __ARM_exceptions_init                     - Undefined Weak Reference
    __alloca_initialize                       - Undefined Weak Reference
    __arm_preinit_                            - Undefined Weak Reference
    __arm_relocate_pie_                       - Undefined Weak Reference
    __cpp_initialize__aeabi_                  - Undefined Weak Reference
    __cxa_finalize                            - Undefined Weak Reference
    __rt_locale                               - Undefined Weak Reference
    __sigvec_lookup                           - Undefined Weak Reference
    _atexit_init                              - Undefined Weak Reference
    _call_atexit_fns                          - Undefined Weak Reference
    _clock_init                               - Undefined Weak Reference
    _fp_trap_init                             - Undefined Weak Reference
    _fp_trap_shutdown                         - Undefined Weak Reference
    _get_lc_collate                           - Undefined Weak Reference
    _get_lc_ctype                             - Undefined Weak Reference
    _get_lc_monetary                          - Undefined Weak Reference
    _get_lc_numeric                           - Undefined Weak Reference
    _get_lc_time                              - Undefined Weak Reference
    _getenv_init                              - Undefined Weak Reference
    _handle_redirection                       - Undefined Weak Reference
    _init_alloc                               - Undefined Weak Reference
    _init_user_alloc                          - Undefined Weak Reference
    _initio                                   - Undefined Weak Reference
    _printf_mbtowc                            - Undefined Weak Reference
    _printf_truncate_signed                   - Undefined Weak Reference
    _printf_truncate_unsigned                 - Undefined Weak Reference
    _rand_init                                - Undefined Weak Reference
    _signal_finish                            - Undefined Weak Reference
    _signal_init                              - Undefined Weak Reference
    _terminate_alloc                          - Undefined Weak Reference
    _terminate_user_alloc                     - Undefined Weak Reference
    _terminateio                              - Undefined Weak Reference
    __Vectors_Size                           0x00000188   Number         0  startup_stm32f407xx.o ABSOLUTE
    __Vectors                                0x08000000   Data           4  startup_stm32f407xx.o(RESET)
    __Vectors_End                            0x08000188   Data           0  startup_stm32f407xx.o(RESET)
    __main                                   0x08000189   Thumb Code     8  __main.o(!!!main)
    __scatterload                            0x08000191   Thumb Code     0  __scatter.o(!!!scatter)
    __scatterload_rt2                        0x08000191   Thumb Code    84  __scatter.o(!!!scatter)
    __scatterload_rt2_thumb_only             0x08000191   Thumb Code     0  __scatter.o(!!!scatter)
    __scatterload_loop                       0x0800019b   Thumb Code     0  __scatter.o(!!!scatter)
    __scatterload_copy                       0x080001ed   Thumb Code    26  __scatter_copy.o(!!handler_copy)
    __scatterload_null                       0x08000209   Thumb Code     2  __scatter.o(!!handler_null)
    __scatterload_zeroinit                   0x0800020d   Thumb Code    28  __scatter_zi.o(!!handler_zi)
    _printf_d                                0x08000229   Thumb Code     0  _printf_d.o(.ARM.Collect$$_printf_percent$$00000009)
    _printf_percent                          0x08000229   Thumb Code     0  _printf_percent.o(.ARM.Collect$$_printf_percent$$00000000)
    _printf_u                                0x0800022f   Thumb Code     0  _printf_u.o(.ARM.Collect$$_printf_percent$$0000000A)
    _printf_x                                0x08000235   Thumb Code     0  _printf_x.o(.ARM.Collect$$_printf_percent$$0000000C)
    _printf_c                                0x0800023b   Thumb Code     0  _printf_c.o(.ARM.Collect$$_printf_percent$$00000013)
    _printf_s                                0x08000241   Thumb Code     0  _printf_s.o(.ARM.Collect$$_printf_percent$$00000014)
    _printf_percent_end                      0x08000247   Thumb Code     0  _printf_percent_end.o(.ARM.Collect$$_printf_percent$$00000017)
    __rt_lib_init                            0x0800024b   Thumb Code     0  libinit.o(.ARM.Collect$$libinit$$00000000)
    __rt_lib_init_fp_1                       0x0800024d   Thumb Code     0  libinit2.o(.ARM.Collect$$libinit$$00000001)
    __rt_lib_init_alloca_1                   0x08000251   Thumb Code     0  libinit2.o(.ARM.Collect$$libinit$$00000030)
    __rt_lib_init_argv_1                     0x08000251   Thumb Code     0  libinit2.o(.ARM.Collect$$libinit$$0000002E)
    __rt_lib_init_atexit_1                   0x08000251   Thumb Code     0  libinit2.o(.ARM.Collect$$libinit$$0000001D)
    __rt_lib_init_clock_1                    0x08000251   Thumb Code     0  libinit2.o(.ARM.Collect$$libinit$$00000023)
    __rt_lib_init_cpp_1                      0x08000251   Thumb Code     0  libinit2.o(.ARM.Collect$$libinit$$00000034)
    __rt_lib_init_exceptions_1               0x08000251   Thumb Code     0  libinit2.o(.ARM.Collect$$libinit$$00000032)
    __rt_lib_init_fp_trap_1                  0x08000251   Thumb Code     0  libinit2.o(.ARM.Collect$$libinit$$00000021)
    __rt_lib_init_getenv_1                   0x08000251   Thumb Code     0  libinit2.o(.ARM.Collect$$libinit$$00000025)
    __rt_lib_init_heap_1                     0x08000251   Thumb Code     0  libinit2.o(.ARM.Collect$$libinit$$0000000C)
    __rt_lib_init_lc_collate_1               0x08000251   Thumb Code     0  libinit2.o(.ARM.Collect$$libinit$$00000013)
    __rt_lib_init_lc_ctype_1                 0x08000251   Thumb Code     0  libinit2.o(.ARM.Collect$$libinit$$00000015)
    __rt_lib_init_lc_monetary_1              0x08000251   Thumb Code     0  libinit2.o(.ARM.Collect$$libinit$$00000017)
    __rt_lib_init_lc_numeric_1               0x08000251   Thumb Code     0  libinit2.o(.ARM.Collect$$libinit$$00000019)
    __rt_lib_init_lc_time_1                  0x08000251   Thumb Code     0  libinit2.o(.ARM.Collect$$libinit$$0000001B)
    __rt_lib_init_preinit_1                  0x08000251   Thumb Code     0  libinit2.o(.ARM.Collect$$libinit$$00000006)
    __rt_lib_init_rand_1                     0x08000251   Thumb Code     0  libinit2.o(.ARM.Collect$$libinit$$00000010)
    __rt_lib_init_relocate_pie_1             0x08000251   Thumb Code     0  libinit2.o(.ARM.Collect$$libinit$$00000004)
    __rt_lib_init_return                     0x08000251   Thumb Code     0  libinit2.o(.ARM.Collect$$libinit$$00000035)
    __rt_lib_init_signal_1                   0x08000251   Thumb Code     0  libinit2.o(.ARM.Collect$$libinit$$0000001F)
    __rt_lib_init_stdio_1                    0x08000251   Thumb Code     0  libinit2.o(.ARM.Collect$$libinit$$00000027)
    __rt_lib_init_user_alloc_1               0x08000251   Thumb Code     0  libinit2.o(.ARM.Collect$$libinit$$0000000E)
    __rt_lib_shutdown                        0x08000253   Thumb Code     0  libshutdown.o(.ARM.Collect$$libshutdown$$00000000)
    __rt_lib_shutdown_cpp_1                  0x08000255   Thumb Code     0  libshutdown2.o(.ARM.Collect$$libshutdown$$00000002)
    __rt_lib_shutdown_fp_trap_1              0x08000255   Thumb Code     0  libshutdown2.o(.ARM.Collect$$libshutdown$$00000007)
    __rt_lib_shutdown_heap_1                 0x08000255   Thumb Code     0  libshutdown2.o(.ARM.Collect$$libshutdown$$0000000F)
    __rt_lib_shutdown_return                 0x08000255   Thumb Code     0  libshutdown2.o(.ARM.Collect$$libshutdown$$00000010)
    __rt_lib_shutdown_signal_1               0x08000255   Thumb Code     0  libshutdown2.o(.ARM.Collect$$libshutdown$$0000000A)
    __rt_lib_shutdown_stdio_1                0x08000255   Thumb Code     0  libshutdown2.o(.ARM.Collect$$libshutdown$$00000004)
    __rt_lib_shutdown_user_alloc_1           0x08000255   Thumb Code     0  libshutdown2.o(.ARM.Collect$$libshutdown$$0000000C)
    __rt_entry                               0x08000257   Thumb Code     0  __rtentry.o(.ARM.Collect$$rtentry$$00000000)
    __rt_entry_presh_1                       0x08000257   Thumb Code     0  __rtentry2.o(.ARM.Collect$$rtentry$$00000002)
    __rt_entry_sh                            0x08000257   Thumb Code     0  __rtentry4.o(.ARM.Collect$$rtentry$$00000004)
    __rt_entry_li                            0x0800025d   Thumb Code     0  __rtentry2.o(.ARM.Collect$$rtentry$$0000000A)
    __rt_entry_postsh_1                      0x0800025d   Thumb Code     0  __rtentry2.o(.ARM.Collect$$rtentry$$00000009)
    __rt_entry_main                          0x08000261   Thumb Code     0  __rtentry2.o(.ARM.Collect$$rtentry$$0000000D)
    __rt_entry_postli_1                      0x08000261   Thumb Code     0  __rtentry2.o(.ARM.Collect$$rtentry$$0000000C)
    __rt_exit                                0x08000269   Thumb Code     0  rtexit.o(.ARM.Collect$$rtexit$$00000000)
    __rt_exit_ls                             0x0800026b   Thumb Code     0  rtexit2.o(.ARM.Collect$$rtexit$$00000003)
    __rt_exit_prels_1                        0x0800026b   Thumb Code     0  rtexit2.o(.ARM.Collect$$rtexit$$00000002)
    __rt_exit_exit                           0x0800026f   Thumb Code     0  rtexit2.o(.ARM.Collect$$rtexit$$00000004)
    Reset_Handler                            0x08000275   Thumb Code     8  startup_stm32f407xx.o(.text)
    ADC_IRQHandler                           0x0800028f   Thumb Code     0  startup_stm32f407xx.o(.text)
    CAN1_RX0_IRQHandler                      0x0800028f   Thumb Code     0  startup_stm32f407xx.o(.text)
    CAN1_RX1_IRQHandler                      0x0800028f   Thumb Code     0  startup_stm32f407xx.o(.text)
    CAN1_SCE_IRQHandler                      0x0800028f   Thumb Code     0  startup_stm32f407xx.o(.text)
    CAN1_TX_IRQHandler                       0x0800028f   Thumb Code     0  startup_stm32f407xx.o(.text)
    CAN2_RX0_IRQHandler                      0x0800028f   Thumb Code     0  startup_stm32f407xx.o(.text)
    CAN2_RX1_IRQHandler                      0x0800028f   Thumb Code     0  startup_stm32f407xx.o(.text)
    CAN2_SCE_IRQHandler                      0x0800028f   Thumb Code     0  startup_stm32f407xx.o(.text)
    CAN2_TX_IRQHandler                       0x0800028f   Thumb Code     0  startup_stm32f407xx.o(.text)
    DCMI_IRQHandler                          0x0800028f   Thumb Code     0  startup_stm32f407xx.o(.text)
    DMA1_Stream0_IRQHandler                  0x0800028f   Thumb Code     0  startup_stm32f407xx.o(.text)
    DMA1_Stream1_IRQHandler                  0x0800028f   Thumb Code     0  startup_stm32f407xx.o(.text)
    DMA1_Stream2_IRQHandler                  0x0800028f   Thumb Code     0  startup_stm32f407xx.o(.text)
    DMA1_Stream3_IRQHandler                  0x0800028f   Thumb Code     0  startup_stm32f407xx.o(.text)
    DMA1_Stream4_IRQHandler                  0x0800028f   Thumb Code     0  startup_stm32f407xx.o(.text)
    DMA1_Stream5_IRQHandler                  0x0800028f   Thumb Code     0  startup_stm32f407xx.o(.text)
    DMA1_Stream6_IRQHandler                  0x0800028f   Thumb Code     0  startup_stm32f407xx.o(.text)
    DMA1_Stream7_IRQHandler                  0x0800028f   Thumb Code     0  startup_stm32f407xx.o(.text)
    DMA2_Stream0_IRQHandler                  0x0800028f   Thumb Code     0  startup_stm32f407xx.o(.text)
    DMA2_Stream1_IRQHandler                  0x0800028f   Thumb Code     0  startup_stm32f407xx.o(.text)
    DMA2_Stream2_IRQHandler                  0x0800028f   Thumb Code     0  startup_stm32f407xx.o(.text)
    DMA2_Stream3_IRQHandler                  0x0800028f   Thumb Code     0  startup_stm32f407xx.o(.text)
    DMA2_Stream4_IRQHandler                  0x0800028f   Thumb Code     0  startup_stm32f407xx.o(.text)
    DMA2_Stream5_IRQHandler                  0x0800028f   Thumb Code     0  startup_stm32f407xx.o(.text)
    DMA2_Stream6_IRQHandler                  0x0800028f   Thumb Code     0  startup_stm32f407xx.o(.text)
    DMA2_Stream7_IRQHandler                  0x0800028f   Thumb Code     0  startup_stm32f407xx.o(.text)
    ETH_IRQHandler                           0x0800028f   Thumb Code     0  startup_stm32f407xx.o(.text)
    ETH_WKUP_IRQHandler                      0x0800028f   Thumb Code     0  startup_stm32f407xx.o(.text)
    EXTI0_IRQHandler                         0x0800028f   Thumb Code     0  startup_stm32f407xx.o(.text)
    EXTI15_10_IRQHandler                     0x0800028f   Thumb Code     0  startup_stm32f407xx.o(.text)
    EXTI1_IRQHandler                         0x0800028f   Thumb Code     0  startup_stm32f407xx.o(.text)
    EXTI2_IRQHandler                         0x0800028f   Thumb Code     0  startup_stm32f407xx.o(.text)
    EXTI3_IRQHandler                         0x0800028f   Thumb Code     0  startup_stm32f407xx.o(.text)
    EXTI4_IRQHandler                         0x0800028f   Thumb Code     0  startup_stm32f407xx.o(.text)
    EXTI9_5_IRQHandler                       0x0800028f   Thumb Code     0  startup_stm32f407xx.o(.text)
    FLASH_IRQHandler                         0x0800028f   Thumb Code     0  startup_stm32f407xx.o(.text)
    FMC_IRQHandler                           0x0800028f   Thumb Code     0  startup_stm32f407xx.o(.text)
    FPU_IRQHandler                           0x0800028f   Thumb Code     0  startup_stm32f407xx.o(.text)
    HASH_RNG_IRQHandler                      0x0800028f   Thumb Code     0  startup_stm32f407xx.o(.text)
    I2C1_ER_IRQHandler                       0x0800028f   Thumb Code     0  startup_stm32f407xx.o(.text)
    I2C1_EV_IRQHandler                       0x0800028f   Thumb Code     0  startup_stm32f407xx.o(.text)
    I2C2_ER_IRQHandler                       0x0800028f   Thumb Code     0  startup_stm32f407xx.o(.text)
    I2C2_EV_IRQHandler                       0x0800028f   Thumb Code     0  startup_stm32f407xx.o(.text)
    I2C3_ER_IRQHandler                       0x0800028f   Thumb Code     0  startup_stm32f407xx.o(.text)
    I2C3_EV_IRQHandler                       0x0800028f   Thumb Code     0  startup_stm32f407xx.o(.text)
    OTG_FS_IRQHandler                        0x0800028f   Thumb Code     0  startup_stm32f407xx.o(.text)
    OTG_FS_WKUP_IRQHandler                   0x0800028f   Thumb Code     0  startup_stm32f407xx.o(.text)
    OTG_HS_EP1_IN_IRQHandler                 0x0800028f   Thumb Code     0  startup_stm32f407xx.o(.text)
    OTG_HS_EP1_OUT_IRQHandler                0x0800028f   Thumb Code     0  startup_stm32f407xx.o(.text)
    OTG_HS_IRQHandler                        0x0800028f   Thumb Code     0  startup_stm32f407xx.o(.text)
    OTG_HS_WKUP_IRQHandler                   0x0800028f   Thumb Code     0  startup_stm32f407xx.o(.text)
    PVD_IRQHandler                           0x0800028f   Thumb Code     0  startup_stm32f407xx.o(.text)
    RCC_IRQHandler                           0x0800028f   Thumb Code     0  startup_stm32f407xx.o(.text)
    RTC_Alarm_IRQHandler                     0x0800028f   Thumb Code     0  startup_stm32f407xx.o(.text)
    RTC_WKUP_IRQHandler                      0x0800028f   Thumb Code     0  startup_stm32f407xx.o(.text)
    SDIO_IRQHandler                          0x0800028f   Thumb Code     0  startup_stm32f407xx.o(.text)
    SPI1_IRQHandler                          0x0800028f   Thumb Code     0  startup_stm32f407xx.o(.text)
    SPI2_IRQHandler                          0x0800028f   Thumb Code     0  startup_stm32f407xx.o(.text)
    SPI3_IRQHandler                          0x0800028f   Thumb Code     0  startup_stm32f407xx.o(.text)
    TAMP_STAMP_IRQHandler                    0x0800028f   Thumb Code     0  startup_stm32f407xx.o(.text)
    TIM1_BRK_TIM9_IRQHandler                 0x0800028f   Thumb Code     0  startup_stm32f407xx.o(.text)
    TIM1_CC_IRQHandler                       0x0800028f   Thumb Code     0  startup_stm32f407xx.o(.text)
    TIM1_TRG_COM_TIM11_IRQHandler            0x0800028f   Thumb Code     0  startup_stm32f407xx.o(.text)
    TIM1_UP_TIM10_IRQHandler                 0x0800028f   Thumb Code     0  startup_stm32f407xx.o(.text)
    TIM2_IRQHandler                          0x0800028f   Thumb Code     0  startup_stm32f407xx.o(.text)
    TIM3_IRQHandler                          0x0800028f   Thumb Code     0  startup_stm32f407xx.o(.text)
    TIM4_IRQHandler                          0x0800028f   Thumb Code     0  startup_stm32f407xx.o(.text)
    TIM5_IRQHandler                          0x0800028f   Thumb Code     0  startup_stm32f407xx.o(.text)
    TIM6_DAC_IRQHandler                      0x0800028f   Thumb Code     0  startup_stm32f407xx.o(.text)
    TIM7_IRQHandler                          0x0800028f   Thumb Code     0  startup_stm32f407xx.o(.text)
    TIM8_BRK_TIM12_IRQHandler                0x0800028f   Thumb Code     0  startup_stm32f407xx.o(.text)
    TIM8_CC_IRQHandler                       0x0800028f   Thumb Code     0  startup_stm32f407xx.o(.text)
    TIM8_TRG_COM_TIM14_IRQHandler            0x0800028f   Thumb Code     0  startup_stm32f407xx.o(.text)
    TIM8_UP_TIM13_IRQHandler                 0x0800028f   Thumb Code     0  startup_stm32f407xx.o(.text)
    UART5_IRQHandler                         0x0800028f   Thumb Code     0  startup_stm32f407xx.o(.text)
    USART2_IRQHandler                        0x0800028f   Thumb Code     0  startup_stm32f407xx.o(.text)
    USART3_IRQHandler                        0x0800028f   Thumb Code     0  startup_stm32f407xx.o(.text)
    USART6_IRQHandler                        0x0800028f   Thumb Code     0  startup_stm32f407xx.o(.text)
    WWDG_IRQHandler                          0x0800028f   Thumb Code     0  startup_stm32f407xx.o(.text)
    __user_initial_stackheap                 0x08000291   Thumb Code     0  startup_stm32f407xx.o(.text)
    __aeabi_uldivmod                         0x080002b5   Thumb Code     0  lludivv7m.o(.text)
    _ll_udiv                                 0x080002b5   Thumb Code   240  lludivv7m.o(.text)
    __2snprintf                              0x080003a5   Thumb Code    58  __2snprintf.o(.text)
    _printf_pre_padding                      0x080003e5   Thumb Code    44  _printf_pad.o(.text)
    _printf_post_padding                     0x08000411   Thumb Code    34  _printf_pad.o(.text)
    _printf_str                              0x08000433   Thumb Code    82  _printf_str.o(.text)
    _printf_int_dec                          0x08000485   Thumb Code   104  _printf_dec.o(.text)
    _printf_int_hex                          0x080004fd   Thumb Code    84  _printf_hex_int.o(.text)
    _printf_longlong_hex                     0x080004fd   Thumb Code     0  _printf_hex_int.o(.text)
    __printf                                 0x08000555   Thumb Code   388  __printf_flags_ss_wp.o(.text)
    strstr                                   0x080006dd   Thumb Code    36  strstr.o(.text)
    memcmp                                   0x08000701   Thumb Code    88  memcmp.o(.text)
    strlen                                   0x08000759   Thumb Code    62  strlen.o(.text)
    __aeabi_memcpy4                          0x08000797   Thumb Code     0  rt_memcpy_w.o(.text)
    __aeabi_memcpy8                          0x08000797   Thumb Code     0  rt_memcpy_w.o(.text)
    __rt_memcpy_w                            0x08000797   Thumb Code   100  rt_memcpy_w.o(.text)
    _memcpy_lastbytes_aligned                0x080007df   Thumb Code     0  rt_memcpy_w.o(.text)
    __aeabi_memset4                          0x080007fb   Thumb Code    16  aeabi_memset4.o(.text)
    __aeabi_memset8                          0x080007fb   Thumb Code     0  aeabi_memset4.o(.text)
    __aeabi_memclr4                          0x0800080b   Thumb Code     0  rt_memclr_w.o(.text)
    __aeabi_memclr8                          0x0800080b   Thumb Code     0  rt_memclr_w.o(.text)
    __rt_memclr_w                            0x0800080b   Thumb Code     0  rt_memclr_w.o(.text)
    _memset_w                                0x0800080f   Thumb Code    74  rt_memclr_w.o(.text)
    __use_two_region_memory                  0x08000859   Thumb Code     2  heapauxi.o(.text)
    __rt_heap_escrow$2region                 0x0800085b   Thumb Code     2  heapauxi.o(.text)
    __rt_heap_expand$2region                 0x0800085d   Thumb Code     2  heapauxi.o(.text)
    __read_errno                             0x0800085f   Thumb Code    10  _rserrno.o(.text)
    __set_errno                              0x08000869   Thumb Code    12  _rserrno.o(.text)
    _printf_int_common                       0x08000875   Thumb Code   178  _printf_intcommon.o(.text)
    _printf_char_common                      0x08000933   Thumb Code    32  _printf_char_common.o(.text)
    _snputc                                  0x08000959   Thumb Code    16  _snputc.o(.text)
    _printf_cs_common                        0x08000969   Thumb Code    20  _printf_char.o(.text)
    _printf_char                             0x0800097d   Thumb Code    16  _printf_char.o(.text)
    _printf_string                           0x0800098d   Thumb Code     8  _printf_char.o(.text)
    __aeabi_errno_addr                       0x08000995   Thumb Code     8  rt_errno_addr_intlibspace.o(.text)
    __errno$intlibspace                      0x08000995   Thumb Code     0  rt_errno_addr_intlibspace.o(.text)
    __rt_errno_addr$intlibspace              0x08000995   Thumb Code     0  rt_errno_addr_intlibspace.o(.text)
    __user_libspace                          0x0800099d   Thumb Code     8  libspace.o(.text)
    __user_perproc_libspace                  0x0800099d   Thumb Code     0  libspace.o(.text)
    __user_perthread_libspace                0x0800099d   Thumb Code     0  libspace.o(.text)
    __user_setup_stackheap                   0x080009a5   Thumb Code    74  sys_stackheap_outer.o(.text)
    exit                                     0x080009ef   Thumb Code    18  exit.o(.text)
    _sys_exit                                0x08000a01   Thumb Code     8  sys_exit.o(.text)
    __I$use$semihosting                      0x08000a0d   Thumb Code     0  use_no_semi.o(.text)
    __use_no_semihosting_swi                 0x08000a0d   Thumb Code     2  use_no_semi.o(.text)
    __semihosting_library_function           0x08000a0f   Thumb Code     0  indicate_semi.o(.text)
    BusFault_Handler                         0x08000a11   Thumb Code     2  stm32f4xx_it.o(.text.BusFault_Handler)
    DebugMon_Handler                         0x08000a15   Thumb Code     2  stm32f4xx_it.o(.text.DebugMon_Handler)
    Error_Handler                            0x08000a19   Thumb Code     6  main.o(.text.Error_Handler)
    FpgaLink_Init                            0x08000a21   Thumb Code   278  fpgalink.o(.text.FpgaLink_Init)
    FpgaLink_Transfer32                      0x08000ca9   Thumb Code   564  fpgalink.o(.text.FpgaLink_Transfer32)
    Fpga_ReadCaptureFrame                    0x08000edd   Thumb Code   936  fpgalink.o(.text.Fpga_ReadCaptureFrame)
    Fpga_ReadCaptureStatus                   0x08001285   Thumb Code   612  fpgalink.o(.text.Fpga_ReadCaptureStatus)
    Fpga_ReadId                              0x080014e9   Thumb Code   624  fpgalink.o(.text.Fpga_ReadId)
    Fpga_StartCapture                        0x08001759   Thumb Code   608  fpgalink.o(.text.Fpga_StartCapture)
    GHardwareRandom_Disable                  0x080019b9   Thumb Code    48  ghardwarerandom.o(.text.GHardwareRandom_Disable)
    GHardwareRandom_Enable                   0x080019e9   Thumb Code    48  ghardwarerandom.o(.text.GHardwareRandom_Enable)
    GHardwareRandom_GetFloatBelow            0x08001a19   Thumb Code   108  ghardwarerandom.o(.text.GHardwareRandom_GetFloatBelow)
    GMeasurementCalibration_Get              0x08001a89   Thumb Code    10  gmeasurementcalibration.o(.text.GMeasurementCalibration_Get)
    GMeasurement_BuildWaveform               0x08001a95   Thumb Code  2056  gmeasurement.o(.text.GMeasurement_BuildWaveform)
    GMeasurement_Convert                     0x080022a9   Thumb Code  2472  gmeasurement.o(.text.GMeasurement_Convert)
    GMeasurement_QuantizeHalfMv              0x0800319d   Thumb Code   988  gmeasurement.o(.text.GMeasurement_QuantizeHalfMv)
    GSerial_Init                             0x08003f85   Thumb Code    50  gserial.o(.text.GSerial_Init)
    GSerial_ReadByte                         0x08003fb9   Thumb Code    66  gserial.o(.text.GSerial_ReadByte)
    GSerial_Transmit                         0x08003ffd   Thumb Code    46  gserial.o(.text.GSerial_Transmit)
    GSignalFlow_Init                         0x08005339   Thumb Code   356  gsignalflow.o(.text.GSignalFlow_Init)
    GSignalFlow_Process                      0x08005509   Thumb Code  2632  gsignalflow.o(.text.GSignalFlow_Process)
    HAL_DMA_Abort                            0x08008279   Thumb Code   142  stm32f4xx_hal_dma.o(.text.HAL_DMA_Abort)
    HAL_DMA_Abort_IT                         0x08008309   Thumb Code    36  stm32f4xx_hal_dma.o(.text.HAL_DMA_Abort_IT)
    HAL_Delay                                0x0800832d   Thumb Code    40  stm32f4xx_hal.o(.text.HAL_Delay)
    HAL_GPIO_Init                            0x08008355   Thumb Code   414  stm32f4xx_hal_gpio.o(.text.HAL_GPIO_Init)
    HAL_GPIO_WritePin                        0x080084f5   Thumb Code    10  stm32f4xx_hal_gpio.o(.text.HAL_GPIO_WritePin)
    HAL_GetTick                              0x08008501   Thumb Code    12  stm32f4xx_hal.o(.text.HAL_GetTick)
    HAL_IncTick                              0x0800850d   Thumb Code    26  stm32f4xx_hal.o(.text.HAL_IncTick)
    HAL_Init                                 0x08008529   Thumb Code    54  stm32f4xx_hal.o(.text.HAL_Init)
    HAL_InitTick                             0x08008561   Thumb Code    72  stm32f4xx_hal.o(.text.HAL_InitTick)
    HAL_MspInit                              0x080085a9   Thumb Code    56  stm32f4xx_hal_msp.o(.text.HAL_MspInit)
    HAL_NVIC_EnableIRQ                       0x080085e1   Thumb Code    34  stm32f4xx_hal_cortex.o(.text.HAL_NVIC_EnableIRQ)
    HAL_NVIC_SetPriority                     0x08008605   Thumb Code    86  stm32f4xx_hal_cortex.o(.text.HAL_NVIC_SetPriority)
    HAL_NVIC_SetPriorityGrouping             0x0800865d   Thumb Code    32  stm32f4xx_hal_cortex.o(.text.HAL_NVIC_SetPriorityGrouping)
    HAL_RCC_ClockConfig                      0x0800867d   Thumb Code   356  stm32f4xx_hal_rcc.o(.text.HAL_RCC_ClockConfig)
    HAL_RCC_GetPCLK1Freq                     0x080087e1   Thumb Code    38  stm32f4xx_hal_rcc.o(.text.HAL_RCC_GetPCLK1Freq)
    HAL_RCC_GetPCLK2Freq                     0x08008809   Thumb Code    38  stm32f4xx_hal_rcc.o(.text.HAL_RCC_GetPCLK2Freq)
    HAL_RCC_GetSysClockFreq                  0x08008831   Thumb Code   110  stm32f4xx_hal_rcc.o(.text.HAL_RCC_GetSysClockFreq)
    HAL_RCC_OscConfig                        0x080088a1   Thumb Code   940  stm32f4xx_hal_rcc.o(.text.HAL_RCC_OscConfig)
    HAL_SPI_Abort                            0x08008c4d   Thumb Code   480  stm32f4xx_hal_spi.o(.text.HAL_SPI_Abort)
    HAL_SPI_Init                             0x08008e2d   Thumb Code   176  stm32f4xx_hal_spi.o(.text.HAL_SPI_Init)
    HAL_SPI_MspInit                          0x08008edd   Thumb Code   116  spi.o(.text.HAL_SPI_MspInit)
    HAL_SPI_TransmitReceive                  0x08008f51   Thumb Code   832  stm32f4xx_hal_spi.o(.text.HAL_SPI_TransmitReceive)
    HAL_SYSTICK_Config                       0x08009291   Thumb Code    44  stm32f4xx_hal_cortex.o(.text.HAL_SYSTICK_Config)
    HAL_UARTEx_RxEventCallback               0x080092bd   Thumb Code     2  stm32f4xx_hal_uart.o(.text.HAL_UARTEx_RxEventCallback)
    HAL_UART_ErrorCallback                   0x080092c1   Thumb Code    60  gserial.o(.text.HAL_UART_ErrorCallback)
    HAL_UART_IRQHandler                      0x080092fd   Thumb Code  1428  stm32f4xx_hal_uart.o(.text.HAL_UART_IRQHandler)
    HAL_UART_Init                            0x08009891   Thumb Code    96  stm32f4xx_hal_uart.o(.text.HAL_UART_Init)
    HAL_UART_MspInit                         0x080098f1   Thumb Code   134  usart.o(.text.HAL_UART_MspInit)
    HAL_UART_Receive_IT                      0x08009979   Thumb Code    84  stm32f4xx_hal_uart.o(.text.HAL_UART_Receive_IT)
    HAL_UART_RxCpltCallback                  0x080099cd   Thumb Code    92  gserial.o(.text.HAL_UART_RxCpltCallback)
    HAL_UART_Transmit                        0x08009a29   Thumb Code   402  stm32f4xx_hal_uart.o(.text.HAL_UART_Transmit)
    HAL_UART_TxCpltCallback                  0x08009bbd   Thumb Code     2  stm32f4xx_hal_uart.o(.text.HAL_UART_TxCpltCallback)
    HardFault_Handler                        0x08009bc1   Thumb Code     2  stm32f4xx_it.o(.text.HardFault_Handler)
    MX_GPIO_Init                             0x08009bc5   Thumb Code    86  gpio.o(.text.MX_GPIO_Init)
    MX_SPI1_Init                             0x08009c1d   Thumb Code    74  spi.o(.text.MX_SPI1_Init)
    MX_USART1_UART_Init                      0x08009c69   Thumb Code    60  usart.o(.text.MX_USART1_UART_Init)
    MemManage_Handler                        0x08009ca5   Thumb Code     2  stm32f4xx_it.o(.text.MemManage_Handler)
    NMI_Handler                              0x08009ca9   Thumb Code     2  stm32f4xx_it.o(.text.NMI_Handler)
    PendSV_Handler                           0x08009cad   Thumb Code     2  stm32f4xx_it.o(.text.PendSV_Handler)
    SVC_Handler                              0x08009e85   Thumb Code     2  stm32f4xx_it.o(.text.SVC_Handler)
    SpectrumAnalyzer_Run                     0x08009e89   Thumb Code 11332  spectrumanalyzer.o(.text.SpectrumAnalyzer_Run)
    SysTick_Handler                          0x0800cadd   Thumb Code     4  stm32f4xx_it.o(.text.SysTick_Handler)
    SystemClock_Config                       0x0800cae1   Thumb Code   168  main.o(.text.SystemClock_Config)
    SystemInit                               0x0800cb89   Thumb Code    18  system_stm32f4xx.o(.text.SystemInit)
    TjcHmi_GetComponentWidth                 0x0800cb9d   Thumb Code   792  tjc_usart_hmi.o(.text.TjcHmi_GetComponentWidth)
    TjcHmi_Init                              0x0800cec5   Thumb Code   284  tjc_usart_hmi.o(.text.TjcHmi_Init)
    TjcHmi_ReadEvent                         0x0800cfed   Thumb Code   784  tjc_usart_hmi.o(.text.TjcHmi_ReadEvent)
    TjcHmi_SetComputeBusy                    0x0800d35d   Thumb Code    28  tjc_usart_hmi.o(.text.TjcHmi_SetComputeBusy)
    TjcHmi_SetQuantizationEnabled            0x0800d379   Thumb Code    26  tjc_usart_hmi.o(.text.TjcHmi_SetQuantizationEnabled)
    TjcHmi_SetStatusText                     0x0800d395   Thumb Code   248  tjc_usart_hmi.o(.text.TjcHmi_SetStatusText)
    UART4_IRQHandler                         0x0800d64d   Thumb Code    98  tjc_usart_hmi.o(.text.UART4_IRQHandler)
    USART1_IRQHandler                        0x0800d8a5   Thumb Code    12  stm32f4xx_it.o(.text.USART1_IRQHandler)
    UsageFault_Handler                       0x0800d8b1   Thumb Code     2  stm32f4xx_it.o(.text.UsageFault_Handler)
    arm_bitreversal_32                       0x0800d8b5   Thumb Code   340  arm_bitreversal2.o(.text.arm_bitreversal_32)
    arm_cfft_f32                             0x0800da09   Thumb Code   506  arm_cfft_f32.o(.text.arm_cfft_f32)
    arm_cfft_init_f32                        0x0800dc05   Thumb Code   194  arm_cfft_init_f32.o(.text.arm_cfft_init_f32)
    arm_cfft_radix8by2_f32                   0x0800dcc9   Thumb Code   410  arm_cfft_f32.o(.text.arm_cfft_radix8by2_f32)
    arm_cfft_radix8by4_f32                   0x0800de65   Thumb Code  1252  arm_cfft_f32.o(.text.arm_cfft_radix8by4_f32)
    arm_radix8_butterfly_f32                 0x0800e349   Thumb Code  1376  arm_cfft_radix8_f32.o(.text.arm_radix8_butterfly_f32)
    arm_rfft_fast_f32                        0x0800ea7d   Thumb Code  1670  arm_rfft_fast_f32.o(.text.arm_rfft_fast_f32)
    arm_rfft_fast_init_f32                   0x0800f105   Thumb Code   154  arm_rfft_fast_init_f32.o(.text.arm_rfft_fast_init_f32)
    main                                     0x0800f1a1   Thumb Code    34  main.o(.text.main)
    tjc_clear_wave                           0x0800f1c5   Thumb Code   128  tjc_usart_hmi.o(.text.tjc_clear_wave)
    tjc_send_string                          0x0800f245   Thumb Code    72  tjc_usart_hmi.o(.text.tjc_send_string)
    tjc_send_txt                             0x0800f28d   Thumb Code   136  tjc_usart_hmi.o(.text.tjc_send_txt)
    tjc_send_wave                            0x0800f315   Thumb Code   192  tjc_usart_hmi.o(.text.tjc_send_wave)
    __ARM_fpclassifyf                        0x0800f3e5   Thumb Code    38  fpclassifyf.o(i.__ARM_fpclassifyf)
    __hardfp_atan2f                          0x0800f40d   Thumb Code   594  atan2f.o(i.__hardfp_atan2f)
    __hardfp_cosf                            0x0800f6b9   Thumb Code   280  cosf.o(i.__hardfp_cosf)
    __hardfp_floorf                          0x0800f809   Thumb Code    98  floorf.o(i.__hardfp_floorf)
    __hardfp_logf                            0x0800f879   Thumb Code   320  logf.o(i.__hardfp_logf)
    __mathlib_logf                           0x0800f879   Thumb Code     0  logf.o(i.__hardfp_logf)
    __hardfp_roundf                          0x0800f9e5   Thumb Code   154  roundf.o(i.__hardfp_roundf)
    __hardfp_sinf                            0x0800fa81   Thumb Code   344  sinf.o(i.__hardfp_sinf)
    __mathlib_flt_divzero                    0x0800fc11   Thumb Code    14  funder.o(i.__mathlib_flt_divzero)
    __mathlib_flt_infnan                     0x0800fc25   Thumb Code     6  funder.o(i.__mathlib_flt_infnan)
    __mathlib_flt_infnan2                    0x0800fc2b   Thumb Code     6  funder.o(i.__mathlib_flt_infnan2)
    __mathlib_flt_invalid                    0x0800fc31   Thumb Code    10  funder.o(i.__mathlib_flt_invalid)
    __mathlib_flt_underflow                  0x0800fc41   Thumb Code    10  funder.o(i.__mathlib_flt_underflow)
    __mathlib_rredf2                         0x0800fc51   Thumb Code   316  rredf.o(i.__mathlib_rredf2)
    _is_digit                                0x0800fda5   Thumb Code    14  __printf_wp.o(i._is_digit)
    __fpl_fnaninf                            0x0800fdb3   Thumb Code   140  fnaninf.o(x$fpl$fnaninf)
    _fp_init                                 0x0800fe3f   Thumb Code    26  fpinit.o(x$fpl$fpinit)
    __fplib_config_fpu_vfp                   0x0800fe57   Thumb Code     0  fpinit.o(x$fpl$fpinit)
    __fplib_config_pureend_doubles           0x0800fe57   Thumb Code     0  fpinit.o(x$fpl$fpinit)
    _frnd                                    0x0800fe59   Thumb Code    96  frnd.o(x$fpl$frnd)
    __I$use$fp                               0x0800feb8   Number         0  usenofp.o(x$fpl$usenofp)
    AHBPrescTable                            0x0800ff54   Data          16  system_stm32f4xx.o(.rodata.AHBPrescTable)
    APBPrescTable                            0x0800ff64   Data           8  system_stm32f4xx.o(.rodata.APBPrescTable)
    armBitRevIndexTable1024                  0x0800ff70   Data        3600  arm_common_tables.o(.rodata.armBitRevIndexTable1024)
    armBitRevIndexTable128                   0x08010d80   Data         416  arm_common_tables.o(.rodata.armBitRevIndexTable128)
    armBitRevIndexTable16                    0x08010f20   Data          40  arm_common_tables.o(.rodata.armBitRevIndexTable16)
    armBitRevIndexTable2048                  0x08010f48   Data        7616  arm_common_tables.o(.rodata.armBitRevIndexTable2048)
    armBitRevIndexTable256                   0x08012d08   Data         880  arm_common_tables.o(.rodata.armBitRevIndexTable256)
    armBitRevIndexTable32                    0x08013078   Data          96  arm_common_tables.o(.rodata.armBitRevIndexTable32)
    armBitRevIndexTable4096                  0x080130d8   Data        8064  arm_common_tables.o(.rodata.armBitRevIndexTable4096)
    armBitRevIndexTable512                   0x08015058   Data         896  arm_common_tables.o(.rodata.armBitRevIndexTable512)
    armBitRevIndexTable64                    0x080153d8   Data         112  arm_common_tables.o(.rodata.armBitRevIndexTable64)
    arm_cfft_sR_f32_len1024                  0x08015448   Data          16  arm_const_structs.o(.rodata.arm_cfft_sR_f32_len1024)
    arm_cfft_sR_f32_len128                   0x08015458   Data          16  arm_const_structs.o(.rodata.arm_cfft_sR_f32_len128)
    arm_cfft_sR_f32_len16                    0x08015468   Data          16  arm_const_structs.o(.rodata.arm_cfft_sR_f32_len16)
    arm_cfft_sR_f32_len2048                  0x08015478   Data          16  arm_const_structs.o(.rodata.arm_cfft_sR_f32_len2048)
    arm_cfft_sR_f32_len256                   0x08015488   Data          16  arm_const_structs.o(.rodata.arm_cfft_sR_f32_len256)
    arm_cfft_sR_f32_len32                    0x08015498   Data          16  arm_const_structs.o(.rodata.arm_cfft_sR_f32_len32)
    arm_cfft_sR_f32_len4096                  0x080154a8   Data          16  arm_const_structs.o(.rodata.arm_cfft_sR_f32_len4096)
    arm_cfft_sR_f32_len512                   0x080154b8   Data          16  arm_const_structs.o(.rodata.arm_cfft_sR_f32_len512)
    arm_cfft_sR_f32_len64                    0x080154c8   Data          16  arm_const_structs.o(.rodata.arm_cfft_sR_f32_len64)
    twiddleCoef_1024                         0x08016b48   Data        8192  arm_common_tables.o(.rodata.twiddleCoef_1024)
    twiddleCoef_128                          0x08018b48   Data        1024  arm_common_tables.o(.rodata.twiddleCoef_128)
    twiddleCoef_16                           0x08018f48   Data         128  arm_common_tables.o(.rodata.twiddleCoef_16)
    twiddleCoef_2048                         0x08018fc8   Data       16384  arm_common_tables.o(.rodata.twiddleCoef_2048)
    twiddleCoef_256                          0x0801cfc8   Data        2048  arm_common_tables.o(.rodata.twiddleCoef_256)
    twiddleCoef_32                           0x0801d7c8   Data         256  arm_common_tables.o(.rodata.twiddleCoef_32)
    twiddleCoef_4096                         0x0801d8c8   Data       32768  arm_common_tables.o(.rodata.twiddleCoef_4096)
    twiddleCoef_512                          0x080258c8   Data        4096  arm_common_tables.o(.rodata.twiddleCoef_512)
    twiddleCoef_64                           0x080268c8   Data         512  arm_common_tables.o(.rodata.twiddleCoef_64)
    twiddleCoef_rfft_1024                    0x08026ac8   Data        4096  arm_common_tables.o(.rodata.twiddleCoef_rfft_1024)
    twiddleCoef_rfft_128                     0x08027ac8   Data         512  arm_common_tables.o(.rodata.twiddleCoef_rfft_128)
    twiddleCoef_rfft_2048                    0x08027cc8   Data        8192  arm_common_tables.o(.rodata.twiddleCoef_rfft_2048)
    twiddleCoef_rfft_256                     0x08029cc8   Data        1024  arm_common_tables.o(.rodata.twiddleCoef_rfft_256)
    twiddleCoef_rfft_32                      0x0802a0c8   Data         128  arm_common_tables.o(.rodata.twiddleCoef_rfft_32)
    twiddleCoef_rfft_4096                    0x0802a148   Data       16384  arm_common_tables.o(.rodata.twiddleCoef_rfft_4096)
    twiddleCoef_rfft_512                     0x0802e148   Data        2048  arm_common_tables.o(.rodata.twiddleCoef_rfft_512)
    twiddleCoef_rfft_64                      0x0802e948   Data         256  arm_common_tables.o(.rodata.twiddleCoef_rfft_64)
    Region$$Table$$Base                      0x0802ea48   Number         0  anon$$obj.o(Region$$Table)
    Region$$Table$$Limit                     0x0802ea68   Number         0  anon$$obj.o(Region$$Table)
    uwTickFreq                               0x20000000   Data           1  stm32f4xx_hal.o(.data..L_MergedGlobals)
    uwTickPrio                               0x20000004   Data           4  stm32f4xx_hal.o(.data..L_MergedGlobals)
    SystemCoreClock                          0x20000008   Data           4  system_stm32f4xx.o(.data.SystemCoreClock)
    __libspace_start                         0x20000010   Data          96  libspace.o(.bss)
    __temporary_stack_top$libspace           0x20000070   Data           0  libspace.o(.bss)
    hspi1                                    0x20000158   Data          88  spi.o(.bss.hspi1)
    huart1                                   0x200001b0   Data          72  usart.o(.bss.huart1)
    str1                                     0x2000f5a4   Data          96  tjc_usart_hmi.o(.bss.str1)
    uwTick                                   0x2000f604   Data           4  stm32f4xx_hal.o(.bss.uwTick)



==============================================================================

Memory Map of the image

  Image Entry point : 0x08000189

  Load Region LR_IROM1 (Base: 0x08000000, Size: 0x0002ea78, Max: 0x00100000, ABSOLUTE)

    Execution Region ER_IROM1 (Exec base: 0x08000000, Load base: 0x08000000, Size: 0x0002ea68, Max: 0x00100000, ABSOLUTE)

    Exec Addr    Load Addr    Size         Type   Attr      Idx    E Section Name        Object

    0x08000000   0x08000000   0x00000188   Data   RO            3    RESET               startup_stm32f407xx.o
    0x08000188   0x08000188   0x00000008   Code   RO         1321  * !!!main             c_w.l(__main.o)
    0x08000190   0x08000190   0x0000005c   Code   RO         1580    !!!scatter          c_w.l(__scatter.o)
    0x080001ec   0x080001ec   0x0000001a   Code   RO         1584    !!handler_copy      c_w.l(__scatter_copy.o)
    0x08000206   0x08000206   0x00000002   PAD
    0x08000208   0x08000208   0x00000002   Code   RO         1581    !!handler_null      c_w.l(__scatter.o)
    0x0800020a   0x0800020a   0x00000002   PAD
    0x0800020c   0x0800020c   0x0000001c   Code   RO         1586    !!handler_zi        c_w.l(__scatter_zi.o)
    0x08000228   0x08000228   0x00000000   Code   RO         1304    .ARM.Collect$$_printf_percent$$00000000  c_w.l(_printf_percent.o)
    0x08000228   0x08000228   0x00000006   Code   RO         1302    .ARM.Collect$$_printf_percent$$00000009  c_w.l(_printf_d.o)
    0x0800022e   0x0800022e   0x00000006   Code   RO         1303    .ARM.Collect$$_printf_percent$$0000000A  c_w.l(_printf_u.o)
    0x08000234   0x08000234   0x00000006   Code   RO         1301    .ARM.Collect$$_printf_percent$$0000000C  c_w.l(_printf_x.o)
    0x0800023a   0x0800023a   0x00000006   Code   RO         1299    .ARM.Collect$$_printf_percent$$00000013  c_w.l(_printf_c.o)
    0x08000240   0x08000240   0x00000006   Code   RO         1300    .ARM.Collect$$_printf_percent$$00000014  c_w.l(_printf_s.o)
    0x08000246   0x08000246   0x00000004   Code   RO         1380    .ARM.Collect$$_printf_percent$$00000017  c_w.l(_printf_percent_end.o)
    0x0800024a   0x0800024a   0x00000002   Code   RO         1445    .ARM.Collect$$libinit$$00000000  c_w.l(libinit.o)
    0x0800024c   0x0800024c   0x00000004   Code   RO         1454    .ARM.Collect$$libinit$$00000001  c_w.l(libinit2.o)
    0x08000250   0x08000250   0x00000000   Code   RO         1457    .ARM.Collect$$libinit$$00000004  c_w.l(libinit2.o)
    0x08000250   0x08000250   0x00000000   Code   RO         1459    .ARM.Collect$$libinit$$00000006  c_w.l(libinit2.o)
    0x08000250   0x08000250   0x00000000   Code   RO         1462    .ARM.Collect$$libinit$$0000000C  c_w.l(libinit2.o)
    0x08000250   0x08000250   0x00000000   Code   RO         1464    .ARM.Collect$$libinit$$0000000E  c_w.l(libinit2.o)
    0x08000250   0x08000250   0x00000000   Code   RO         1466    .ARM.Collect$$libinit$$00000010  c_w.l(libinit2.o)
    0x08000250   0x08000250   0x00000000   Code   RO         1469    .ARM.Collect$$libinit$$00000013  c_w.l(libinit2.o)
    0x08000250   0x08000250   0x00000000   Code   RO         1471    .ARM.Collect$$libinit$$00000015  c_w.l(libinit2.o)
    0x08000250   0x08000250   0x00000000   Code   RO         1473    .ARM.Collect$$libinit$$00000017  c_w.l(libinit2.o)
    0x08000250   0x08000250   0x00000000   Code   RO         1475    .ARM.Collect$$libinit$$00000019  c_w.l(libinit2.o)
    0x08000250   0x08000250   0x00000000   Code   RO         1477    .ARM.Collect$$libinit$$0000001B  c_w.l(libinit2.o)
    0x08000250   0x08000250   0x00000000   Code   RO         1479    .ARM.Collect$$libinit$$0000001D  c_w.l(libinit2.o)
    0x08000250   0x08000250   0x00000000   Code   RO         1481    .ARM.Collect$$libinit$$0000001F  c_w.l(libinit2.o)
    0x08000250   0x08000250   0x00000000   Code   RO         1483    .ARM.Collect$$libinit$$00000021  c_w.l(libinit2.o)
    0x08000250   0x08000250   0x00000000   Code   RO         1485    .ARM.Collect$$libinit$$00000023  c_w.l(libinit2.o)
    0x08000250   0x08000250   0x00000000   Code   RO         1487    .ARM.Collect$$libinit$$00000025  c_w.l(libinit2.o)
    0x08000250   0x08000250   0x00000000   Code   RO         1489    .ARM.Collect$$libinit$$00000027  c_w.l(libinit2.o)
    0x08000250   0x08000250   0x00000000   Code   RO         1493    .ARM.Collect$$libinit$$0000002E  c_w.l(libinit2.o)
    0x08000250   0x08000250   0x00000000   Code   RO         1495    .ARM.Collect$$libinit$$00000030  c_w.l(libinit2.o)
    0x08000250   0x08000250   0x00000000   Code   RO         1497    .ARM.Collect$$libinit$$00000032  c_w.l(libinit2.o)
    0x08000250   0x08000250   0x00000000   Code   RO         1499    .ARM.Collect$$libinit$$00000034  c_w.l(libinit2.o)
    0x08000250   0x08000250   0x00000002   Code   RO         1500    .ARM.Collect$$libinit$$00000035  c_w.l(libinit2.o)
    0x08000252   0x08000252   0x00000002   Code   RO         1535    .ARM.Collect$$libshutdown$$00000000  c_w.l(libshutdown.o)
    0x08000254   0x08000254   0x00000000   Code   RO         1563    .ARM.Collect$$libshutdown$$00000002  c_w.l(libshutdown2.o)
    0x08000254   0x08000254   0x00000000   Code   RO         1565    .ARM.Collect$$libshutdown$$00000004  c_w.l(libshutdown2.o)
    0x08000254   0x08000254   0x00000000   Code   RO         1568    .ARM.Collect$$libshutdown$$00000007  c_w.l(libshutdown2.o)
    0x08000254   0x08000254   0x00000000   Code   RO         1571    .ARM.Collect$$libshutdown$$0000000A  c_w.l(libshutdown2.o)
    0x08000254   0x08000254   0x00000000   Code   RO         1573    .ARM.Collect$$libshutdown$$0000000C  c_w.l(libshutdown2.o)
    0x08000254   0x08000254   0x00000000   Code   RO         1576    .ARM.Collect$$libshutdown$$0000000F  c_w.l(libshutdown2.o)
    0x08000254   0x08000254   0x00000002   Code   RO         1577    .ARM.Collect$$libshutdown$$00000010  c_w.l(libshutdown2.o)
    0x08000256   0x08000256   0x00000000   Code   RO         1365    .ARM.Collect$$rtentry$$00000000  c_w.l(__rtentry.o)
    0x08000256   0x08000256   0x00000000   Code   RO         1404    .ARM.Collect$$rtentry$$00000002  c_w.l(__rtentry2.o)
    0x08000256   0x08000256   0x00000006   Code   RO         1416    .ARM.Collect$$rtentry$$00000004  c_w.l(__rtentry4.o)
    0x0800025c   0x0800025c   0x00000000   Code   RO         1406    .ARM.Collect$$rtentry$$00000009  c_w.l(__rtentry2.o)
    0x0800025c   0x0800025c   0x00000004   Code   RO         1407    .ARM.Collect$$rtentry$$0000000A  c_w.l(__rtentry2.o)
    0x08000260   0x08000260   0x00000000   Code   RO         1409    .ARM.Collect$$rtentry$$0000000C  c_w.l(__rtentry2.o)
    0x08000260   0x08000260   0x00000008   Code   RO         1410    .ARM.Collect$$rtentry$$0000000D  c_w.l(__rtentry2.o)
    0x08000268   0x08000268   0x00000002   Code   RO         1446    .ARM.Collect$$rtexit$$00000000  c_w.l(rtexit.o)
    0x0800026a   0x0800026a   0x00000000   Code   RO         1506    .ARM.Collect$$rtexit$$00000002  c_w.l(rtexit2.o)
    0x0800026a   0x0800026a   0x00000004   Code   RO         1507    .ARM.Collect$$rtexit$$00000003  c_w.l(rtexit2.o)
    0x0800026e   0x0800026e   0x00000006   Code   RO         1508    .ARM.Collect$$rtexit$$00000004  c_w.l(rtexit2.o)
    0x08000274   0x08000274   0x00000040   Code   RO            4    .text               startup_stm32f407xx.o
    0x080002b4   0x080002b4   0x000000f0   Code   RO         1244    .text               c_w.l(lludivv7m.o)
    0x080003a4   0x080003a4   0x00000040   Code   RO         1246    .text               c_w.l(__2snprintf.o)
    0x080003e4   0x080003e4   0x0000004e   Code   RO         1252    .text               c_w.l(_printf_pad.o)
    0x08000432   0x08000432   0x00000052   Code   RO         1254    .text               c_w.l(_printf_str.o)
    0x08000484   0x08000484   0x00000078   Code   RO         1256    .text               c_w.l(_printf_dec.o)
    0x080004fc   0x080004fc   0x00000058   Code   RO         1261    .text               c_w.l(_printf_hex_int.o)
    0x08000554   0x08000554   0x00000188   Code   RO         1296    .text               c_w.l(__printf_flags_ss_wp.o)
    0x080006dc   0x080006dc   0x00000024   Code   RO         1305    .text               c_w.l(strstr.o)
    0x08000700   0x08000700   0x00000058   Code   RO         1307    .text               c_w.l(memcmp.o)
    0x08000758   0x08000758   0x0000003e   Code   RO         1309    .text               c_w.l(strlen.o)
    0x08000796   0x08000796   0x00000064   Code   RO         1311    .text               c_w.l(rt_memcpy_w.o)
    0x080007fa   0x080007fa   0x00000010   Code   RO         1313    .text               c_w.l(aeabi_memset4.o)
    0x0800080a   0x0800080a   0x0000004e   Code   RO         1317    .text               c_w.l(rt_memclr_w.o)
    0x08000858   0x08000858   0x00000006   Code   RO         1319    .text               c_w.l(heapauxi.o)
    0x0800085e   0x0800085e   0x00000016   Code   RO         1370    .text               c_w.l(_rserrno.o)
    0x08000874   0x08000874   0x000000b2   Code   RO         1372    .text               c_w.l(_printf_intcommon.o)
    0x08000926   0x08000926   0x00000002   PAD
    0x08000928   0x08000928   0x00000030   Code   RO         1374    .text               c_w.l(_printf_char_common.o)
    0x08000958   0x08000958   0x00000010   Code   RO         1376    .text               c_w.l(_snputc.o)
    0x08000968   0x08000968   0x0000002c   Code   RO         1378    .text               c_w.l(_printf_char.o)
    0x08000994   0x08000994   0x00000008   Code   RO         1423    .text               c_w.l(rt_errno_addr_intlibspace.o)
    0x0800099c   0x0800099c   0x00000008   Code   RO         1429    .text               c_w.l(libspace.o)
    0x080009a4   0x080009a4   0x0000004a   Code   RO         1432    .text               c_w.l(sys_stackheap_outer.o)
    0x080009ee   0x080009ee   0x00000012   Code   RO         1434    .text               c_w.l(exit.o)
    0x08000a00   0x08000a00   0x0000000c   Code   RO         1501    .text               c_w.l(sys_exit.o)
    0x08000a0c   0x08000a0c   0x00000002   Code   RO         1524    .text               c_w.l(use_no_semi.o)
    0x08000a0e   0x08000a0e   0x00000000   Code   RO         1526    .text               c_w.l(indicate_semi.o)
    0x08000a0e   0x08000a0e   0x00000002   PAD
    0x08000a10   0x08000a10   0x00000002   Code   RO           73    .text.BusFault_Handler  stm32f4xx_it.o
    0x08000a12   0x08000a12   0x00000002   PAD
    0x08000a14   0x08000a14   0x00000002   Code   RO           79    .text.DebugMon_Handler  stm32f4xx_it.o
    0x08000a16   0x08000a16   0x00000002   PAD
    0x08000a18   0x08000a18   0x00000006   Code   RO           15    .text.Error_Handler  main.o
    0x08000a1e   0x08000a1e   0x00000002   PAD
    0x08000a20   0x08000a20   0x00000116   Code   RO          753    .text.FpgaLink_Init  fpgalink.o
    0x08000b36   0x08000b36   0x00000002   PAD
    0x08000b38   0x08000b38   0x0000016e   Code   RO          757    .text.FpgaLink_RecoverBus  fpgalink.o
    0x08000ca6   0x08000ca6   0x00000002   PAD
    0x08000ca8   0x08000ca8   0x00000234   Code   RO          755    .text.FpgaLink_Transfer32  fpgalink.o
    0x08000edc   0x08000edc   0x000003a8   Code   RO          765    .text.Fpga_ReadCaptureFrame  fpgalink.o
    0x08001284   0x08001284   0x00000264   Code   RO          763    .text.Fpga_ReadCaptureStatus  fpgalink.o
    0x080014e8   0x080014e8   0x00000270   Code   RO          759    .text.Fpga_ReadId   fpgalink.o
    0x08001758   0x08001758   0x00000260   Code   RO          761    .text.Fpga_StartCapture  fpgalink.o
    0x080019b8   0x080019b8   0x00000030   Code   RO          837    .text.GHardwareRandom_Disable  ghardwarerandom.o
    0x080019e8   0x080019e8   0x00000030   Code   RO          835    .text.GHardwareRandom_Enable  ghardwarerandom.o
    0x08001a18   0x08001a18   0x00000070   Code   RO          839    .text.GHardwareRandom_GetFloatBelow  ghardwarerandom.o
    0x08001a88   0x08001a88   0x0000000a   Code   RO          884    .text.GMeasurementCalibration_Get  gmeasurementcalibration.o
    0x08001a92   0x08001a92   0x00000002   PAD
    0x08001a94   0x08001a94   0x00000814   Code   RO          870    .text.GMeasurement_BuildWaveform  gmeasurement.o
    0x080022a8   0x080022a8   0x000009b4   Code   RO          866    .text.GMeasurement_Convert  gmeasurement.o
    0x08002c5c   0x08002c5c   0x00000540   Code   RO          868    .text.GMeasurement_GetAmplitudeMv  gmeasurement.o
    0x0800319c   0x0800319c   0x000003ec   Code   RO          872    .text.GMeasurement_QuantizeHalfMv  gmeasurement.o
    0x08003588   0x08003588   0x000009fc   Code   RO          874    .text.GMeasurement_RefineExtremum  gmeasurement.o
    0x08003f84   0x08003f84   0x00000032   Code   RO           25    .text.GSerial_Init  gserial.o
    0x08003fb6   0x08003fb6   0x00000002   PAD
    0x08003fb8   0x08003fb8   0x00000042   Code   RO           29    .text.GSerial_ReadByte  gserial.o
    0x08003ffa   0x08003ffa   0x00000002   PAD
    0x08003ffc   0x08003ffc   0x0000002e   Code   RO           27    .text.GSerial_Transmit  gserial.o
    0x0800402a   0x0800402a   0x00000002   PAD
    0x0800402c   0x0800402c   0x000000d4   Code   RO          784    .text.GSignalFlow_AbortCycle  gsignalflow.o
    0x08004100   0x08004100   0x00000550   Code   RO          808    .text.GSignalFlow_BuildAndDisplayWaveform  gsignalflow.o
    0x08004650   0x08004650   0x00000bde   Code   RO          796    .text.GSignalFlow_FinalizeHfMedian  gsignalflow.o
    0x0800522e   0x0800522e   0x00000002   PAD
    0x08005230   0x08005230   0x00000048   Code   RO          790    .text.GSignalFlow_FinishCycle  gsignalflow.o
    0x08005278   0x08005278   0x000000c0   Code   RO          794    .text.GSignalFlow_HfMedianCompatible  gsignalflow.o
    0x08005338   0x08005338   0x000001d0   Code   RO          776    .text.GSignalFlow_Init  gsignalflow.o
    0x08005508   0x08005508   0x00000aec   Code   RO          780    .text.GSignalFlow_Process  gsignalflow.o
    0x08005ff4   0x08005ff4   0x00000bcc   Code   RO          802    .text.GSignalFlow_SendCalibrationTelemetry  gsignalflow.o
    0x08006bc0   0x08006bc0   0x00000340   Code   RO          800    .text.GSignalFlow_SendMeasurement  gsignalflow.o
    0x08006f00   0x08006f00   0x0000008c   Code   RO          786    .text.GSignalFlow_SendNoSignal  gsignalflow.o
    0x08006f8c   0x08006f8c   0x0000030c   Code   RO          798    .text.GSignalFlow_SendResult  gsignalflow.o
    0x08007298   0x08007298   0x00000024   Code   RO          778    .text.GSignalFlow_SendText  gsignalflow.o
    0x080072bc   0x080072bc   0x000000bc   Code   RO          792    .text.GSignalFlow_ShouldUseHfMedian  gsignalflow.o
    0x08007378   0x08007378   0x000002ac   Code   RO          804    .text.GSignalFlow_UpdateHmiFrequencyMeasurement  gsignalflow.o
    0x08007624   0x08007624   0x0000012a   Code   RO          788    .text.GSignalFlow_UpdateHmiNoSignal  gsignalflow.o
    0x0800774e   0x0800774e   0x00000002   PAD
    0x08007750   0x08007750   0x00000970   Code   RO          782    .text.GSignalFlow_UpdateHmiSpectrum  gsignalflow.o
    0x080080c0   0x080080c0   0x000001b8   Code   RO          806    .text.GSignalFlow_UpdateHmiTimeMeasurement  gsignalflow.o
    0x08008278   0x08008278   0x0000008e   Code   RO          387    .text.HAL_DMA_Abort  stm32f4xx_hal_dma.o
    0x08008306   0x08008306   0x00000002   PAD
    0x08008308   0x08008308   0x00000024   Code   RO          389    .text.HAL_DMA_Abort_IT  stm32f4xx_hal_dma.o
    0x0800832c   0x0800832c   0x00000028   Code   RO          546    .text.HAL_Delay     stm32f4xx_hal.o
    0x08008354   0x08008354   0x0000019e   Code   RO          341    .text.HAL_GPIO_Init  stm32f4xx_hal_gpio.o
    0x080084f2   0x080084f2   0x00000002   PAD
    0x080084f4   0x080084f4   0x0000000a   Code   RO          347    .text.HAL_GPIO_WritePin  stm32f4xx_hal_gpio.o
    0x080084fe   0x080084fe   0x00000002   PAD
    0x08008500   0x08008500   0x0000000c   Code   RO          538    .text.HAL_GetTick   stm32f4xx_hal.o
    0x0800850c   0x0800850c   0x0000001a   Code   RO          536    .text.HAL_IncTick   stm32f4xx_hal.o
    0x08008526   0x08008526   0x00000002   PAD
    0x08008528   0x08008528   0x00000036   Code   RO          526    .text.HAL_Init      stm32f4xx_hal.o
    0x0800855e   0x0800855e   0x00000002   PAD
    0x08008560   0x08008560   0x00000048   Code   RO          528    .text.HAL_InitTick  stm32f4xx_hal.o
    0x080085a8   0x080085a8   0x00000038   Code   RO           94    .text.HAL_MspInit   stm32f4xx_hal_msp.o
    0x080085e0   0x080085e0   0x00000022   Code   RO          478    .text.HAL_NVIC_EnableIRQ  stm32f4xx_hal_cortex.o
    0x08008602   0x08008602   0x00000002   PAD
    0x08008604   0x08008604   0x00000056   Code   RO          476    .text.HAL_NVIC_SetPriority  stm32f4xx_hal_cortex.o
    0x0800865a   0x0800865a   0x00000002   PAD
    0x0800865c   0x0800865c   0x00000020   Code   RO          474    .text.HAL_NVIC_SetPriorityGrouping  stm32f4xx_hal_cortex.o
    0x0800867c   0x0800867c   0x00000164   Code   RO          235    .text.HAL_RCC_ClockConfig  stm32f4xx_hal_rcc.o
    0x080087e0   0x080087e0   0x00000026   Code   RO          247    .text.HAL_RCC_GetPCLK1Freq  stm32f4xx_hal_rcc.o
    0x08008806   0x08008806   0x00000002   PAD
    0x08008808   0x08008808   0x00000026   Code   RO          249    .text.HAL_RCC_GetPCLK2Freq  stm32f4xx_hal_rcc.o
    0x0800882e   0x0800882e   0x00000002   PAD
    0x08008830   0x08008830   0x0000006e   Code   RO          237    .text.HAL_RCC_GetSysClockFreq  stm32f4xx_hal_rcc.o
    0x0800889e   0x0800889e   0x00000002   PAD
    0x080088a0   0x080088a0   0x000003ac   Code   RO          233    .text.HAL_RCC_OscConfig  stm32f4xx_hal_rcc.o
    0x08008c4c   0x08008c4c   0x000001e0   Code   RO          173    .text.HAL_SPI_Abort  stm32f4xx_hal_spi.o
    0x08008e2c   0x08008e2c   0x000000b0   Code   RO          117    .text.HAL_SPI_Init  stm32f4xx_hal_spi.o
    0x08008edc   0x08008edc   0x00000074   Code   RO           54    .text.HAL_SPI_MspInit  spi.o
    0x08008f50   0x08008f50   0x00000340   Code   RO          129    .text.HAL_SPI_TransmitReceive  stm32f4xx_hal_spi.o
    0x08009290   0x08009290   0x0000002c   Code   RO          486    .text.HAL_SYSTICK_Config  stm32f4xx_hal_cortex.o
    0x080092bc   0x080092bc   0x00000002   Code   RO          702    .text.HAL_UARTEx_RxEventCallback  stm32f4xx_hal_uart.o
    0x080092be   0x080092be   0x00000002   PAD
    0x080092c0   0x080092c0   0x0000003c   Code   RO           33    .text.HAL_UART_ErrorCallback  gserial.o
    0x080092fc   0x080092fc   0x00000594   Code   RO          694    .text.HAL_UART_IRQHandler  stm32f4xx_hal_uart.o
    0x08009890   0x08009890   0x00000060   Code   RO          616    .text.HAL_UART_Init  stm32f4xx_hal_uart.o
    0x080098f0   0x080098f0   0x00000086   Code   RO          104    .text.HAL_UART_MspInit  usart.o
    0x08009976   0x08009976   0x00000002   PAD
    0x08009978   0x08009978   0x00000054   Code   RO          638    .text.HAL_UART_Receive_IT  stm32f4xx_hal_uart.o
    0x080099cc   0x080099cc   0x0000005c   Code   RO           31    .text.HAL_UART_RxCpltCallback  gserial.o
    0x08009a28   0x08009a28   0x00000192   Code   RO          632    .text.HAL_UART_Transmit  stm32f4xx_hal_uart.o
    0x08009bba   0x08009bba   0x00000002   PAD
    0x08009bbc   0x08009bbc   0x00000002   Code   RO          704    .text.HAL_UART_TxCpltCallback  stm32f4xx_hal_uart.o
    0x08009bbe   0x08009bbe   0x00000002   PAD
    0x08009bc0   0x08009bc0   0x00000002   Code   RO           69    .text.HardFault_Handler  stm32f4xx_it.o
    0x08009bc2   0x08009bc2   0x00000002   PAD
    0x08009bc4   0x08009bc4   0x00000056   Code   RO           44    .text.MX_GPIO_Init  gpio.o
    0x08009c1a   0x08009c1a   0x00000002   PAD
    0x08009c1c   0x08009c1c   0x0000004a   Code   RO           52    .text.MX_SPI1_Init  spi.o
    0x08009c66   0x08009c66   0x00000002   PAD
    0x08009c68   0x08009c68   0x0000003c   Code   RO          102    .text.MX_USART1_UART_Init  usart.o
    0x08009ca4   0x08009ca4   0x00000002   Code   RO           71    .text.MemManage_Handler  stm32f4xx_it.o
    0x08009ca6   0x08009ca6   0x00000002   PAD
    0x08009ca8   0x08009ca8   0x00000002   Code   RO           67    .text.NMI_Handler   stm32f4xx_it.o
    0x08009caa   0x08009caa   0x00000002   PAD
    0x08009cac   0x08009cac   0x00000002   Code   RO           81    .text.PendSV_Handler  stm32f4xx_it.o
    0x08009cae   0x08009cae   0x00000002   PAD
    0x08009cb0   0x08009cb0   0x00000092   Code   RO          177    .text.SPI_AbortRx_ISR  stm32f4xx_hal_spi.o
    0x08009d42   0x08009d42   0x00000002   PAD
    0x08009d44   0x08009d44   0x0000001a   Code   RO          175    .text.SPI_AbortTx_ISR  stm32f4xx_hal_spi.o
    0x08009d5e   0x08009d5e   0x00000002   PAD
    0x08009d60   0x08009d60   0x00000124   Code   RO          221    .text.SPI_WaitFlagStateUntilTimeout  stm32f4xx_hal_spi.o
    0x08009e84   0x08009e84   0x00000002   Code   RO           77    .text.SVC_Handler   stm32f4xx_it.o
    0x08009e86   0x08009e86   0x00000002   PAD
    0x08009e88   0x08009e88   0x00002c54   Code   RO          850    .text.SpectrumAnalyzer_Run  spectrumanalyzer.o
    0x0800cadc   0x0800cadc   0x00000004   Code   RO           83    .text.SysTick_Handler  stm32f4xx_it.o
    0x0800cae0   0x0800cae0   0x000000a8   Code   RO           13    .text.SystemClock_Config  main.o
    0x0800cb88   0x0800cb88   0x00000012   Code   RO          738    .text.SystemInit    system_stm32f4xx.o
    0x0800cb9a   0x0800cb9a   0x00000002   PAD
    0x0800cb9c   0x0800cb9c   0x00000328   Code   RO          917    .text.TjcHmi_GetComponentWidth  tjc_usart_hmi.o
    0x0800cec4   0x0800cec4   0x00000128   Code   RO          897    .text.TjcHmi_Init   tjc_usart_hmi.o
    0x0800cfec   0x0800cfec   0x00000370   Code   RO          903    .text.TjcHmi_ReadEvent  tjc_usart_hmi.o
    0x0800d35c   0x0800d35c   0x0000001c   Code   RO          909    .text.TjcHmi_SetComputeBusy  tjc_usart_hmi.o
    0x0800d378   0x0800d378   0x0000001a   Code   RO          913    .text.TjcHmi_SetQuantizationEnabled  tjc_usart_hmi.o
    0x0800d392   0x0800d392   0x00000002   PAD
    0x0800d394   0x0800d394   0x0000013c   Code   RO          911    .text.TjcHmi_SetStatusText  tjc_usart_hmi.o
    0x0800d4d0   0x0800d4d0   0x0000017c   Code   RO          945    .text.TjcHmi_WaitTransparentResponse  tjc_usart_hmi.o
    0x0800d64c   0x0800d64c   0x00000062   Code   RO          933    .text.UART4_IRQHandler  tjc_usart_hmi.o
    0x0800d6ae   0x0800d6ae   0x00000002   PAD
    0x0800d6b0   0x0800d6b0   0x0000000a   Code   RO          698    .text.UART_DMAAbortOnError  stm32f4xx_hal_uart.o
    0x0800d6ba   0x0800d6ba   0x00000002   PAD
    0x0800d6bc   0x0800d6bc   0x000000fe   Code   RO          696    .text.UART_Receive_IT  stm32f4xx_hal_uart.o
    0x0800d7ba   0x0800d7ba   0x00000002   PAD
    0x0800d7bc   0x0800d7bc   0x000000e6   Code   RO          620    .text.UART_SetConfig  stm32f4xx_hal_uart.o
    0x0800d8a2   0x0800d8a2   0x00000002   PAD
    0x0800d8a4   0x0800d8a4   0x0000000c   Code   RO           85    .text.USART1_IRQHandler  stm32f4xx_it.o
    0x0800d8b0   0x0800d8b0   0x00000002   Code   RO           75    .text.UsageFault_Handler  stm32f4xx_it.o
    0x0800d8b2   0x0800d8b2   0x00000002   PAD
    0x0800d8b4   0x0800d8b4   0x00000154   Code   RO         1034    .text.arm_bitreversal_32  arm_bitreversal2.o
    0x0800da08   0x0800da08   0x000001fa   Code   RO         1004    .text.arm_cfft_f32  arm_cfft_f32.o
    0x0800dc02   0x0800dc02   0x00000002   PAD
    0x0800dc04   0x0800dc04   0x000000c2   Code   RO         1014    .text.arm_cfft_init_f32  arm_cfft_init_f32.o
    0x0800dcc6   0x0800dcc6   0x00000002   PAD
    0x0800dcc8   0x0800dcc8   0x0000019a   Code   RO         1000    .text.arm_cfft_radix8by2_f32  arm_cfft_f32.o
    0x0800de62   0x0800de62   0x00000002   PAD
    0x0800de64   0x0800de64   0x000004e4   Code   RO         1002    .text.arm_cfft_radix8by4_f32  arm_cfft_f32.o
    0x0800e348   0x0800e348   0x00000560   Code   RO         1023    .text.arm_radix8_butterfly_f32  arm_cfft_radix8_f32.o
    0x0800e8a8   0x0800e8a8   0x0000003a   Code   RO          980    .text.arm_rfft_1024_fast_init_f32  arm_rfft_fast_init_f32.o
    0x0800e8e2   0x0800e8e2   0x00000002   PAD
    0x0800e8e4   0x0800e8e4   0x00000038   Code   RO          986    .text.arm_rfft_128_fast_init_f32  arm_rfft_fast_init_f32.o
    0x0800e91c   0x0800e91c   0x0000003a   Code   RO          978    .text.arm_rfft_2048_fast_init_f32  arm_rfft_fast_init_f32.o
    0x0800e956   0x0800e956   0x00000002   PAD
    0x0800e958   0x0800e958   0x0000003a   Code   RO          984    .text.arm_rfft_256_fast_init_f32  arm_rfft_fast_init_f32.o
    0x0800e992   0x0800e992   0x00000002   PAD
    0x0800e994   0x0800e994   0x00000038   Code   RO          990    .text.arm_rfft_32_fast_init_f32  arm_rfft_fast_init_f32.o
    0x0800e9cc   0x0800e9cc   0x0000003a   Code   RO          976    .text.arm_rfft_4096_fast_init_f32  arm_rfft_fast_init_f32.o
    0x0800ea06   0x0800ea06   0x00000002   PAD
    0x0800ea08   0x0800ea08   0x0000003a   Code   RO          982    .text.arm_rfft_512_fast_init_f32  arm_rfft_fast_init_f32.o
    0x0800ea42   0x0800ea42   0x00000002   PAD
    0x0800ea44   0x0800ea44   0x00000038   Code   RO          988    .text.arm_rfft_64_fast_init_f32  arm_rfft_fast_init_f32.o
    0x0800ea7c   0x0800ea7c   0x00000686   Code   RO          964    .text.arm_rfft_fast_f32  arm_rfft_fast_f32.o
    0x0800f102   0x0800f102   0x00000002   PAD
    0x0800f104   0x0800f104   0x0000009a   Code   RO          974    .text.arm_rfft_fast_init_f32  arm_rfft_fast_init_f32.o
    0x0800f19e   0x0800f19e   0x00000002   PAD
    0x0800f1a0   0x0800f1a0   0x00000022   Code   RO           11    .text.main          main.o
    0x0800f1c2   0x0800f1c2   0x00000002   PAD
    0x0800f1c4   0x0800f1c4   0x00000080   Code   RO          939    .text.tjc_clear_wave  tjc_usart_hmi.o
    0x0800f244   0x0800f244   0x00000048   Code   RO          901    .text.tjc_send_string  tjc_usart_hmi.o
    0x0800f28c   0x0800f28c   0x00000088   Code   RO          915    .text.tjc_send_txt  tjc_usart_hmi.o
    0x0800f314   0x0800f314   0x000000d0   Code   RO          943    .text.tjc_send_wave  tjc_usart_hmi.o
    0x0800f3e4   0x0800f3e4   0x00000026   Code   RO         1384    i.__ARM_fpclassifyf  m_wm.l(fpclassifyf.o)
    0x0800f40a   0x0800f40a   0x00000002   PAD
    0x0800f40c   0x0800f40c   0x000002ac   Code   RO         1323    i.__hardfp_atan2f   m_wm.l(atan2f.o)
    0x0800f6b8   0x0800f6b8   0x00000150   Code   RO         1329    i.__hardfp_cosf     m_wm.l(cosf.o)
    0x0800f808   0x0800f808   0x00000070   Code   RO         1335    i.__hardfp_floorf   m_wm.l(floorf.o)
    0x0800f878   0x0800f878   0x0000016c   Code   RO         1348    i.__hardfp_logf     m_wm.l(logf.o)
    0x0800f9e4   0x0800f9e4   0x0000009a   Code   RO         1361    i.__hardfp_roundf   m_wm.l(roundf.o)
    0x0800fa7e   0x0800fa7e   0x00000002   PAD
    0x0800fa80   0x0800fa80   0x00000190   Code   RO         1355    i.__hardfp_sinf     m_wm.l(sinf.o)
    0x0800fc10   0x0800fc10   0x00000014   Code   RO         1386    i.__mathlib_flt_divzero  m_wm.l(funder.o)
    0x0800fc24   0x0800fc24   0x00000006   Code   RO         1387    i.__mathlib_flt_infnan  m_wm.l(funder.o)
    0x0800fc2a   0x0800fc2a   0x00000006   Code   RO         1388    i.__mathlib_flt_infnan2  m_wm.l(funder.o)
    0x0800fc30   0x0800fc30   0x00000010   Code   RO         1389    i.__mathlib_flt_invalid  m_wm.l(funder.o)
    0x0800fc40   0x0800fc40   0x00000010   Code   RO         1392    i.__mathlib_flt_underflow  m_wm.l(funder.o)
    0x0800fc50   0x0800fc50   0x00000154   Code   RO         1400    i.__mathlib_rredf2  m_wm.l(rredf.o)
    0x0800fda4   0x0800fda4   0x0000000e   Code   RO         1289    i._is_digit         c_w.l(__printf_wp.o)
    0x0800fdb2   0x0800fdb2   0x0000008c   Code   RO         1427    x$fpl$fnaninf       fz_wm.l(fnaninf.o)
    0x0800fe3e   0x0800fe3e   0x0000001a   Code   RO         1518    x$fpl$fpinit        fz_wm.l(fpinit.o)
    0x0800fe58   0x0800fe58   0x00000060   Code   RO         1381    x$fpl$frnd          fz_wm.l(frnd.o)
    0x0800feb8   0x0800feb8   0x00000000   Code   RO         1383    x$fpl$usenofp       fz_wm.l(usenofp.o)
    0x0800feb8   0x0800feb8   0x00000028   Data   RO         1262    .constdata          c_w.l(_printf_hex_int.o)
    0x0800fee0   0x0800fee0   0x00000011   Data   RO         1297    .constdata          c_w.l(__printf_flags_ss_wp.o)
    0x0800fef1   0x0800fef1   0x00000003   PAD
    0x0800fef4   0x0800fef4   0x00000040   Data   RO         1351    .constdata          m_wm.l(logf.o)
    0x0800ff34   0x0800ff34   0x00000020   Data   RO         1401    .constdata          m_wm.l(rredf.o)
    0x0800ff54   0x0800ff54   0x00000010   Data   RO          743    .rodata.AHBPrescTable  system_stm32f4xx.o
    0x0800ff64   0x0800ff64   0x00000008   Data   RO          744    .rodata.APBPrescTable  system_stm32f4xx.o
    0x0800ff6c   0x0800ff6c   0x00000003   Data   RO          950    .rodata.TjcHmi_SendTerminator.terminator  tjc_usart_hmi.o
    0x0800ff6f   0x0800ff6f   0x00000001   PAD
    0x0800ff70   0x0800ff70   0x00000e10   Data   RO         1098    .rodata.armBitRevIndexTable1024  arm_common_tables.o
    0x08010d80   0x08010d80   0x000001a0   Data   RO         1095    .rodata.armBitRevIndexTable128  arm_common_tables.o
    0x08010f20   0x08010f20   0x00000028   Data   RO         1092    .rodata.armBitRevIndexTable16  arm_common_tables.o
    0x08010f48   0x08010f48   0x00001dc0   Data   RO         1099    .rodata.armBitRevIndexTable2048  arm_common_tables.o
    0x08012d08   0x08012d08   0x00000370   Data   RO         1096    .rodata.armBitRevIndexTable256  arm_common_tables.o
    0x08013078   0x08013078   0x00000060   Data   RO         1093    .rodata.armBitRevIndexTable32  arm_common_tables.o
    0x080130d8   0x080130d8   0x00001f80   Data   RO         1100    .rodata.armBitRevIndexTable4096  arm_common_tables.o
    0x08015058   0x08015058   0x00000380   Data   RO         1097    .rodata.armBitRevIndexTable512  arm_common_tables.o
    0x080153d8   0x080153d8   0x00000070   Data   RO         1094    .rodata.armBitRevIndexTable64  arm_common_tables.o
    0x08015448   0x08015448   0x00000010   Data   RO         1183    .rodata.arm_cfft_sR_f32_len1024  arm_const_structs.o
    0x08015458   0x08015458   0x00000010   Data   RO         1180    .rodata.arm_cfft_sR_f32_len128  arm_const_structs.o
    0x08015468   0x08015468   0x00000010   Data   RO         1177    .rodata.arm_cfft_sR_f32_len16  arm_const_structs.o
    0x08015478   0x08015478   0x00000010   Data   RO         1184    .rodata.arm_cfft_sR_f32_len2048  arm_const_structs.o
    0x08015488   0x08015488   0x00000010   Data   RO         1181    .rodata.arm_cfft_sR_f32_len256  arm_const_structs.o
    0x08015498   0x08015498   0x00000010   Data   RO         1178    .rodata.arm_cfft_sR_f32_len32  arm_const_structs.o
    0x080154a8   0x080154a8   0x00000010   Data   RO         1185    .rodata.arm_cfft_sR_f32_len4096  arm_const_structs.o
    0x080154b8   0x080154b8   0x00000010   Data   RO         1182    .rodata.arm_cfft_sR_f32_len512  arm_const_structs.o
    0x080154c8   0x080154c8   0x00000010   Data   RO         1179    .rodata.arm_cfft_sR_f32_len64  arm_const_structs.o
    0x080154d8   0x080154d8   0x00001040   Data   RO          889    .rodata.s_AmplitudeCalibrationRows  gmeasurementcalibration.o
    0x08016518   0x08016518   0x00000020   Data   RO          886    .rodata.s_Calibration  gmeasurementcalibration.o
    0x08016538   0x08016538   0x00000050   Data   RO          887    .rodata.s_CalibrationPoints  gmeasurementcalibration.o
    0x08016588   0x08016588   0x00000038   Data   RO          890    .rodata.s_HarmonicScalePoints  gmeasurementcalibration.o
    0x080165c0   0x080165c0   0x00000190   Data   RO          888    .rodata.s_PhaseCalibrationPoints  gmeasurementcalibration.o
    0x08016750   0x08016750   0x000003d5   Data   RO          824    .rodata.str1.1      gsignalflow.o
    0x08016b25   0x08016b25   0x00000020   Data   RO          947    .rodata.str1.1      tjc_usart_hmi.o
    0x08016b45   0x08016b45   0x00000003   PAD
    0x08016b48   0x08016b48   0x00002000   Data   RO         1062    .rodata.twiddleCoef_1024  arm_common_tables.o
    0x08018b48   0x08018b48   0x00000400   Data   RO         1059    .rodata.twiddleCoef_128  arm_common_tables.o
    0x08018f48   0x08018f48   0x00000080   Data   RO         1056    .rodata.twiddleCoef_16  arm_common_tables.o
    0x08018fc8   0x08018fc8   0x00004000   Data   RO         1063    .rodata.twiddleCoef_2048  arm_common_tables.o
    0x0801cfc8   0x0801cfc8   0x00000800   Data   RO         1060    .rodata.twiddleCoef_256  arm_common_tables.o
    0x0801d7c8   0x0801d7c8   0x00000100   Data   RO         1057    .rodata.twiddleCoef_32  arm_common_tables.o
    0x0801d8c8   0x0801d8c8   0x00008000   Data   RO         1064    .rodata.twiddleCoef_4096  arm_common_tables.o
    0x080258c8   0x080258c8   0x00001000   Data   RO         1061    .rodata.twiddleCoef_512  arm_common_tables.o
    0x080268c8   0x080268c8   0x00000200   Data   RO         1058    .rodata.twiddleCoef_64  arm_common_tables.o
    0x08026ac8   0x08026ac8   0x00001000   Data   RO         1123    .rodata.twiddleCoef_rfft_1024  arm_common_tables.o
    0x08027ac8   0x08027ac8   0x00000200   Data   RO         1120    .rodata.twiddleCoef_rfft_128  arm_common_tables.o
    0x08027cc8   0x08027cc8   0x00002000   Data   RO         1124    .rodata.twiddleCoef_rfft_2048  arm_common_tables.o
    0x08029cc8   0x08029cc8   0x00000400   Data   RO         1121    .rodata.twiddleCoef_rfft_256  arm_common_tables.o
    0x0802a0c8   0x0802a0c8   0x00000080   Data   RO         1118    .rodata.twiddleCoef_rfft_32  arm_common_tables.o
    0x0802a148   0x0802a148   0x00004000   Data   RO         1125    .rodata.twiddleCoef_rfft_4096  arm_common_tables.o
    0x0802e148   0x0802e148   0x00000800   Data   RO         1122    .rodata.twiddleCoef_rfft_512  arm_common_tables.o
    0x0802e948   0x0802e948   0x00000100   Data   RO         1119    .rodata.twiddleCoef_rfft_64  arm_common_tables.o
    0x0802ea48   0x0802ea48   0x00000020   Data   RO         1579    Region$$Table       anon$$obj.o


    Execution Region RW_IRAM1 (Exec base: 0x20000000, Load base: 0x0802ea68, Size: 0x00010808, Max: 0x0001c000, ABSOLUTE)

    Exec Addr    Load Addr    Size         Type   Attr      Idx    E Section Name        Object

    0x20000000   0x0802ea68   0x00000008   Data   RW          581    .data..L_MergedGlobals  stm32f4xx_hal.o
    0x20000008   0x0802ea70   0x00000004   Data   RW          742    .data.SystemCoreClock  system_stm32f4xx.o
    0x2000000c   0x0802ea74   0x00000004   PAD
    0x20000010        -       0x00000060   Zero   RW         1430    .bss                c_w.l(libspace.o)
    0x20000070        -       0x00000014   Zero   RW           35    .bss..L_MergedGlobals  gserial.o
    0x20000084        -       0x0000004c   Zero   RW          826    .bss..L_MergedGlobals  gsignalflow.o
    0x200000d0        -       0x0000001c   Zero   RW          857    .bss..L_MergedGlobals  spectrumanalyzer.o
    0x200000ec        -       0x0000006c   Zero   RW          951    .bss..L_MergedGlobals  tjc_usart_hmi.o
    0x20000158        -       0x00000058   Zero   RW           58    .bss.hspi1          spi.o
    0x200001b0        -       0x00000048   Zero   RW          108    .bss.huart1         usart.o
    0x200001f8        -       0x00002000   Zero   RW          816    .bss.s_CaptureFrame  gsignalflow.o
    0x200021f8        -       0x00000001   Zero   RW          767    .bss.s_CycleCounterReady  fpgalink.o
    0x200021f9   0x0802ea74   0x00000003   PAD
    0x200021fc        -       0x00004000   Zero   RW          855    .bss.s_FftInput     spectrumanalyzer.o
    0x200061fc        -       0x00004000   Zero   RW          856    .bss.s_FftOutput    spectrumanalyzer.o
    0x2000a1fc        -       0x00002000   Zero   RW          854    .bss.s_HannWindowQ15  spectrumanalyzer.o
    0x2000c1fc        -       0x00000001   Zero   RW          841    .bss.s_HardwareRandomEnabled  ghardwarerandom.o
    0x2000c1fd   0x0802ea74   0x00000003   PAD
    0x2000c200        -       0x00000708   Zero   RW          823    .bss.s_HfMedianFrames  gsignalflow.o
    0x2000c908        -       0x00000048   Zero   RW          819    .bss.s_Measurement  gsignalflow.o
    0x2000c950        -       0x00000048   Zero   RW          818    .bss.s_Result       gsignalflow.o
    0x2000c998        -       0x000001fa   Zero   RW          949    .bss.s_RingBuffer   tjc_usart_hmi.o
    0x2000cb92   0x0802ea74   0x00000002   PAD
    0x2000cb94        -       0x00000400   Zero   RW          822    .bss.s_SpectrumDisplay  gsignalflow.o
    0x2000cf94        -       0x00002000   Zero   RW          817    .bss.s_WaveCaptureFrame  gsignalflow.o
    0x2000ef94        -       0x00000400   Zero   RW          821    .bss.s_WaveDisplay  gsignalflow.o
    0x2000f394        -       0x00000210   Zero   RW          820    .bss.s_Waveform     gsignalflow.o
    0x2000f5a4        -       0x00000060   Zero   RW          948    .bss.str1           tjc_usart_hmi.o
    0x2000f604        -       0x00000004   Zero   RW          580    .bss.uwTick         stm32f4xx_hal.o
    0x2000f608        -       0x00000200   Zero   RW            2    HEAP                startup_stm32f407xx.o
    0x2000f808        -       0x00001000   Zero   RW            1    STACK               startup_stm32f407xx.o


    Execution Region RW_IRAM2 (Exec base: 0x2001c000, Load base: 0x0802ea78, Size: 0x00000000, Max: 0x00004000, ABSOLUTE)

    **** No section assigned to this execution region ****


==============================================================================

Image component sizes


      Code (inc. data)   RO Data    RW Data    ZI Data      Debug   Object Name

       340          0          0          0          0       2474   arm_bitreversal2.o
      2168          0          0          0          0       9321   arm_cfft_f32.o
       194          0          0          0          0       1465   arm_cfft_init_f32.o
      1376          4          0          0          0       6275   arm_cfft_radix8_f32.o
         0          0     119768          0          0       6334   arm_common_tables.o
         0          0        144          0          0       4894   arm_const_structs.o
      1670          0          0          0          0      15356   arm_rfft_fast_f32.o
       612          0          0          0          0       4819   arm_rfft_fast_init_f32.o
      3988          0          0          0          1      14200   fpgalink.o
       208          4          0          0          1       2357   ghardwarerandom.o
      9456        140          0          0          0      31176   gmeasurement.o
        10          0       4728          0          0       1826   gmeasurementcalibration.o
        86          0          0          0          0       2024   gpio.o
       314          0          0          0         20       5179   gserial.o
     16968        826        981          0      20980      47367   gsignalflow.o
       208          0          0          0          0       2928   main.o
     11348        120          0          0      40988      35023   spectrumanalyzer.o
       190          0          0          0         88       5048   spi.o
        64         26        392          0       4608        840   startup_stm32f407xx.o
       204          0          0          8          4       7303   stm32f4xx_hal.o
       196          0          0          0          0      10721   stm32f4xx_hal_cortex.o
       178          0          0          0          0      10569   stm32f4xx_hal_dma.o
       424          0          0          0          0       5431   stm32f4xx_hal_gpio.o
        56          0          0          0          0       1450   stm32f4xx_hal_msp.o
      1482          4          0          0          0       7573   stm32f4xx_hal_rcc.o
      1952          0          0          0          0      26226   stm32f4xx_hal_spi.o
      2508          0          0          0          0      32797   stm32f4xx_hal_uart.o
        32          0          0          0          0       4037   stm32f4xx_it.o
        18          0         24          4          0       2592   system_stm32f4xx.o
      3376        208         35          0        710      25311   tjc_usart_hmi.o
       194          0          0          0         72       6935   usart.o

    ----------------------------------------------------------------------
     59924       1332     126108         12      67484     339851   Object Totals
         0          0         32          0          0          0   (incl. Generated)
       104          0          4          0         12          0   (incl. Padding)

    ----------------------------------------------------------------------

      Code (inc. data)   RO Data    RW Data    ZI Data      Debug   Library Member Name

        64          6          0          0          0         84   __2snprintf.o
         8          0          0          0          0         68   __main.o
       392          4         17          0          0         92   __printf_flags_ss_wp.o
        14          0          0          0          0         68   __printf_wp.o
         0          0          0          0          0          0   __rtentry.o
        12          0          0          0          0          0   __rtentry2.o
         6          0          0          0          0          0   __rtentry4.o
        94          8          0          0          0          0   __scatter.o
        26          0          0          0          0          0   __scatter_copy.o
        28          0          0          0          0          0   __scatter_zi.o
         6          0          0          0          0          0   _printf_c.o
        44          0          0          0          0        108   _printf_char.o
        48          6          0          0          0         96   _printf_char_common.o
         6          0          0          0          0          0   _printf_d.o
       120         16          0          0          0         92   _printf_dec.o
        88          4         40          0          0         88   _printf_hex_int.o
       178          0          0          0          0         88   _printf_intcommon.o
        78          0          0          0          0        108   _printf_pad.o
         0          0          0          0          0          0   _printf_percent.o
         4          0          0          0          0          0   _printf_percent_end.o
         6          0          0          0          0          0   _printf_s.o
        82          0          0          0          0         80   _printf_str.o
         6          0          0          0          0          0   _printf_u.o
         6          0          0          0          0          0   _printf_x.o
        22          0          0          0          0        100   _rserrno.o
        16          0          0          0          0         68   _snputc.o
        16          0          0          0          0         68   aeabi_memset4.o
        18          0          0          0          0         80   exit.o
         6          0          0          0          0        152   heapauxi.o
         0          0          0          0          0          0   indicate_semi.o
         2          0          0          0          0          0   libinit.o
         6          0          0          0          0          0   libinit2.o
         2          0          0          0          0          0   libshutdown.o
         2          0          0          0          0          0   libshutdown2.o
         8          4          0          0         96         68   libspace.o
       240          0          0          0          0        100   lludivv7m.o
        88          0          0          0          0         76   memcmp.o
         8          4          0          0          0         68   rt_errno_addr_intlibspace.o
        78          0          0          0          0         80   rt_memclr_w.o
       100          0          0          0          0         80   rt_memcpy_w.o
         2          0          0          0          0          0   rtexit.o
        10          0          0          0          0          0   rtexit2.o
        62          0          0          0          0         76   strlen.o
        36          0          0          0          0         80   strstr.o
        12          4          0          0          0         68   sys_exit.o
        74          0          0          0          0         80   sys_stackheap_outer.o
         2          0          0          0          0         68   use_no_semi.o
       140          4          0          0          0        132   fnaninf.o
        26          0          0          0          0        116   fpinit.o
        96          4          0          0          0        124   frnd.o
         0          0          0          0          0          0   usenofp.o
       684         90          0          0          0        208   atan2f.o
       336         56          0          0          0        136   cosf.o
       112         14          0          0          0        116   floorf.o
        38          0          0          0          0        116   fpclassifyf.o
        64         18          0          0          0        580   funder.o
       364         44         64          0          0        140   logf.o
       154          0          0          0          0        140   roundf.o
       340         24         32          0          0        160   rredf.o
       400         56          0          0          0        212   sinf.o

    ----------------------------------------------------------------------
      4892        366        156          0         96       4464   Library Totals
        12          0          3          0          0          0   (incl. Padding)

    ----------------------------------------------------------------------

      Code (inc. data)   RO Data    RW Data    ZI Data      Debug   Library Name

      2126         56         57          0         96       2284   c_w.l
       262          8          0          0          0        372   fz_wm.l
      2492        302         96          0          0       1808   m_wm.l

    ----------------------------------------------------------------------
      4892        366        156          0         96       4464   Library Totals

    ----------------------------------------------------------------------

==============================================================================


      Code (inc. data)   RO Data    RW Data    ZI Data      Debug   

     64816       1698     126264         12      67580     341247   Grand Totals
     64816       1698     126264         12      67580     341247   ELF Image Totals
     64816       1698     126264         12          0          0   ROM Totals

==============================================================================

    Total RO  Size (Code + RO Data)               191080 ( 186.60kB)
    Total RW  Size (RW Data + ZI Data)             67592 (  66.01kB)
    Total ROM Size (Code + RO Data + RW Data)     191092 ( 186.61kB)

==============================================================================

