Component: Arm Compiler for Embedded 6.23 Tool: armlink [5f102400]

==============================================================================

Section Cross References

    startup_stm32f407xx.o(STACK) refers (Special) to heapauxi.o(.text) for __use_two_region_memory
    startup_stm32f407xx.o(HEAP) refers (Special) to heapauxi.o(.text) for __use_two_region_memory
    startup_stm32f407xx.o(RESET) refers (Special) to heapauxi.o(.text) for __use_two_region_memory
    startup_stm32f407xx.o(RESET) refers to startup_stm32f407xx.o(STACK) for __initial_sp
    startup_stm32f407xx.o(RESET) refers to startup_stm32f407xx.o(.text) for Reset_Handler
    startup_stm32f407xx.o(RESET) refers to stm32f4xx_it.o(.text.NMI_Handler) for NMI_Handler
    startup_stm32f407xx.o(RESET) refers to stm32f4xx_it.o(.text.HardFault_Handler) for HardFault_Handler
    startup_stm32f407xx.o(RESET) refers to stm32f4xx_it.o(.text.MemManage_Handler) for MemManage_Handler
    startup_stm32f407xx.o(RESET) refers to stm32f4xx_it.o(.text.BusFault_Handler) for BusFault_Handler
    startup_stm32f407xx.o(RESET) refers to stm32f4xx_it.o(.text.UsageFault_Handler) for UsageFault_Handler
    startup_stm32f407xx.o(RESET) refers to stm32f4xx_it.o(.text.SVC_Handler) for SVC_Handler
    startup_stm32f407xx.o(RESET) refers to stm32f4xx_it.o(.text.DebugMon_Handler) for DebugMon_Handler
    startup_stm32f407xx.o(RESET) refers to stm32f4xx_it.o(.text.PendSV_Handler) for PendSV_Handler
    startup_stm32f407xx.o(RESET) refers to stm32f4xx_it.o(.text.SysTick_Handler) for SysTick_Handler
    startup_stm32f407xx.o(RESET) refers to stm32f4xx_it.o(.text.USART1_IRQHandler) for USART1_IRQHandler
    startup_stm32f407xx.o(RESET) refers to tjc_usart_hmi.o(.text.UART4_IRQHandler) for UART4_IRQHandler
    startup_stm32f407xx.o(.text) refers (Special) to heapauxi.o(.text) for __use_two_region_memory
    startup_stm32f407xx.o(.text) refers to system_stm32f4xx.o(.text.SystemInit) for SystemInit
    startup_stm32f407xx.o(.text) refers to __main.o(!!!main) for __main
    startup_stm32f407xx.o(.text) refers to startup_stm32f407xx.o(HEAP) for Heap_Mem
    startup_stm32f407xx.o(.text) refers to startup_stm32f407xx.o(STACK) for Stack_Mem
    main.o(.text.main) refers to stm32f4xx_hal.o(.text.HAL_Init) for HAL_Init
    main.o(.text.main) refers to main.o(.text.SystemClock_Config) for SystemClock_Config
    main.o(.text.main) refers to gpio.o(.text.MX_GPIO_Init) for MX_GPIO_Init
    main.o(.text.main) refers to spi.o(.text.MX_SPI1_Init) for MX_SPI1_Init
    main.o(.text.main) refers to usart.o(.text.MX_USART1_UART_Init) for MX_USART1_UART_Init
    main.o(.text.main) refers to gserial.o(.text.GSerial_Init) for GSerial_Init
    main.o(.text.main) refers to gsignalflow.o(.text.GSignalFlow_Init) for GSignalFlow_Init
    main.o(.text.main) refers to gsignalflow.o(.text.GSignalFlow_Process) for GSignalFlow_Process
    main.o(.ARM.exidx.text.main) refers to main.o(.text.main) for [Anonymous Symbol]
    main.o(.text.SystemClock_Config) refers to rt_memclr_w.o(.text) for __aeabi_memclr4
    main.o(.text.SystemClock_Config) refers to stm32f4xx_hal_rcc.o(.text.HAL_RCC_OscConfig) for HAL_RCC_OscConfig
    main.o(.text.SystemClock_Config) refers to stm32f4xx_hal_rcc.o(.text.HAL_RCC_ClockConfig) for HAL_RCC_ClockConfig
    main.o(.ARM.exidx.text.SystemClock_Config) refers to main.o(.text.SystemClock_Config) for [Anonymous Symbol]
    main.o(.ARM.exidx.text.Error_Handler) refers to main.o(.text.Error_Handler) for [Anonymous Symbol]
    gserial.o(.text.GSerial_Init) refers to gserial.o(.bss..L_MergedGlobals) for .L_MergedGlobals
    gserial.o(.text.GSerial_Init) refers to usart.o(.bss.huart1) for huart1
    gserial.o(.text.GSerial_Init) refers to stm32f4xx_hal_uart.o(.text.HAL_UART_Receive_IT) for HAL_UART_Receive_IT
    gserial.o(.ARM.exidx.text.GSerial_Init) refers to gserial.o(.text.GSerial_Init) for [Anonymous Symbol]
    gserial.o(.text.GSerial_Transmit) refers to usart.o(.bss.huart1) for huart1
    gserial.o(.text.GSerial_Transmit) refers to stm32f4xx_hal_uart.o(.text.HAL_UART_Transmit) for HAL_UART_Transmit
    gserial.o(.ARM.exidx.text.GSerial_Transmit) refers to gserial.o(.text.GSerial_Transmit) for [Anonymous Symbol]
    gserial.o(.text.GSerial_ReadByte) refers to gserial.o(.bss..L_MergedGlobals) for .L_MergedGlobals
    gserial.o(.ARM.exidx.text.GSerial_ReadByte) refers to gserial.o(.text.GSerial_ReadByte) for [Anonymous Symbol]
    gserial.o(.text.HAL_UART_RxCpltCallback) refers to usart.o(.bss.huart1) for huart1
    gserial.o(.text.HAL_UART_RxCpltCallback) refers to gserial.o(.bss..L_MergedGlobals) for .L_MergedGlobals
    gserial.o(.text.HAL_UART_RxCpltCallback) refers to stm32f4xx_hal_uart.o(.text.HAL_UART_Receive_IT) for HAL_UART_Receive_IT
    gserial.o(.ARM.exidx.text.HAL_UART_RxCpltCallback) refers to gserial.o(.text.HAL_UART_RxCpltCallback) for [Anonymous Symbol]
    gserial.o(.text.HAL_UART_ErrorCallback) refers to usart.o(.bss.huart1) for huart1
[...]
    .L.str.49                                0x0801168c   Data           8  gsignalflow.o(.rodata.str1.1)
    .L.str.36                                0x08011694   Data           8  gsignalflow.o(.rodata.str1.1)
    .L.str.56                                0x0801169c   Data           6  gsignalflow.o(.rodata.str1.1)
    .L.str.54                                0x080116a2   Data           6  gsignalflow.o(.rodata.str1.1)
    .L.str.7                                 0x080116a8   Data           6  gsignalflow.o(.rodata.str1.1)
    .L.str.5                                 0x080116ae   Data           7  gsignalflow.o(.rodata.str1.1)
    .L.str.14                                0x080116b5   Data           9  gsignalflow.o(.rodata.str1.1)
    .L.str.9                                 0x080116be   Data           9  gsignalflow.o(.rodata.str1.1)
    .L.str.1                                 0x080116c7   Data           7  gsignalflow.o(.rodata.str1.1)
    .L.str.11                                0x080116ce   Data          12  gsignalflow.o(.rodata.str1.1)
    .L.str.12                                0x080116da   Data          11  gsignalflow.o(.rodata.str1.1)
    .L.str.17                                0x080116df   Data           6  gsignalflow.o(.rodata.str1.1)
    .L.str.3                                 0x080116e5   Data           8  gsignalflow.o(.rodata.str1.1)
    .L.str.38                                0x080116ed   Data           4  gsignalflow.o(.rodata.str1.1)
    .L.str.4                                 0x080116ed   Data           4  gsignalflow.o(.rodata.str1.1)
    .L.str.29                                0x080116f1   Data          65  gsignalflow.o(.rodata.str1.1)
    .L.str.48                                0x08011732   Data          10  gsignalflow.o(.rodata.str1.1)
    .L.str.6                                 0x0801173c   Data          11  tjc_usart_hmi.o(.rodata.str1.1)
    [Anonymous Symbol]                       0x0801173c   Section        0  tjc_usart_hmi.o(.rodata.str1.1)
    .L.str.3                                 0x08011747   Data           3  tjc_usart_hmi.o(.rodata.str1.1)
    .L.str.11                                0x0801174a   Data          10  tjc_usart_hmi.o(.rodata.str1.1)
    .L.str.47                                0x08011754   Data          17  gsignalflow.o(.rodata.str1.4)
    [Anonymous Symbol]                       0x08011754   Section        0  gsignalflow.o(.rodata.str1.4)
    .L_MergedGlobals                         0x20000000   Data           8  stm32f4xx_hal.o(.data..L_MergedGlobals)
    [Anonymous Symbol]                       0x20000000   Section        0  stm32f4xx_hal.o(.data..L_MergedGlobals)
    .bss                                     0x20000010   Section       96  libspace.o(.bss)
    .L_MergedGlobals                         0x20000070   Data          20  gserial.o(.bss..L_MergedGlobals)
    s_RxWriteIndex                           0x20000070   Data           1  gserial.o(.bss..L_MergedGlobals)
    [Anonymous Symbol]                       0x20000070   Section        0  gserial.o(.bss..L_MergedGlobals)
    s_RxReadIndex                            0x20000071   Data           1  gserial.o(.bss..L_MergedGlobals)
    s_RxByte                                 0x20000072   Data           1  gserial.o(.bss..L_MergedGlobals)
    s_RxByteCount                            0x20000074   Data           4  gserial.o(.bss..L_MergedGlobals)
    s_RxErrorCount                           0x20000078   Data           4  gserial.o(.bss..L_MergedGlobals)
    s_RxQueue                                0x2000007c   Data           8  gserial.o(.bss..L_MergedGlobals)
    .L_MergedGlobals                         0x20000084   Data          56  gsignalflow.o(.bss..L_MergedGlobals)
    s_State                                  0x20000084   Data           1  gsignalflow.o(.bss..L_MergedGlobals)
    [Anonymous Symbol]                       0x20000084   Section        0  gsignalflow.o(.bss..L_MergedGlobals)
    s_SelectedWaveformCycles                 0x20000085   Data           1  gsignalflow.o(.bss..L_MergedGlobals)
    s_ActiveWaveformCycles                   0x20000086   Data           1  gsignalflow.o(.bss..L_MergedGlobals)
    s_CycleChangePending                     0x20000087   Data           1  gsignalflow.o(.bss..L_MergedGlobals)
    s_WaveFrameValid                         0x20000088   Data           1  gsignalflow.o(.bss..L_MergedGlobals)
    s_MeasurementEnabled                     0x20000089   Data           1  gsignalflow.o(.bss..L_MergedGlobals)
    s_HmiMeasurementField                    0x2000008a   Data           1  gsignalflow.o(.bss..L_MergedGlobals)
    s_HmiMeasurementPending                  0x2000008b   Data           1  gsignalflow.o(.bss..L_MergedGlobals)
    s_HmiReadyPending                        0x2000008c   Data           1  gsignalflow.o(.bss..L_MergedGlobals)
    s_SpectrumScreenInitialized              0x2000008d   Data           1  gsignalflow.o(.bss..L_MergedGlobals)
    s_FpgaOnline                             0x2000008e   Data           1  gsignalflow.o(.bss..L_MergedGlobals)
    s_WaveDisplayPoints                      0x20000090   Data           2  gsignalflow.o(.bss..L_MergedGlobals)
    s_SpectrumDisplayPoints                  0x20000092   Data           2  gsignalflow.o(.bss..L_MergedGlobals)
    s_NextActionTick                         0x20000094   Data           4  gsignalflow.o(.bss..L_MergedGlobals)
    s_ReportSequence                         0x20000098   Data           4  gsignalflow.o(.bss..L_MergedGlobals)
    s_ActiveSequence                         0x2000009c   Data           4  gsignalflow.o(.bss..L_MergedGlobals)
    s_CycleStartTick                         0x200000a0   Data           4  gsignalflow.o(.bss..L_MergedGlobals)
    s_AnalysisElapsedMs                      0x200000a4   Data           4  gsignalflow.o(.bss..L_MergedGlobals)
    s_FpgaId                                 0x200000a8   Data           4  gsignalflow.o(.bss..L_MergedGlobals)
    s_NextIdleHmiTextTick                    0x200000ac   Data           4  gsignalflow.o(.bss..L_MergedGlobals)
    s_HmiBusyUntilTick                       0x200000b0   Data           4  gsignalflow.o(.bss..L_MergedGlobals)
    s_LastStartEventTick                     0x200000b4   Data           4  gsignalflow.o(.bss..L_MergedGlobals)
    s_LastCycleEventTick                     0x200000b8   Data           4  gsignalflow.o(.bss..L_MergedGlobals)
    .L_MergedGlobals                         0x200000bc   Data          28  spectrumanalyzer.o(.bss..L_MergedGlobals)
    s_LastSpectrumReady                      0x200000bc   Data           1  spectrumanalyzer.o(.bss..L_MergedGlobals)
    [Anonymous Symbol]                       0x200000bc   Section        0  spectrumanalyzer.o(.bss..L_MergedGlobals)
    s_FftReady                               0x200000bd   Data           1  spectrumanalyzer.o(.bss..L_MergedGlobals)
    s_WindowReady                            0x200000be   Data           1  spectrumanalyzer.o(.bss..L_MergedGlobals)
    s_RfftInstance                           0x200000c0   Data          24  spectrumanalyzer.o(.bss..L_MergedGlobals)
    .L_MergedGlobals                         0x200000d8   Data          92  tjc_usart_hmi.o(.bss..L_MergedGlobals)
    s_RxFrameLength                          0x200000d8   Data           1  tjc_usart_hmi.o(.bss..L_MergedGlobals)
    [Anonymous Symbol]                       0x200000d8   Section        0  tjc_usart_hmi.o(.bss..L_MergedGlobals)
    s_PendingEvent                           0x200000d9   Data           1  tjc_usart_hmi.o(.bss..L_MergedGlobals)
    s_PendingCycles                          0x200000da   Data           1  tjc_usart_hmi.o(.bss..L_MergedGlobals)
    s_NextStartLabelTick                     0x200000dc   Data           4  tjc_usart_hmi.o(.bss..L_MergedGlobals)
    s_RxErrorCount                           0x200000e0   Data           4  tjc_usart_hmi.o(.bss..L_MergedGlobals)
    s_RxFrame                                0x200000e4   Data           7  tjc_usart_hmi.o(.bss..L_MergedGlobals)
    s_TjcUart                                0x200000ec   Data          72  tjc_usart_hmi.o(.bss..L_MergedGlobals)
    s_CaptureFrame                           0x200001d4   Data        8192  gsignalflow.o(.bss.s_CaptureFrame)
    [Anonymous Symbol]                       0x200001d4   Section        0  gsignalflow.o(.bss.s_CaptureFrame)
    s_CycleCounterReady                      0x200021d4   Data           1  fpgalink.o(.bss.s_CycleCounterReady)
    [Anonymous Symbol]                       0x200021d4   Section        0  fpgalink.o(.bss.s_CycleCounterReady)
    s_FftInput                               0x200021d8   Data       16384  spectrumanalyzer.o(.bss.s_FftInput)
    [Anonymous Symbol]                       0x200021d8   Section        0  spectrumanalyzer.o(.bss.s_FftInput)
    s_FftOutput                              0x200061d8   Data       16384  spectrumanalyzer.o(.bss.s_FftOutput)
    [Anonymous Symbol]                       0x200061d8   Section        0  spectrumanalyzer.o(.bss.s_FftOutput)
    s_HannWindowQ15                          0x2000a1d8   Data        8192  spectrumanalyzer.o(.bss.s_HannWindowQ15)
    [Anonymous Symbol]                       0x2000a1d8   Section        0  spectrumanalyzer.o(.bss.s_HannWindowQ15)
    s_Measurement                            0x2000c1d8   Data          72  gsignalflow.o(.bss.s_Measurement)
    [Anonymous Symbol]                       0x2000c1d8   Section        0  gsignalflow.o(.bss.s_Measurement)
    s_Result                                 0x2000c220   Data          72  gsignalflow.o(.bss.s_Result)
    [Anonymous Symbol]                       0x2000c220   Section        0  gsignalflow.o(.bss.s_Result)
    s_RingBuffer                             0x2000c268   Data         506  tjc_usart_hmi.o(.bss.s_RingBuffer)
    [Anonymous Symbol]                       0x2000c268   Section        0  tjc_usart_hmi.o(.bss.s_RingBuffer)
    s_SpectrumDisplay                        0x2000c464   Data        1024  gsignalflow.o(.bss.s_SpectrumDisplay)
    [Anonymous Symbol]                       0x2000c464   Section        0  gsignalflow.o(.bss.s_SpectrumDisplay)
    s_WaveDisplay                            0x2000c864   Data        1024  gsignalflow.o(.bss.s_WaveDisplay)
    [Anonymous Symbol]                       0x2000c864   Section        0  gsignalflow.o(.bss.s_WaveDisplay)
    s_Waveform                               0x2000cc64   Data         528  gsignalflow.o(.bss.s_Waveform)
    [Anonymous Symbol]                       0x2000cc64   Section        0  gsignalflow.o(.bss.s_Waveform)
    Heap_Mem                                 0x2000ced8   Data         512  startup_stm32f407xx.o(HEAP)
    HEAP                                     0x2000ced8   Section      512  startup_stm32f407xx.o(HEAP)
    Stack_Mem                                0x2000d0d8   Data        4096  startup_stm32f407xx.o(STACK)
    STACK                                    0x2000d0d8   Section     4096  startup_stm32f407xx.o(STACK)
    __initial_sp                             0x2000e0d8   Data           0  startup_stm32f407xx.o(STACK)

    Global Symbols

    Symbol Name                              Value     Ov Type        Size  Object(Section)

    BuildAttributes$$THM_ISAv4$E$P$D$K$B$S$7EM$VFPi3$EXTD16$VFPS$VFMA$PE$A:L22UL41UL21$X:L11$S22US41US21$IEEE1$IW$~IW$USESV6$~STKCKD$USESV7$~SHL$OTIME$ROPI$IEEEX$EBA8$UX$STANDARDLIB$REQ8$PRES8$EABIv2 0x00000000   Number         0  anon$$obj.o ABSOLUTE
    _printf_flags                            0x00000000   Number         0  printf_stubs.o ABSOLUTE
    _printf_return_value                     0x00000000   Number         0  printf_stubs.o ABSOLUTE
    _printf_sizespec                         0x00000000   Number         0  printf_stubs.o ABSOLUTE
    _printf_widthprec                        0x00000000   Number         0  printf_stubs.o ABSOLUTE
    __ARM_exceptions_init                     - Undefined Weak Reference
    __alloca_initialize                       - Undefined Weak Reference
    __arm_preinit_                            - Undefined Weak Reference
    __arm_relocate_pie_                       - Undefined Weak Reference
    __cpp_initialize__aeabi_                  - Undefined Weak Reference
    __cxa_finalize                            - Undefined Weak Reference
    __rt_locale                               - Undefined Weak Reference
    __sigvec_lookup                           - Undefined Weak Reference
    _atexit_init                              - Undefined Weak Reference
    _call_atexit_fns                          - Undefined Weak Reference
    _clock_init                               - Undefined Weak Reference
    _fp_trap_init                             - Undefined Weak Reference
    _fp_trap_shutdown                         - Undefined Weak Reference
    _get_lc_collate                           - Undefined Weak Reference
    _get_lc_ctype                             - Undefined Weak Reference
    _get_lc_monetary                          - Undefined Weak Reference
    _get_lc_numeric                           - Undefined Weak Reference
    _get_lc_time                              - Undefined Weak Reference
    _getenv_init                              - Undefined Weak Reference
    _handle_redirection                       - Undefined Weak Reference
    _init_alloc                               - Undefined Weak Reference
    _init_user_alloc                          - Undefined Weak Reference
    _initio                                   - Undefined Weak Reference
    _printf_mbtowc                            - Undefined Weak Reference
    _printf_truncate_signed                   - Undefined Weak Reference
    _printf_truncate_unsigned                 - Undefined Weak Reference
    _rand_init                                - Undefined Weak Reference
    _signal_finish                            - Undefined Weak Reference
    _signal_init                              - Undefined Weak Reference
    _terminate_alloc                          - Undefined Weak Reference
    _terminate_user_alloc                     - Undefined Weak Reference
    _terminateio                              - Undefined Weak Reference
    __Vectors_Size                           0x00000188   Number         0  startup_stm32f407xx.o ABSOLUTE
    __Vectors                                0x08000000   Data           4  startup_stm32f407xx.o(RESET)
    __Vectors_End                            0x08000188   Data           0  startup_stm32f407xx.o(RESET)
    __main                                   0x08000189   Thumb Code     8  __main.o(!!!main)
    __scatterload                            0x08000191   Thumb Code     0  __scatter.o(!!!scatter)
    __scatterload_rt2                        0x08000191   Thumb Code    84  __scatter.o(!!!scatter)
    __scatterload_rt2_thumb_only             0x08000191   Thumb Code     0  __scatter.o(!!!scatter)
    __scatterload_loop                       0x0800019b   Thumb Code     0  __scatter.o(!!!scatter)
    __scatterload_copy                       0x080001ed   Thumb Code    26  __scatter_copy.o(!!handler_copy)
    __scatterload_null                       0x08000209   Thumb Code     2  __scatter.o(!!handler_null)
    __scatterload_zeroinit                   0x0800020d   Thumb Code    28  __scatter_zi.o(!!handler_zi)
    _printf_d                                0x08000229   Thumb Code     0  _printf_d.o(.ARM.Collect$$_printf_percent$$00000009)
    _printf_percent                          0x08000229   Thumb Code     0  _printf_percent.o(.ARM.Collect$$_printf_percent$$00000000)
    _printf_u                                0x0800022f   Thumb Code     0  _printf_u.o(.ARM.Collect$$_printf_percent$$0000000A)
    _printf_x                                0x08000235   Thumb Code     0  _printf_x.o(.ARM.Collect$$_printf_percent$$0000000C)
    _printf_s                                0x0800023b   Thumb Code     0  _printf_s.o(.ARM.Collect$$_printf_percent$$00000014)
    _printf_percent_end                      0x08000241   Thumb Code     0  _printf_percent_end.o(.ARM.Collect$$_printf_percent$$00000017)
    __rt_lib_init                            0x08000245   Thumb Code     0  libinit.o(.ARM.Collect$$libinit$$00000000)
    __rt_lib_init_fp_1                       0x08000247   Thumb Code     0  libinit2.o(.ARM.Collect$$libinit$$00000001)
    __rt_lib_init_alloca_1                   0x0800024b   Thumb Code     0  libinit2.o(.ARM.Collect$$libinit$$00000030)
    __rt_lib_init_argv_1                     0x0800024b   Thumb Code     0  libinit2.o(.ARM.Collect$$libinit$$0000002E)
    __rt_lib_init_atexit_1                   0x0800024b   Thumb Code     0  libinit2.o(.ARM.Collect$$libinit$$0000001D)
    __rt_lib_init_clock_1                    0x0800024b   Thumb Code     0  libinit2.o(.ARM.Collect$$libinit$$00000023)
    __rt_lib_init_cpp_1                      0x0800024b   Thumb Code     0  libinit2.o(.ARM.Collect$$libinit$$00000034)
    __rt_lib_init_exceptions_1               0x0800024b   Thumb Code     0  libinit2.o(.ARM.Collect$$libinit$$00000032)
    __rt_lib_init_fp_trap_1                  0x0800024b   Thumb Code     0  libinit2.o(.ARM.Collect$$libinit$$00000021)
    __rt_lib_init_getenv_1                   0x0800024b   Thumb Code     0  libinit2.o(.ARM.Collect$$libinit$$00000025)
    __rt_lib_init_heap_1                     0x0800024b   Thumb Code     0  libinit2.o(.ARM.Collect$$libinit$$0000000C)
    __rt_lib_init_lc_collate_1               0x0800024b   Thumb Code     0  libinit2.o(.ARM.Collect$$libinit$$00000013)
    __rt_lib_init_lc_ctype_1                 0x0800024b   Thumb Code     0  libinit2.o(.ARM.Collect$$libinit$$00000015)
    __rt_lib_init_lc_monetary_1              0x0800024b   Thumb Code     0  libinit2.o(.ARM.Collect$$libinit$$00000017)
    __rt_lib_init_lc_numeric_1               0x0800024b   Thumb Code     0  libinit2.o(.ARM.Collect$$libinit$$00000019)
    __rt_lib_init_lc_time_1                  0x0800024b   Thumb Code     0  libinit2.o(.ARM.Collect$$libinit$$0000001B)
    __rt_lib_init_preinit_1                  0x0800024b   Thumb Code     0  libinit2.o(.ARM.Collect$$libinit$$00000006)
    __rt_lib_init_rand_1                     0x0800024b   Thumb Code     0  libinit2.o(.ARM.Collect$$libinit$$00000010)
    __rt_lib_init_relocate_pie_1             0x0800024b   Thumb Code     0  libinit2.o(.ARM.Collect$$libinit$$00000004)
    __rt_lib_init_return                     0x0800024b   Thumb Code     0  libinit2.o(.ARM.Collect$$libinit$$00000035)
    __rt_lib_init_signal_1                   0x0800024b   Thumb Code     0  libinit2.o(.ARM.Collect$$libinit$$0000001F)
    __rt_lib_init_stdio_1                    0x0800024b   Thumb Code     0  libinit2.o(.ARM.Collect$$libinit$$00000027)
    __rt_lib_init_user_alloc_1               0x0800024b   Thumb Code     0  libinit2.o(.ARM.Collect$$libinit$$0000000E)
    __rt_lib_shutdown                        0x0800024d   Thumb Code     0  libshutdown.o(.ARM.Collect$$libshutdown$$00000000)
    __rt_lib_shutdown_cpp_1                  0x0800024f   Thumb Code     0  libshutdown2.o(.ARM.Collect$$libshutdown$$00000002)
    __rt_lib_shutdown_fp_trap_1              0x0800024f   Thumb Code     0  libshutdown2.o(.ARM.Collect$$libshutdown$$00000007)
    __rt_lib_shutdown_heap_1                 0x0800024f   Thumb Code     0  libshutdown2.o(.ARM.Collect$$libshutdown$$0000000F)
    __rt_lib_shutdown_return                 0x0800024f   Thumb Code     0  libshutdown2.o(.ARM.Collect$$libshutdown$$00000010)
    __rt_lib_shutdown_signal_1               0x0800024f   Thumb Code     0  libshutdown2.o(.ARM.Collect$$libshutdown$$0000000A)
    __rt_lib_shutdown_stdio_1                0x0800024f   Thumb Code     0  libshutdown2.o(.ARM.Collect$$libshutdown$$00000004)
    __rt_lib_shutdown_user_alloc_1           0x0800024f   Thumb Code     0  libshutdown2.o(.ARM.Collect$$libshutdown$$0000000C)
    __rt_entry                               0x08000251   Thumb Code     0  __rtentry.o(.ARM.Collect$$rtentry$$00000000)
    __rt_entry_presh_1                       0x08000251   Thumb Code     0  __rtentry2.o(.ARM.Collect$$rtentry$$00000002)
    __rt_entry_sh                            0x08000251   Thumb Code     0  __rtentry4.o(.ARM.Collect$$rtentry$$00000004)
    __rt_entry_li                            0x08000257   Thumb Code     0  __rtentry2.o(.ARM.Collect$$rtentry$$0000000A)
    __rt_entry_postsh_1                      0x08000257   Thumb Code     0  __rtentry2.o(.ARM.Collect$$rtentry$$00000009)
    __rt_entry_main                          0x0800025b   Thumb Code     0  __rtentry2.o(.ARM.Collect$$rtentry$$0000000D)
    __rt_entry_postli_1                      0x0800025b   Thumb Code     0  __rtentry2.o(.ARM.Collect$$rtentry$$0000000C)
    __rt_exit                                0x08000263   Thumb Code     0  rtexit.o(.ARM.Collect$$rtexit$$00000000)
    __rt_exit_ls                             0x08000265   Thumb Code     0  rtexit2.o(.ARM.Collect$$rtexit$$00000003)
    __rt_exit_prels_1                        0x08000265   Thumb Code     0  rtexit2.o(.ARM.Collect$$rtexit$$00000002)
    __rt_exit_exit                           0x08000269   Thumb Code     0  rtexit2.o(.ARM.Collect$$rtexit$$00000004)
    Reset_Handler                            0x08000271   Thumb Code     8  startup_stm32f407xx.o(.text)
    ADC_IRQHandler                           0x0800028b   Thumb Code     0  startup_stm32f407xx.o(.text)
    CAN1_RX0_IRQHandler                      0x0800028b   Thumb Code     0  startup_stm32f407xx.o(.text)
    CAN1_RX1_IRQHandler                      0x0800028b   Thumb Code     0  startup_stm32f407xx.o(.text)
    CAN1_SCE_IRQHandler                      0x0800028b   Thumb Code     0  startup_stm32f407xx.o(.text)
    CAN1_TX_IRQHandler                       0x0800028b   Thumb Code     0  startup_stm32f407xx.o(.text)
    CAN2_RX0_IRQHandler                      0x0800028b   Thumb Code     0  startup_stm32f407xx.o(.text)
    CAN2_RX1_IRQHandler                      0x0800028b   Thumb Code     0  startup_stm32f407xx.o(.text)
    CAN2_SCE_IRQHandler                      0x0800028b   Thumb Code     0  startup_stm32f407xx.o(.text)
    CAN2_TX_IRQHandler                       0x0800028b   Thumb Code     0  startup_stm32f407xx.o(.text)
    DCMI_IRQHandler                          0x0800028b   Thumb Code     0  startup_stm32f407xx.o(.text)
    DMA1_Stream0_IRQHandler                  0x0800028b   Thumb Code     0  startup_stm32f407xx.o(.text)
    DMA1_Stream1_IRQHandler                  0x0800028b   Thumb Code     0  startup_stm32f407xx.o(.text)
    DMA1_Stream2_IRQHandler                  0x0800028b   Thumb Code     0  startup_stm32f407xx.o(.text)
    DMA1_Stream3_IRQHandler                  0x0800028b   Thumb Code     0  startup_stm32f407xx.o(.text)
    DMA1_Stream4_IRQHandler                  0x0800028b   Thumb Code     0  startup_stm32f407xx.o(.text)
    DMA1_Stream5_IRQHandler                  0x0800028b   Thumb Code     0  startup_stm32f407xx.o(.text)
    DMA1_Stream6_IRQHandler                  0x0800028b   Thumb Code     0  startup_stm32f407xx.o(.text)
    DMA1_Stream7_IRQHandler                  0x0800028b   Thumb Code     0  startup_stm32f407xx.o(.text)
    DMA2_Stream0_IRQHandler                  0x0800028b   Thumb Code     0  startup_stm32f407xx.o(.text)
    DMA2_Stream1_IRQHandler                  0x0800028b   Thumb Code     0  startup_stm32f407xx.o(.text)
    DMA2_Stream2_IRQHandler                  0x0800028b   Thumb Code     0  startup_stm32f407xx.o(.text)
    DMA2_Stream3_IRQHandler                  0x0800028b   Thumb Code     0  startup_stm32f407xx.o(.text)
    DMA2_Stream4_IRQHandler                  0x0800028b   Thumb Code     0  startup_stm32f407xx.o(.text)
    DMA2_Stream5_IRQHandler                  0x0800028b   Thumb Code     0  startup_stm32f407xx.o(.text)
    DMA2_Stream6_IRQHandler                  0x0800028b   Thumb Code     0  startup_stm32f407xx.o(.text)
    DMA2_Stream7_IRQHandler                  0x0800028b   Thumb Code     0  startup_stm32f407xx.o(.text)
    ETH_IRQHandler                           0x0800028b   Thumb Code     0  startup_stm32f407xx.o(.text)
    ETH_WKUP_IRQHandler                      0x0800028b   Thumb Code     0  startup_stm32f407xx.o(.text)
    EXTI0_IRQHandler                         0x0800028b   Thumb Code     0  startup_stm32f407xx.o(.text)
    EXTI15_10_IRQHandler                     0x0800028b   Thumb Code     0  startup_stm32f407xx.o(.text)
    EXTI1_IRQHandler                         0x0800028b   Thumb Code     0  startup_stm32f407xx.o(.text)
    EXTI2_IRQHandler                         0x0800028b   Thumb Code     0  startup_stm32f407xx.o(.text)
    EXTI3_IRQHandler                         0x0800028b   Thumb Code     0  startup_stm32f407xx.o(.text)
    EXTI4_IRQHandler                         0x0800028b   Thumb Code     0  startup_stm32f407xx.o(.text)
    EXTI9_5_IRQHandler                       0x0800028b   Thumb Code     0  startup_stm32f407xx.o(.text)
    FLASH_IRQHandler                         0x0800028b   Thumb Code     0  startup_stm32f407xx.o(.text)
    FMC_IRQHandler                           0x0800028b   Thumb Code     0  startup_stm32f407xx.o(.text)
    FPU_IRQHandler                           0x0800028b   Thumb Code     0  startup_stm32f407xx.o(.text)
    HASH_RNG_IRQHandler                      0x0800028b   Thumb Code     0  startup_stm32f407xx.o(.text)
    I2C1_ER_IRQHandler                       0x0800028b   Thumb Code     0  startup_stm32f407xx.o(.text)
    I2C1_EV_IRQHandler                       0x0800028b   Thumb Code     0  startup_stm32f407xx.o(.text)
    I2C2_ER_IRQHandler                       0x0800028b   Thumb Code     0  startup_stm32f407xx.o(.text)
    I2C2_EV_IRQHandler                       0x0800028b   Thumb Code     0  startup_stm32f407xx.o(.text)
    I2C3_ER_IRQHandler                       0x0800028b   Thumb Code     0  startup_stm32f407xx.o(.text)
    I2C3_EV_IRQHandler                       0x0800028b   Thumb Code     0  startup_stm32f407xx.o(.text)
    OTG_FS_IRQHandler                        0x0800028b   Thumb Code     0  startup_stm32f407xx.o(.text)
    OTG_FS_WKUP_IRQHandler                   0x0800028b   Thumb Code     0  startup_stm32f407xx.o(.text)
    OTG_HS_EP1_IN_IRQHandler                 0x0800028b   Thumb Code     0  startup_stm32f407xx.o(.text)
    OTG_HS_EP1_OUT_IRQHandler                0x0800028b   Thumb Code     0  startup_stm32f407xx.o(.text)
    OTG_HS_IRQHandler                        0x0800028b   Thumb Code     0  startup_stm32f407xx.o(.text)
    OTG_HS_WKUP_IRQHandler                   0x0800028b   Thumb Code     0  startup_stm32f407xx.o(.text)
    PVD_IRQHandler                           0x0800028b   Thumb Code     0  startup_stm32f407xx.o(.text)
    RCC_IRQHandler                           0x0800028b   Thumb Code     0  startup_stm32f407xx.o(.text)
    RTC_Alarm_IRQHandler                     0x0800028b   Thumb Code     0  startup_stm32f407xx.o(.text)
    RTC_WKUP_IRQHandler                      0x0800028b   Thumb Code     0  startup_stm32f407xx.o(.text)
    SDIO_IRQHandler                          0x0800028b   Thumb Code     0  startup_stm32f407xx.o(.text)
    SPI1_IRQHandler                          0x0800028b   Thumb Code     0  startup_stm32f407xx.o(.text)
    SPI2_IRQHandler                          0x0800028b   Thumb Code     0  startup_stm32f407xx.o(.text)
    SPI3_IRQHandler                          0x0800028b   Thumb Code     0  startup_stm32f407xx.o(.text)
    TAMP_STAMP_IRQHandler                    0x0800028b   Thumb Code     0  startup_stm32f407xx.o(.text)
    TIM1_BRK_TIM9_IRQHandler                 0x0800028b   Thumb Code     0  startup_stm32f407xx.o(.text)
    TIM1_CC_IRQHandler                       0x0800028b   Thumb Code     0  startup_stm32f407xx.o(.text)
    TIM1_TRG_COM_TIM11_IRQHandler            0x0800028b   Thumb Code     0  startup_stm32f407xx.o(.text)
    TIM1_UP_TIM10_IRQHandler                 0x0800028b   Thumb Code     0  startup_stm32f407xx.o(.text)
    TIM2_IRQHandler                          0x0800028b   Thumb Code     0  startup_stm32f407xx.o(.text)
    TIM3_IRQHandler                          0x0800028b   Thumb Code     0  startup_stm32f407xx.o(.text)
    TIM4_IRQHandler                          0x0800028b   Thumb Code     0  startup_stm32f407xx.o(.text)
    TIM5_IRQHandler                          0x0800028b   Thumb Code     0  startup_stm32f407xx.o(.text)
    TIM6_DAC_IRQHandler                      0x0800028b   Thumb Code     0  startup_stm32f407xx.o(.text)
    TIM7_IRQHandler                          0x0800028b   Thumb Code     0  startup_stm32f407xx.o(.text)
    TIM8_BRK_TIM12_IRQHandler                0x0800028b   Thumb Code     0  startup_stm32f407xx.o(.text)
    TIM8_CC_IRQHandler                       0x0800028b   Thumb Code     0  startup_stm32f407xx.o(.text)
    TIM8_TRG_COM_TIM14_IRQHandler            0x0800028b   Thumb Code     0  startup_stm32f407xx.o(.text)
    TIM8_UP_TIM13_IRQHandler                 0x0800028b   Thumb Code     0  startup_stm32f407xx.o(.text)
    UART5_IRQHandler                         0x0800028b   Thumb Code     0  startup_stm32f407xx.o(.text)
    USART2_IRQHandler                        0x0800028b   Thumb Code     0  startup_stm32f407xx.o(.text)
    USART3_IRQHandler                        0x0800028b   Thumb Code     0  startup_stm32f407xx.o(.text)
    USART6_IRQHandler                        0x0800028b   Thumb Code     0  startup_stm32f407xx.o(.text)
    WWDG_IRQHandler                          0x0800028b   Thumb Code     0  startup_stm32f407xx.o(.text)
    __user_initial_stackheap                 0x0800028d   Thumb Code     0  startup_stm32f407xx.o(.text)
    __aeabi_uldivmod                         0x080002b1   Thumb Code     0  lludivv7m.o(.text)
    _ll_udiv                                 0x080002b1   Thumb Code   240  lludivv7m.o(.text)
    __2snprintf                              0x080003a1   Thumb Code    58  __2snprintf.o(.text)
    _printf_pre_padding                      0x080003e1   Thumb Code    44  _printf_pad.o(.text)
    _printf_post_padding                     0x0800040d   Thumb Code    34  _printf_pad.o(.text)
    _printf_str                              0x0800042f   Thumb Code    82  _printf_str.o(.text)
    _printf_int_dec                          0x08000481   Thumb Code   104  _printf_dec.o(.text)
    _printf_int_hex                          0x080004f9   Thumb Code    84  _printf_hex_int.o(.text)
    _printf_longlong_hex                     0x080004f9   Thumb Code     0  _printf_hex_int.o(.text)
    __printf                                 0x08000551   Thumb Code   388  __printf_flags_ss_wp.o(.text)
    strlen                                   0x080006d9   Thumb Code    62  strlen.o(.text)
    __aeabi_memset4                          0x08000717   Thumb Code    16  aeabi_memset4.o(.text)
    __aeabi_memset8                          0x08000717   Thumb Code     0  aeabi_memset4.o(.text)
    __aeabi_memclr4                          0x08000727   Thumb Code     0  rt_memclr_w.o(.text)
    __aeabi_memclr8                          0x08000727   Thumb Code     0  rt_memclr_w.o(.text)
    __rt_memclr_w                            0x08000727   Thumb Code     0  rt_memclr_w.o(.text)
    _memset_w                                0x0800072b   Thumb Code    74  rt_memclr_w.o(.text)
    __use_two_region_memory                  0x08000775   Thumb Code     2  heapauxi.o(.text)
    __rt_heap_escrow$2region                 0x08000777   Thumb Code     2  heapauxi.o(.text)
    __rt_heap_expand$2region                 0x08000779   Thumb Code     2  heapauxi.o(.text)
    __read_errno                             0x0800077b   Thumb Code    10  _rserrno.o(.text)
    __set_errno                              0x08000785   Thumb Code    12  _rserrno.o(.text)
    _printf_int_common                       0x08000791   Thumb Code   178  _printf_intcommon.o(.text)
    _printf_char_common                      0x0800084f   Thumb Code    32  _printf_char_common.o(.text)
    _snputc                                  0x08000875   Thumb Code    16  _snputc.o(.text)
    _printf_cs_common                        0x08000885   Thumb Code    20  _printf_char.o(.text)
    _printf_char                             0x08000899   Thumb Code    16  _printf_char.o(.text)
    _printf_string                           0x080008a9   Thumb Code     8  _printf_char.o(.text)
    __aeabi_errno_addr                       0x080008b1   Thumb Code     8  rt_errno_addr_intlibspace.o(.text)
    __errno$intlibspace                      0x080008b1   Thumb Code     0  rt_errno_addr_intlibspace.o(.text)
    __rt_errno_addr$intlibspace              0x080008b1   Thumb Code     0  rt_errno_addr_intlibspace.o(.text)
    __user_libspace                          0x080008b9   Thumb Code     8  libspace.o(.text)
    __user_perproc_libspace                  0x080008b9   Thumb Code     0  libspace.o(.text)
    __user_perthread_libspace                0x080008b9   Thumb Code     0  libspace.o(.text)
    __user_setup_stackheap                   0x080008c1   Thumb Code    74  sys_stackheap_outer.o(.text)
    exit                                     0x0800090b   Thumb Code    18  exit.o(.text)
    _sys_exit                                0x0800091d   Thumb Code     8  sys_exit.o(.text)
    __I$use$semihosting                      0x08000929   Thumb Code     0  use_no_semi.o(.text)
    __use_no_semihosting_swi                 0x08000929   Thumb Code     2  use_no_semi.o(.text)
    __semihosting_library_function           0x0800092b   Thumb Code     0  indicate_semi.o(.text)
    BusFault_Handler                         0x0800092d   Thumb Code     2  stm32f4xx_it.o(.text.BusFault_Handler)
    DebugMon_Handler                         0x08000931   Thumb Code     2  stm32f4xx_it.o(.text.DebugMon_Handler)
    Error_Handler                            0x08000935   Thumb Code     6  main.o(.text.Error_Handler)
    FpgaLink_Init                            0x0800093d   Thumb Code   278  fpgalink.o(.text.FpgaLink_Init)
    FpgaLink_Transfer32                      0x08000bc5   Thumb Code   564  fpgalink.o(.text.FpgaLink_Transfer32)
    Fpga_ReadCaptureFrame                    0x08000df9   Thumb Code   936  fpgalink.o(.text.Fpga_ReadCaptureFrame)
    Fpga_ReadCaptureStatus                   0x080011a1   Thumb Code   612  fpgalink.o(.text.Fpga_ReadCaptureStatus)
    Fpga_ReadId                              0x08001405   Thumb Code   624  fpgalink.o(.text.Fpga_ReadId)
    Fpga_StartCapture                        0x08001675   Thumb Code   608  fpgalink.o(.text.Fpga_StartCapture)
    GMeasurementCalibration_Get              0x080018d5   Thumb Code    10  gmeasurementcalibration.o(.text.GMeasurementCalibration_Get)
    GMeasurement_BuildWaveform               0x080018e1   Thumb Code  1680  gmeasurement.o(.text.GMeasurement_BuildWaveform)
    GMeasurement_Convert                     0x08001f81   Thumb Code  2496  gmeasurement.o(.text.GMeasurement_Convert)
    GSerial_Init                             0x0800294d   Thumb Code    50  gserial.o(.text.GSerial_Init)
    GSerial_Transmit                         0x08002981   Thumb Code    46  gserial.o(.text.GSerial_Transmit)
    GSignalFlow_Init                         0x08002a45   Thumb Code   244  gsignalflow.o(.text.GSignalFlow_Init)
    GSignalFlow_Process                      0x08002b71   Thumb Code  2300  gsignalflow.o(.text.GSignalFlow_Process)
    HAL_DMA_Abort                            0x08004a89   Thumb Code   142  stm32f4xx_hal_dma.o(.text.HAL_DMA_Abort)
    HAL_DMA_Abort_IT                         0x08004b19   Thumb Code    36  stm32f4xx_hal_dma.o(.text.HAL_DMA_Abort_IT)
    HAL_Delay                                0x08004b3d   Thumb Code    40  stm32f4xx_hal.o(.text.HAL_Delay)
    HAL_GPIO_Init                            0x08004b65   Thumb Code   414  stm32f4xx_hal_gpio.o(.text.HAL_GPIO_Init)
    HAL_GPIO_WritePin                        0x08004d05   Thumb Code    10  stm32f4xx_hal_gpio.o(.text.HAL_GPIO_WritePin)
    HAL_GetTick                              0x08004d11   Thumb Code    12  stm32f4xx_hal.o(.text.HAL_GetTick)
    HAL_IncTick                              0x08004d1d   Thumb Code    26  stm32f4xx_hal.o(.text.HAL_IncTick)
    HAL_Init                                 0x08004d39   Thumb Code    54  stm32f4xx_hal.o(.text.HAL_Init)
    HAL_InitTick                             0x08004d71   Thumb Code    72  stm32f4xx_hal.o(.text.HAL_InitTick)
    HAL_MspInit                              0x08004db9   Thumb Code    56  stm32f4xx_hal_msp.o(.text.HAL_MspInit)
    HAL_NVIC_EnableIRQ                       0x08004df1   Thumb Code    34  stm32f4xx_hal_cortex.o(.text.HAL_NVIC_EnableIRQ)
    HAL_NVIC_SetPriority                     0x08004e15   Thumb Code    86  stm32f4xx_hal_cortex.o(.text.HAL_NVIC_SetPriority)
    HAL_NVIC_SetPriorityGrouping             0x08004e6d   Thumb Code    32  stm32f4xx_hal_cortex.o(.text.HAL_NVIC_SetPriorityGrouping)
    HAL_RCC_ClockConfig                      0x08004e8d   Thumb Code   356  stm32f4xx_hal_rcc.o(.text.HAL_RCC_ClockConfig)
    HAL_RCC_GetPCLK1Freq                     0x08004ff1   Thumb Code    38  stm32f4xx_hal_rcc.o(.text.HAL_RCC_GetPCLK1Freq)
    HAL_RCC_GetPCLK2Freq                     0x08005019   Thumb Code    38  stm32f4xx_hal_rcc.o(.text.HAL_RCC_GetPCLK2Freq)
    HAL_RCC_GetSysClockFreq                  0x08005041   Thumb Code   110  stm32f4xx_hal_rcc.o(.text.HAL_RCC_GetSysClockFreq)
    HAL_RCC_OscConfig                        0x080050b1   Thumb Code   940  stm32f4xx_hal_rcc.o(.text.HAL_RCC_OscConfig)
    HAL_SPI_Abort                            0x0800545d   Thumb Code   480  stm32f4xx_hal_spi.o(.text.HAL_SPI_Abort)
    HAL_SPI_Init                             0x0800563d   Thumb Code   176  stm32f4xx_hal_spi.o(.text.HAL_SPI_Init)
    HAL_SPI_MspInit                          0x080056ed   Thumb Code   116  spi.o(.text.HAL_SPI_MspInit)
    HAL_SPI_TransmitReceive                  0x08005761   Thumb Code   832  stm32f4xx_hal_spi.o(.text.HAL_SPI_TransmitReceive)
    HAL_SYSTICK_Config                       0x08005aa1   Thumb Code    44  stm32f4xx_hal_cortex.o(.text.HAL_SYSTICK_Config)
    HAL_UARTEx_RxEventCallback               0x08005acd   Thumb Code     2  stm32f4xx_hal_uart.o(.text.HAL_UARTEx_RxEventCallback)
    HAL_UART_ErrorCallback                   0x08005ad1   Thumb Code    60  gserial.o(.text.HAL_UART_ErrorCallback)
    HAL_UART_IRQHandler                      0x08005b0d   Thumb Code  1428  stm32f4xx_hal_uart.o(.text.HAL_UART_IRQHandler)
    HAL_UART_Init                            0x080060a1   Thumb Code    96  stm32f4xx_hal_uart.o(.text.HAL_UART_Init)
    HAL_UART_MspInit                         0x08006101   Thumb Code   134  usart.o(.text.HAL_UART_MspInit)
    HAL_UART_Receive_IT                      0x08006189   Thumb Code    84  stm32f4xx_hal_uart.o(.text.HAL_UART_Receive_IT)
    HAL_UART_RxCpltCallback                  0x080061dd   Thumb Code    92  gserial.o(.text.HAL_UART_RxCpltCallback)
    HAL_UART_Transmit                        0x08006239   Thumb Code   402  stm32f4xx_hal_uart.o(.text.HAL_UART_Transmit)
    HAL_UART_TxCpltCallback                  0x080063cd   Thumb Code     2  stm32f4xx_hal_uart.o(.text.HAL_UART_TxCpltCallback)
    HardFault_Handler                        0x080063d1   Thumb Code     2  stm32f4xx_it.o(.text.HardFault_Handler)
    MX_GPIO_Init                             0x080063d5   Thumb Code    86  gpio.o(.text.MX_GPIO_Init)
    MX_SPI1_Init                             0x0800642d   Thumb Code    74  spi.o(.text.MX_SPI1_Init)
    MX_USART1_UART_Init                      0x08006479   Thumb Code    60  usart.o(.text.MX_USART1_UART_Init)
    MemManage_Handler                        0x080064b5   Thumb Code     2  stm32f4xx_it.o(.text.MemManage_Handler)
    NMI_Handler                              0x080064b9   Thumb Code     2  stm32f4xx_it.o(.text.NMI_Handler)
    PendSV_Handler                           0x080064bd   Thumb Code     2  stm32f4xx_it.o(.text.PendSV_Handler)
    SVC_Handler                              0x08006695   Thumb Code     2  stm32f4xx_it.o(.text.SVC_Handler)
    SpectrumAnalyzer_Run                     0x08006699   Thumb Code 10376  spectrumanalyzer.o(.text.SpectrumAnalyzer_Run)
    SysTick_Handler                          0x08008f31   Thumb Code     4  stm32f4xx_it.o(.text.SysTick_Handler)
    SystemClock_Config                       0x08008f35   Thumb Code   168  main.o(.text.SystemClock_Config)
    SystemInit                               0x08008fdd   Thumb Code    18  system_stm32f4xx.o(.text.SystemInit)
    TjcHmi_GetComponentWidth                 0x08008ff1   Thumb Code   772  tjc_usart_hmi.o(.text.TjcHmi_GetComponentWidth)
    TjcHmi_Init                              0x08009305   Thumb Code   264  tjc_usart_hmi.o(.text.TjcHmi_Init)
    TjcHmi_ReadEvent                         0x08009419   Thumb Code   552  tjc_usart_hmi.o(.text.TjcHmi_ReadEvent)
    TjcHmi_SetComputeBusy                    0x08009671   Thumb Code   148  tjc_usart_hmi.o(.text.TjcHmi_SetComputeBusy)
    TjcHmi_SetStatusText                     0x08009715   Thumb Code   144  tjc_usart_hmi.o(.text.TjcHmi_SetStatusText)
    UART4_IRQHandler                         0x080097a5   Thumb Code    98  tjc_usart_hmi.o(.text.UART4_IRQHandler)
    USART1_IRQHandler                        0x080099fd   Thumb Code    12  stm32f4xx_it.o(.text.USART1_IRQHandler)
    UsageFault_Handler                       0x08009a09   Thumb Code     2  stm32f4xx_it.o(.text.UsageFault_Handler)
    arm_bitreversal_32                       0x08009a0d   Thumb Code   340  arm_bitreversal2.o(.text.arm_bitreversal_32)
    arm_cfft_f32                             0x08009b61   Thumb Code   506  arm_cfft_f32.o(.text.arm_cfft_f32)
    arm_cfft_init_f32                        0x08009d5d   Thumb Code   194  arm_cfft_init_f32.o(.text.arm_cfft_init_f32)
    arm_cfft_radix8by2_f32                   0x08009e21   Thumb Code   410  arm_cfft_f32.o(.text.arm_cfft_radix8by2_f32)
    arm_cfft_radix8by4_f32                   0x08009fbd   Thumb Code  1252  arm_cfft_f32.o(.text.arm_cfft_radix8by4_f32)
    arm_radix8_butterfly_f32                 0x0800a4a1   Thumb Code  1376  arm_cfft_radix8_f32.o(.text.arm_radix8_butterfly_f32)
    arm_rfft_fast_f32                        0x0800abd5   Thumb Code  1670  arm_rfft_fast_f32.o(.text.arm_rfft_fast_f32)
    arm_rfft_fast_init_f32                   0x0800b25d   Thumb Code   154  arm_rfft_fast_init_f32.o(.text.arm_rfft_fast_init_f32)
    main                                     0x0800b2f9   Thumb Code    34  main.o(.text.main)
    tjc_clear_wave                           0x0800b31d   Thumb Code   128  tjc_usart_hmi.o(.text.tjc_clear_wave)
    tjc_send_string                          0x0800b39d   Thumb Code    72  tjc_usart_hmi.o(.text.tjc_send_string)
    tjc_send_txt                             0x0800b3e5   Thumb Code   136  tjc_usart_hmi.o(.text.tjc_send_txt)
    tjc_send_wave                            0x0800b46d   Thumb Code   160  tjc_usart_hmi.o(.text.tjc_send_wave)
    __ARM_fpclassifyf                        0x0800b51d   Thumb Code    38  fpclassifyf.o(i.__ARM_fpclassifyf)
    __hardfp_atan2f                          0x0800b545   Thumb Code   594  atan2f.o(i.__hardfp_atan2f)
    __hardfp_cosf                            0x0800b7f1   Thumb Code   280  cosf.o(i.__hardfp_cosf)
    __hardfp_logf                            0x0800b941   Thumb Code   320  logf.o(i.__hardfp_logf)
    __mathlib_logf                           0x0800b941   Thumb Code     0  logf.o(i.__hardfp_logf)
    __hardfp_roundf                          0x0800baad   Thumb Code   154  roundf.o(i.__hardfp_roundf)
    __hardfp_sinf                            0x0800bb49   Thumb Code   344  sinf.o(i.__hardfp_sinf)
    __mathlib_flt_divzero                    0x0800bcd9   Thumb Code    14  funder.o(i.__mathlib_flt_divzero)
    __mathlib_flt_infnan                     0x0800bced   Thumb Code     6  funder.o(i.__mathlib_flt_infnan)
    __mathlib_flt_infnan2                    0x0800bcf3   Thumb Code     6  funder.o(i.__mathlib_flt_infnan2)
    __mathlib_flt_invalid                    0x0800bcf9   Thumb Code    10  funder.o(i.__mathlib_flt_invalid)
    __mathlib_flt_underflow                  0x0800bd09   Thumb Code    10  funder.o(i.__mathlib_flt_underflow)
    __mathlib_rredf2                         0x0800bd19   Thumb Code   316  rredf.o(i.__mathlib_rredf2)
    _is_digit                                0x0800be6d   Thumb Code    14  __printf_wp.o(i._is_digit)
    __fpl_fnaninf                            0x0800be7b   Thumb Code   140  fnaninf.o(x$fpl$fnaninf)
    _fp_init                                 0x0800bf07   Thumb Code    26  fpinit.o(x$fpl$fpinit)
    __fplib_config_fpu_vfp                   0x0800bf1f   Thumb Code     0  fpinit.o(x$fpl$fpinit)
    __fplib_config_pureend_doubles           0x0800bf1f   Thumb Code     0  fpinit.o(x$fpl$fpinit)
    _frnd                                    0x0800bf21   Thumb Code    96  frnd.o(x$fpl$frnd)
    __I$use$fp                               0x0800bf80   Number         0  usenofp.o(x$fpl$usenofp)
    AHBPrescTable                            0x0800c01c   Data          16  system_stm32f4xx.o(.rodata.AHBPrescTable)
    APBPrescTable                            0x0800c02c   Data           8  system_stm32f4xx.o(.rodata.APBPrescTable)
    armBitRevIndexTable1024                  0x0800c038   Data        3600  arm_common_tables.o(.rodata.armBitRevIndexTable1024)
    armBitRevIndexTable128                   0x0800ce48   Data         416  arm_common_tables.o(.rodata.armBitRevIndexTable128)
    armBitRevIndexTable16                    0x0800cfe8   Data          40  arm_common_tables.o(.rodata.armBitRevIndexTable16)
    armBitRevIndexTable2048                  0x0800d010   Data        7616  arm_common_tables.o(.rodata.armBitRevIndexTable2048)
    armBitRevIndexTable256                   0x0800edd0   Data         880  arm_common_tables.o(.rodata.armBitRevIndexTable256)
    armBitRevIndexTable32                    0x0800f140   Data          96  arm_common_tables.o(.rodata.armBitRevIndexTable32)
    armBitRevIndexTable4096                  0x0800f1a0   Data        8064  arm_common_tables.o(.rodata.armBitRevIndexTable4096)
    armBitRevIndexTable512                   0x08011120   Data         896  arm_common_tables.o(.rodata.armBitRevIndexTable512)
    armBitRevIndexTable64                    0x080114a0   Data         112  arm_common_tables.o(.rodata.armBitRevIndexTable64)
    arm_cfft_sR_f32_len1024                  0x08011510   Data          16  arm_const_structs.o(.rodata.arm_cfft_sR_f32_len1024)
    arm_cfft_sR_f32_len128                   0x08011520   Data          16  arm_const_structs.o(.rodata.arm_cfft_sR_f32_len128)
    arm_cfft_sR_f32_len16                    0x08011530   Data          16  arm_const_structs.o(.rodata.arm_cfft_sR_f32_len16)
    arm_cfft_sR_f32_len2048                  0x08011540   Data          16  arm_const_structs.o(.rodata.arm_cfft_sR_f32_len2048)
    arm_cfft_sR_f32_len256                   0x08011550   Data          16  arm_const_structs.o(.rodata.arm_cfft_sR_f32_len256)
    arm_cfft_sR_f32_len32                    0x08011560   Data          16  arm_const_structs.o(.rodata.arm_cfft_sR_f32_len32)
    arm_cfft_sR_f32_len4096                  0x08011570   Data          16  arm_const_structs.o(.rodata.arm_cfft_sR_f32_len4096)
    arm_cfft_sR_f32_len512                   0x08011580   Data          16  arm_const_structs.o(.rodata.arm_cfft_sR_f32_len512)
    arm_cfft_sR_f32_len64                    0x08011590   Data          16  arm_const_structs.o(.rodata.arm_cfft_sR_f32_len64)
    twiddleCoef_1024                         0x08011768   Data        8192  arm_common_tables.o(.rodata.twiddleCoef_1024)
    twiddleCoef_128                          0x08013768   Data        1024  arm_common_tables.o(.rodata.twiddleCoef_128)
    twiddleCoef_16                           0x08013b68   Data         128  arm_common_tables.o(.rodata.twiddleCoef_16)
    twiddleCoef_2048                         0x08013be8   Data       16384  arm_common_tables.o(.rodata.twiddleCoef_2048)
    twiddleCoef_256                          0x08017be8   Data        2048  arm_common_tables.o(.rodata.twiddleCoef_256)
    twiddleCoef_32                           0x080183e8   Data         256  arm_common_tables.o(.rodata.twiddleCoef_32)
    twiddleCoef_4096                         0x080184e8   Data       32768  arm_common_tables.o(.rodata.twiddleCoef_4096)
    twiddleCoef_512                          0x080204e8   Data        4096  arm_common_tables.o(.rodata.twiddleCoef_512)
    twiddleCoef_64                           0x080214e8   Data         512  arm_common_tables.o(.rodata.twiddleCoef_64)
    twiddleCoef_rfft_1024                    0x080216e8   Data        4096  arm_common_tables.o(.rodata.twiddleCoef_rfft_1024)
    twiddleCoef_rfft_128                     0x080226e8   Data         512  arm_common_tables.o(.rodata.twiddleCoef_rfft_128)
    twiddleCoef_rfft_2048                    0x080228e8   Data        8192  arm_common_tables.o(.rodata.twiddleCoef_rfft_2048)
    twiddleCoef_rfft_256                     0x080248e8   Data        1024  arm_common_tables.o(.rodata.twiddleCoef_rfft_256)
    twiddleCoef_rfft_32                      0x08024ce8   Data         128  arm_common_tables.o(.rodata.twiddleCoef_rfft_32)
    twiddleCoef_rfft_4096                    0x08024d68   Data       16384  arm_common_tables.o(.rodata.twiddleCoef_rfft_4096)
    twiddleCoef_rfft_512                     0x08028d68   Data        2048  arm_common_tables.o(.rodata.twiddleCoef_rfft_512)
    twiddleCoef_rfft_64                      0x08029568   Data         256  arm_common_tables.o(.rodata.twiddleCoef_rfft_64)
    Region$$Table$$Base                      0x08029668   Number         0  anon$$obj.o(Region$$Table)
    Region$$Table$$Limit                     0x08029688   Number         0  anon$$obj.o(Region$$Table)
    uwTickFreq                               0x20000000   Data           1  stm32f4xx_hal.o(.data..L_MergedGlobals)
    uwTickPrio                               0x20000004   Data           4  stm32f4xx_hal.o(.data..L_MergedGlobals)
    SystemCoreClock                          0x20000008   Data           4  system_stm32f4xx.o(.data.SystemCoreClock)
    __libspace_start                         0x20000010   Data          96  libspace.o(.bss)
    __temporary_stack_top$libspace           0x20000070   Data           0  libspace.o(.bss)
    hspi1                                    0x20000134   Data          88  spi.o(.bss.hspi1)
    huart1                                   0x2000018c   Data          72  usart.o(.bss.huart1)
    str1                                     0x2000ce74   Data          96  tjc_usart_hmi.o(.bss.str1)
    uwTick                                   0x2000ced4   Data           4  stm32f4xx_hal.o(.bss.uwTick)



==============================================================================

Memory Map of the image

  Image Entry point : 0x08000189

  Load Region LR_IROM1 (Base: 0x08000000, Size: 0x00029698, Max: 0x00100000, ABSOLUTE)

    Execution Region ER_IROM1 (Exec base: 0x08000000, Load base: 0x08000000, Size: 0x00029688, Max: 0x00100000, ABSOLUTE)

    Exec Addr    Load Addr    Size         Type   Attr      Idx    E Section Name        Object

    0x08000000   0x08000000   0x00000188   Data   RO            3    RESET               startup_stm32f407xx.o
    0x08000188   0x08000188   0x00000008   Code   RO         1270  * !!!main             c_w.l(__main.o)
    0x08000190   0x08000190   0x0000005c   Code   RO         1523    !!!scatter          c_w.l(__scatter.o)
    0x080001ec   0x080001ec   0x0000001a   Code   RO         1527    !!handler_copy      c_w.l(__scatter_copy.o)
    0x08000206   0x08000206   0x00000002   PAD
    0x08000208   0x08000208   0x00000002   Code   RO         1524    !!handler_null      c_w.l(__scatter.o)
    0x0800020a   0x0800020a   0x00000002   PAD
    0x0800020c   0x0800020c   0x0000001c   Code   RO         1529    !!handler_zi        c_w.l(__scatter_zi.o)
    0x08000228   0x08000228   0x00000000   Code   RO         1259    .ARM.Collect$$_printf_percent$$00000000  c_w.l(_printf_percent.o)
    0x08000228   0x08000228   0x00000006   Code   RO         1257    .ARM.Collect$$_printf_percent$$00000009  c_w.l(_printf_d.o)
    0x0800022e   0x0800022e   0x00000006   Code   RO         1258    .ARM.Collect$$_printf_percent$$0000000A  c_w.l(_printf_u.o)
    0x08000234   0x08000234   0x00000006   Code   RO         1256    .ARM.Collect$$_printf_percent$$0000000C  c_w.l(_printf_x.o)
    0x0800023a   0x0800023a   0x00000006   Code   RO         1255    .ARM.Collect$$_printf_percent$$00000014  c_w.l(_printf_s.o)
    0x08000240   0x08000240   0x00000004   Code   RO         1323    .ARM.Collect$$_printf_percent$$00000017  c_w.l(_printf_percent_end.o)
    0x08000244   0x08000244   0x00000002   Code   RO         1388    .ARM.Collect$$libinit$$00000000  c_w.l(libinit.o)
    0x08000246   0x08000246   0x00000004   Code   RO         1397    .ARM.Collect$$libinit$$00000001  c_w.l(libinit2.o)
    0x0800024a   0x0800024a   0x00000000   Code   RO         1400    .ARM.Collect$$libinit$$00000004  c_w.l(libinit2.o)
    0x0800024a   0x0800024a   0x00000000   Code   RO         1402    .ARM.Collect$$libinit$$00000006  c_w.l(libinit2.o)
    0x0800024a   0x0800024a   0x00000000   Code   RO         1405    .ARM.Collect$$libinit$$0000000C  c_w.l(libinit2.o)
    0x0800024a   0x0800024a   0x00000000   Code   RO         1407    .ARM.Collect$$libinit$$0000000E  c_w.l(libinit2.o)
    0x0800024a   0x0800024a   0x00000000   Code   RO         1409    .ARM.Collect$$libinit$$00000010  c_w.l(libinit2.o)
    0x0800024a   0x0800024a   0x00000000   Code   RO         1412    .ARM.Collect$$libinit$$00000013  c_w.l(libinit2.o)
    0x0800024a   0x0800024a   0x00000000   Code   RO         1414    .ARM.Collect$$libinit$$00000015  c_w.l(libinit2.o)
    0x0800024a   0x0800024a   0x00000000   Code   RO         1416    .ARM.Collect$$libinit$$00000017  c_w.l(libinit2.o)
    0x0800024a   0x0800024a   0x00000000   Code   RO         1418    .ARM.Collect$$libinit$$00000019  c_w.l(libinit2.o)
    0x0800024a   0x0800024a   0x00000000   Code   RO         1420    .ARM.Collect$$libinit$$0000001B  c_w.l(libinit2.o)
    0x0800024a   0x0800024a   0x00000000   Code   RO         1422    .ARM.Collect$$libinit$$0000001D  c_w.l(libinit2.o)
    0x0800024a   0x0800024a   0x00000000   Code   RO         1424    .ARM.Collect$$libinit$$0000001F  c_w.l(libinit2.o)
    0x0800024a   0x0800024a   0x00000000   Code   RO         1426    .ARM.Collect$$libinit$$00000021  c_w.l(libinit2.o)
    0x0800024a   0x0800024a   0x00000000   Code   RO         1428    .ARM.Collect$$libinit$$00000023  c_w.l(libinit2.o)
    0x0800024a   0x0800024a   0x00000000   Code   RO         1430    .ARM.Collect$$libinit$$00000025  c_w.l(libinit2.o)
    0x0800024a   0x0800024a   0x00000000   Code   RO         1432    .ARM.Collect$$libinit$$00000027  c_w.l(libinit2.o)
    0x0800024a   0x0800024a   0x00000000   Code   RO         1436    .ARM.Collect$$libinit$$0000002E  c_w.l(libinit2.o)
    0x0800024a   0x0800024a   0x00000000   Code   RO         1438    .ARM.Collect$$libinit$$00000030  c_w.l(libinit2.o)
    0x0800024a   0x0800024a   0x00000000   Code   RO         1440    .ARM.Collect$$libinit$$00000032  c_w.l(libinit2.o)
    0x0800024a   0x0800024a   0x00000000   Code   RO         1442    .ARM.Collect$$libinit$$00000034  c_w.l(libinit2.o)
    0x0800024a   0x0800024a   0x00000002   Code   RO         1443    .ARM.Collect$$libinit$$00000035  c_w.l(libinit2.o)
    0x0800024c   0x0800024c   0x00000002   Code   RO         1478    .ARM.Collect$$libshutdown$$00000000  c_w.l(libshutdown.o)
    0x0800024e   0x0800024e   0x00000000   Code   RO         1506    .ARM.Collect$$libshutdown$$00000002  c_w.l(libshutdown2.o)
    0x0800024e   0x0800024e   0x00000000   Code   RO         1508    .ARM.Collect$$libshutdown$$00000004  c_w.l(libshutdown2.o)
    0x0800024e   0x0800024e   0x00000000   Code   RO         1511    .ARM.Collect$$libshutdown$$00000007  c_w.l(libshutdown2.o)
    0x0800024e   0x0800024e   0x00000000   Code   RO         1514    .ARM.Collect$$libshutdown$$0000000A  c_w.l(libshutdown2.o)
    0x0800024e   0x0800024e   0x00000000   Code   RO         1516    .ARM.Collect$$libshutdown$$0000000C  c_w.l(libshutdown2.o)
    0x0800024e   0x0800024e   0x00000000   Code   RO         1519    .ARM.Collect$$libshutdown$$0000000F  c_w.l(libshutdown2.o)
    0x0800024e   0x0800024e   0x00000002   Code   RO         1520    .ARM.Collect$$libshutdown$$00000010  c_w.l(libshutdown2.o)
    0x08000250   0x08000250   0x00000000   Code   RO         1308    .ARM.Collect$$rtentry$$00000000  c_w.l(__rtentry.o)
    0x08000250   0x08000250   0x00000000   Code   RO         1347    .ARM.Collect$$rtentry$$00000002  c_w.l(__rtentry2.o)
    0x08000250   0x08000250   0x00000006   Code   RO         1359    .ARM.Collect$$rtentry$$00000004  c_w.l(__rtentry4.o)
    0x08000256   0x08000256   0x00000000   Code   RO         1349    .ARM.Collect$$rtentry$$00000009  c_w.l(__rtentry2.o)
    0x08000256   0x08000256   0x00000004   Code   RO         1350    .ARM.Collect$$rtentry$$0000000A  c_w.l(__rtentry2.o)
    0x0800025a   0x0800025a   0x00000000   Code   RO         1352    .ARM.Collect$$rtentry$$0000000C  c_w.l(__rtentry2.o)
    0x0800025a   0x0800025a   0x00000008   Code   RO         1353    .ARM.Collect$$rtentry$$0000000D  c_w.l(__rtentry2.o)
    0x08000262   0x08000262   0x00000002   Code   RO         1389    .ARM.Collect$$rtexit$$00000000  c_w.l(rtexit.o)
    0x08000264   0x08000264   0x00000000   Code   RO         1449    .ARM.Collect$$rtexit$$00000002  c_w.l(rtexit2.o)
    0x08000264   0x08000264   0x00000004   Code   RO         1450    .ARM.Collect$$rtexit$$00000003  c_w.l(rtexit2.o)
    0x08000268   0x08000268   0x00000006   Code   RO         1451    .ARM.Collect$$rtexit$$00000004  c_w.l(rtexit2.o)
    0x0800026e   0x0800026e   0x00000002   PAD
    0x08000270   0x08000270   0x00000040   Code   RO            4    .text               startup_stm32f407xx.o
    0x080002b0   0x080002b0   0x000000f0   Code   RO         1200    .text               c_w.l(lludivv7m.o)
    0x080003a0   0x080003a0   0x00000040   Code   RO         1202    .text               c_w.l(__2snprintf.o)
    0x080003e0   0x080003e0   0x0000004e   Code   RO         1208    .text               c_w.l(_printf_pad.o)
    0x0800042e   0x0800042e   0x00000052   Code   RO         1210    .text               c_w.l(_printf_str.o)
    0x08000480   0x08000480   0x00000078   Code   RO         1212    .text               c_w.l(_printf_dec.o)
    0x080004f8   0x080004f8   0x00000058   Code   RO         1217    .text               c_w.l(_printf_hex_int.o)
    0x08000550   0x08000550   0x00000188   Code   RO         1252    .text               c_w.l(__printf_flags_ss_wp.o)
    0x080006d8   0x080006d8   0x0000003e   Code   RO         1260    .text               c_w.l(strlen.o)
    0x08000716   0x08000716   0x00000010   Code   RO         1262    .text               c_w.l(aeabi_memset4.o)
    0x08000726   0x08000726   0x0000004e   Code   RO         1266    .text               c_w.l(rt_memclr_w.o)
    0x08000774   0x08000774   0x00000006   Code   RO         1268    .text               c_w.l(heapauxi.o)
    0x0800077a   0x0800077a   0x00000016   Code   RO         1313    .text               c_w.l(_rserrno.o)
    0x08000790   0x08000790   0x000000b2   Code   RO         1315    .text               c_w.l(_printf_intcommon.o)
    0x08000842   0x08000842   0x00000002   PAD
    0x08000844   0x08000844   0x00000030   Code   RO         1317    .text               c_w.l(_printf_char_common.o)
    0x08000874   0x08000874   0x00000010   Code   RO         1319    .text               c_w.l(_snputc.o)
    0x08000884   0x08000884   0x0000002c   Code   RO         1321    .text               c_w.l(_printf_char.o)
    0x080008b0   0x080008b0   0x00000008   Code   RO         1366    .text               c_w.l(rt_errno_addr_intlibspace.o)
    0x080008b8   0x080008b8   0x00000008   Code   RO         1372    .text               c_w.l(libspace.o)
    0x080008c0   0x080008c0   0x0000004a   Code   RO         1375    .text               c_w.l(sys_stackheap_outer.o)
    0x0800090a   0x0800090a   0x00000012   Code   RO         1377    .text               c_w.l(exit.o)
    0x0800091c   0x0800091c   0x0000000c   Code   RO         1444    .text               c_w.l(sys_exit.o)
    0x08000928   0x08000928   0x00000002   Code   RO         1467    .text               c_w.l(use_no_semi.o)
    0x0800092a   0x0800092a   0x00000000   Code   RO         1469    .text               c_w.l(indicate_semi.o)
    0x0800092a   0x0800092a   0x00000002   PAD
    0x0800092c   0x0800092c   0x00000002   Code   RO           73    .text.BusFault_Handler  stm32f4xx_it.o
    0x0800092e   0x0800092e   0x00000002   PAD
    0x08000930   0x08000930   0x00000002   Code   RO           79    .text.DebugMon_Handler  stm32f4xx_it.o
    0x08000932   0x08000932   0x00000002   PAD
    0x08000934   0x08000934   0x00000006   Code   RO           15    .text.Error_Handler  main.o
    0x0800093a   0x0800093a   0x00000002   PAD
    0x0800093c   0x0800093c   0x00000116   Code   RO          753    .text.FpgaLink_Init  fpgalink.o
    0x08000a52   0x08000a52   0x00000002   PAD
    0x08000a54   0x08000a54   0x0000016e   Code   RO          757    .text.FpgaLink_RecoverBus  fpgalink.o
    0x08000bc2   0x08000bc2   0x00000002   PAD
    0x08000bc4   0x08000bc4   0x00000234   Code   RO          755    .text.FpgaLink_Transfer32  fpgalink.o
    0x08000df8   0x08000df8   0x000003a8   Code   RO          765    .text.Fpga_ReadCaptureFrame  fpgalink.o
    0x080011a0   0x080011a0   0x00000264   Code   RO          763    .text.Fpga_ReadCaptureStatus  fpgalink.o
    0x08001404   0x08001404   0x00000270   Code   RO          759    .text.Fpga_ReadId   fpgalink.o
    0x08001674   0x08001674   0x00000260   Code   RO          761    .text.Fpga_StartCapture  fpgalink.o
    0x080018d4   0x080018d4   0x0000000a   Code   RO          847    .text.GMeasurementCalibration_Get  gmeasurementcalibration.o
    0x080018de   0x080018de   0x00000002   PAD
    0x080018e0   0x080018e0   0x000006a0   Code   RO          837    .text.GMeasurement_BuildWaveform  gmeasurement.o
    0x08001f80   0x08001f80   0x000009cc   Code   RO          835    .text.GMeasurement_Convert  gmeasurement.o
    0x0800294c   0x0800294c   0x00000032   Code   RO           25    .text.GSerial_Init  gserial.o
    0x0800297e   0x0800297e   0x00000002   PAD
    0x08002980   0x08002980   0x0000002e   Code   RO           27    .text.GSerial_Transmit  gserial.o
    0x080029ae   0x080029ae   0x00000002   PAD
    0x080029b0   0x080029b0   0x00000054   Code   RO          782    .text.GSignalFlow_AbortCycle  gsignalflow.o
    0x08002a04   0x08002a04   0x00000040   Code   RO          792    .text.GSignalFlow_BuildAndDisplayWaveform  gsignalflow.o
    0x08002a44   0x08002a44   0x0000012c   Code   RO          776    .text.GSignalFlow_Init  gsignalflow.o
    0x08002b70   0x08002b70   0x000009b0   Code   RO          778    .text.GSignalFlow_Process  gsignalflow.o
    0x08003520   0x08003520   0x00000484   Code   RO          790    .text.GSignalFlow_SendMeasurement  gsignalflow.o
    0x080039a4   0x080039a4   0x0000008c   Code   RO          784    .text.GSignalFlow_SendNoSignal  gsignalflow.o
    0x08003a30   0x08003a30   0x0000030c   Code   RO          788    .text.GSignalFlow_SendResult  gsignalflow.o
    0x08003d3c   0x08003d3c   0x00000178   Code   RO          786    .text.GSignalFlow_UpdateHmiNoSignal  gsignalflow.o
    0x08003eb4   0x08003eb4   0x0000079c   Code   RO          780    .text.GSignalFlow_UpdateHmiSpectrum  gsignalflow.o
    0x08004650   0x08004650   0x00000438   Code   RO          794    .text.GSignalFlow_UpdateHmiWaveform  gsignalflow.o
    0x08004a88   0x08004a88   0x0000008e   Code   RO          387    .text.HAL_DMA_Abort  stm32f4xx_hal_dma.o
    0x08004b16   0x08004b16   0x00000002   PAD
    0x08004b18   0x08004b18   0x00000024   Code   RO          389    .text.HAL_DMA_Abort_IT  stm32f4xx_hal_dma.o
    0x08004b3c   0x08004b3c   0x00000028   Code   RO          546    .text.HAL_Delay     stm32f4xx_hal.o
    0x08004b64   0x08004b64   0x0000019e   Code   RO          341    .text.HAL_GPIO_Init  stm32f4xx_hal_gpio.o
    0x08004d02   0x08004d02   0x00000002   PAD
    0x08004d04   0x08004d04   0x0000000a   Code   RO          347    .text.HAL_GPIO_WritePin  stm32f4xx_hal_gpio.o
    0x08004d0e   0x08004d0e   0x00000002   PAD
    0x08004d10   0x08004d10   0x0000000c   Code   RO          538    .text.HAL_GetTick   stm32f4xx_hal.o
    0x08004d1c   0x08004d1c   0x0000001a   Code   RO          536    .text.HAL_IncTick   stm32f4xx_hal.o
    0x08004d36   0x08004d36   0x00000002   PAD
    0x08004d38   0x08004d38   0x00000036   Code   RO          526    .text.HAL_Init      stm32f4xx_hal.o
    0x08004d6e   0x08004d6e   0x00000002   PAD
    0x08004d70   0x08004d70   0x00000048   Code   RO          528    .text.HAL_InitTick  stm32f4xx_hal.o
    0x08004db8   0x08004db8   0x00000038   Code   RO           94    .text.HAL_MspInit   stm32f4xx_hal_msp.o
    0x08004df0   0x08004df0   0x00000022   Code   RO          478    .text.HAL_NVIC_EnableIRQ  stm32f4xx_hal_cortex.o
    0x08004e12   0x08004e12   0x00000002   PAD
    0x08004e14   0x08004e14   0x00000056   Code   RO          476    .text.HAL_NVIC_SetPriority  stm32f4xx_hal_cortex.o
    0x08004e6a   0x08004e6a   0x00000002   PAD
    0x08004e6c   0x08004e6c   0x00000020   Code   RO          474    .text.HAL_NVIC_SetPriorityGrouping  stm32f4xx_hal_cortex.o
    0x08004e8c   0x08004e8c   0x00000164   Code   RO          235    .text.HAL_RCC_ClockConfig  stm32f4xx_hal_rcc.o
    0x08004ff0   0x08004ff0   0x00000026   Code   RO          247    .text.HAL_RCC_GetPCLK1Freq  stm32f4xx_hal_rcc.o
    0x08005016   0x08005016   0x00000002   PAD
    0x08005018   0x08005018   0x00000026   Code   RO          249    .text.HAL_RCC_GetPCLK2Freq  stm32f4xx_hal_rcc.o
    0x0800503e   0x0800503e   0x00000002   PAD
    0x08005040   0x08005040   0x0000006e   Code   RO          237    .text.HAL_RCC_GetSysClockFreq  stm32f4xx_hal_rcc.o
    0x080050ae   0x080050ae   0x00000002   PAD
    0x080050b0   0x080050b0   0x000003ac   Code   RO          233    .text.HAL_RCC_OscConfig  stm32f4xx_hal_rcc.o
    0x0800545c   0x0800545c   0x000001e0   Code   RO          173    .text.HAL_SPI_Abort  stm32f4xx_hal_spi.o
    0x0800563c   0x0800563c   0x000000b0   Code   RO          117    .text.HAL_SPI_Init  stm32f4xx_hal_spi.o
    0x080056ec   0x080056ec   0x00000074   Code   RO           54    .text.HAL_SPI_MspInit  spi.o
    0x08005760   0x08005760   0x00000340   Code   RO          129    .text.HAL_SPI_TransmitReceive  stm32f4xx_hal_spi.o
    0x08005aa0   0x08005aa0   0x0000002c   Code   RO          486    .text.HAL_SYSTICK_Config  stm32f4xx_hal_cortex.o
    0x08005acc   0x08005acc   0x00000002   Code   RO          702    .text.HAL_UARTEx_RxEventCallback  stm32f4xx_hal_uart.o
    0x08005ace   0x08005ace   0x00000002   PAD
    0x08005ad0   0x08005ad0   0x0000003c   Code   RO           33    .text.HAL_UART_ErrorCallback  gserial.o
    0x08005b0c   0x08005b0c   0x00000594   Code   RO          694    .text.HAL_UART_IRQHandler  stm32f4xx_hal_uart.o
    0x080060a0   0x080060a0   0x00000060   Code   RO          616    .text.HAL_UART_Init  stm32f4xx_hal_uart.o
    0x08006100   0x08006100   0x00000086   Code   RO          104    .text.HAL_UART_MspInit  usart.o
    0x08006186   0x08006186   0x00000002   PAD
    0x08006188   0x08006188   0x00000054   Code   RO          638    .text.HAL_UART_Receive_IT  stm32f4xx_hal_uart.o
    0x080061dc   0x080061dc   0x0000005c   Code   RO           31    .text.HAL_UART_RxCpltCallback  gserial.o
    0x08006238   0x08006238   0x00000192   Code   RO          632    .text.HAL_UART_Transmit  stm32f4xx_hal_uart.o
    0x080063ca   0x080063ca   0x00000002   PAD
    0x080063cc   0x080063cc   0x00000002   Code   RO          704    .text.HAL_UART_TxCpltCallback  stm32f4xx_hal_uart.o
    0x080063ce   0x080063ce   0x00000002   PAD
    0x080063d0   0x080063d0   0x00000002   Code   RO           69    .text.HardFault_Handler  stm32f4xx_it.o
    0x080063d2   0x080063d2   0x00000002   PAD
    0x080063d4   0x080063d4   0x00000056   Code   RO           44    .text.MX_GPIO_Init  gpio.o
    0x0800642a   0x0800642a   0x00000002   PAD
    0x0800642c   0x0800642c   0x0000004a   Code   RO           52    .text.MX_SPI1_Init  spi.o
    0x08006476   0x08006476   0x00000002   PAD
    0x08006478   0x08006478   0x0000003c   Code   RO          102    .text.MX_USART1_UART_Init  usart.o
    0x080064b4   0x080064b4   0x00000002   Code   RO           71    .text.MemManage_Handler  stm32f4xx_it.o
    0x080064b6   0x080064b6   0x00000002   PAD
    0x080064b8   0x080064b8   0x00000002   Code   RO           67    .text.NMI_Handler   stm32f4xx_it.o
    0x080064ba   0x080064ba   0x00000002   PAD
    0x080064bc   0x080064bc   0x00000002   Code   RO           81    .text.PendSV_Handler  stm32f4xx_it.o
    0x080064be   0x080064be   0x00000002   PAD
    0x080064c0   0x080064c0   0x00000092   Code   RO          177    .text.SPI_AbortRx_ISR  stm32f4xx_hal_spi.o
    0x08006552   0x08006552   0x00000002   PAD
    0x08006554   0x08006554   0x0000001a   Code   RO          175    .text.SPI_AbortTx_ISR  stm32f4xx_hal_spi.o
    0x0800656e   0x0800656e   0x00000002   PAD
    0x08006570   0x08006570   0x00000124   Code   RO          221    .text.SPI_WaitFlagStateUntilTimeout  stm32f4xx_hal_spi.o
    0x08006694   0x08006694   0x00000002   Code   RO           77    .text.SVC_Handler   stm32f4xx_it.o
    0x08006696   0x08006696   0x00000002   PAD
    0x08006698   0x08006698   0x00002898   Code   RO          819    .text.SpectrumAnalyzer_Run  spectrumanalyzer.o
    0x08008f30   0x08008f30   0x00000004   Code   RO           83    .text.SysTick_Handler  stm32f4xx_it.o
    0x08008f34   0x08008f34   0x000000a8   Code   RO           13    .text.SystemClock_Config  main.o
    0x08008fdc   0x08008fdc   0x00000012   Code   RO          738    .text.SystemInit    system_stm32f4xx.o
    0x08008fee   0x08008fee   0x00000002   PAD
    0x08008ff0   0x08008ff0   0x00000314   Code   RO          875    .text.TjcHmi_GetComponentWidth  tjc_usart_hmi.o
    0x08009304   0x08009304   0x00000114   Code   RO          857    .text.TjcHmi_Init   tjc_usart_hmi.o
    0x08009418   0x08009418   0x00000258   Code   RO          863    .text.TjcHmi_ReadEvent  tjc_usart_hmi.o
    0x08009670   0x08009670   0x000000a4   Code   RO          869    .text.TjcHmi_SetComputeBusy  tjc_usart_hmi.o
    0x08009714   0x08009714   0x00000090   Code   RO          871    .text.TjcHmi_SetStatusText  tjc_usart_hmi.o
    0x080097a4   0x080097a4   0x00000062   Code   RO          891    .text.UART4_IRQHandler  tjc_usart_hmi.o
    0x08009806   0x08009806   0x00000002   PAD
    0x08009808   0x08009808   0x0000000a   Code   RO          698    .text.UART_DMAAbortOnError  stm32f4xx_hal_uart.o
    0x08009812   0x08009812   0x00000002   PAD
    0x08009814   0x08009814   0x000000fe   Code   RO          696    .text.UART_Receive_IT  stm32f4xx_hal_uart.o
    0x08009912   0x08009912   0x00000002   PAD
    0x08009914   0x08009914   0x000000e6   Code   RO          620    .text.UART_SetConfig  stm32f4xx_hal_uart.o
    0x080099fa   0x080099fa   0x00000002   PAD
    0x080099fc   0x080099fc   0x0000000c   Code   RO           85    .text.USART1_IRQHandler  stm32f4xx_it.o
    0x08009a08   0x08009a08   0x00000002   Code   RO           75    .text.UsageFault_Handler  stm32f4xx_it.o
    0x08009a0a   0x08009a0a   0x00000002   PAD
    0x08009a0c   0x08009a0c   0x00000154   Code   RO          990    .text.arm_bitreversal_32  arm_bitreversal2.o
    0x08009b60   0x08009b60   0x000001fa   Code   RO          960    .text.arm_cfft_f32  arm_cfft_f32.o
    0x08009d5a   0x08009d5a   0x00000002   PAD
    0x08009d5c   0x08009d5c   0x000000c2   Code   RO          970    .text.arm_cfft_init_f32  arm_cfft_init_f32.o
    0x08009e1e   0x08009e1e   0x00000002   PAD
    0x08009e20   0x08009e20   0x0000019a   Code   RO          956    .text.arm_cfft_radix8by2_f32  arm_cfft_f32.o
    0x08009fba   0x08009fba   0x00000002   PAD
    0x08009fbc   0x08009fbc   0x000004e4   Code   RO          958    .text.arm_cfft_radix8by4_f32  arm_cfft_f32.o
    0x0800a4a0   0x0800a4a0   0x00000560   Code   RO          979    .text.arm_radix8_butterfly_f32  arm_cfft_radix8_f32.o
    0x0800aa00   0x0800aa00   0x0000003a   Code   RO          936    .text.arm_rfft_1024_fast_init_f32  arm_rfft_fast_init_f32.o
    0x0800aa3a   0x0800aa3a   0x00000002   PAD
    0x0800aa3c   0x0800aa3c   0x00000038   Code   RO          942    .text.arm_rfft_128_fast_init_f32  arm_rfft_fast_init_f32.o
    0x0800aa74   0x0800aa74   0x0000003a   Code   RO          934    .text.arm_rfft_2048_fast_init_f32  arm_rfft_fast_init_f32.o
    0x0800aaae   0x0800aaae   0x00000002   PAD
    0x0800aab0   0x0800aab0   0x0000003a   Code   RO          940    .text.arm_rfft_256_fast_init_f32  arm_rfft_fast_init_f32.o
    0x0800aaea   0x0800aaea   0x00000002   PAD
    0x0800aaec   0x0800aaec   0x00000038   Code   RO          946    .text.arm_rfft_32_fast_init_f32  arm_rfft_fast_init_f32.o
    0x0800ab24   0x0800ab24   0x0000003a   Code   RO          932    .text.arm_rfft_4096_fast_init_f32  arm_rfft_fast_init_f32.o
    0x0800ab5e   0x0800ab5e   0x00000002   PAD
    0x0800ab60   0x0800ab60   0x0000003a   Code   RO          938    .text.arm_rfft_512_fast_init_f32  arm_rfft_fast_init_f32.o
    0x0800ab9a   0x0800ab9a   0x00000002   PAD
    0x0800ab9c   0x0800ab9c   0x00000038   Code   RO          944    .text.arm_rfft_64_fast_init_f32  arm_rfft_fast_init_f32.o
    0x0800abd4   0x0800abd4   0x00000686   Code   RO          920    .text.arm_rfft_fast_f32  arm_rfft_fast_f32.o
    0x0800b25a   0x0800b25a   0x00000002   PAD
    0x0800b25c   0x0800b25c   0x0000009a   Code   RO          930    .text.arm_rfft_fast_init_f32  arm_rfft_fast_init_f32.o
    0x0800b2f6   0x0800b2f6   0x00000002   PAD
    0x0800b2f8   0x0800b2f8   0x00000022   Code   RO           11    .text.main          main.o
    0x0800b31a   0x0800b31a   0x00000002   PAD
    0x0800b31c   0x0800b31c   0x00000080   Code   RO          897    .text.tjc_clear_wave  tjc_usart_hmi.o
    0x0800b39c   0x0800b39c   0x00000048   Code   RO          861    .text.tjc_send_string  tjc_usart_hmi.o
    0x0800b3e4   0x0800b3e4   0x00000088   Code   RO          873    .text.tjc_send_txt  tjc_usart_hmi.o
    0x0800b46c   0x0800b46c   0x000000b0   Code   RO          901    .text.tjc_send_wave  tjc_usart_hmi.o
    0x0800b51c   0x0800b51c   0x00000026   Code   RO         1327    i.__ARM_fpclassifyf  m_wm.l(fpclassifyf.o)
    0x0800b542   0x0800b542   0x00000002   PAD
    0x0800b544   0x0800b544   0x000002ac   Code   RO         1272    i.__hardfp_atan2f   m_wm.l(atan2f.o)
    0x0800b7f0   0x0800b7f0   0x00000150   Code   RO         1278    i.__hardfp_cosf     m_wm.l(cosf.o)
    0x0800b940   0x0800b940   0x0000016c   Code   RO         1291    i.__hardfp_logf     m_wm.l(logf.o)
    0x0800baac   0x0800baac   0x0000009a   Code   RO         1304    i.__hardfp_roundf   m_wm.l(roundf.o)
    0x0800bb46   0x0800bb46   0x00000002   PAD
    0x0800bb48   0x0800bb48   0x00000190   Code   RO         1298    i.__hardfp_sinf     m_wm.l(sinf.o)
    0x0800bcd8   0x0800bcd8   0x00000014   Code   RO         1329    i.__mathlib_flt_divzero  m_wm.l(funder.o)
    0x0800bcec   0x0800bcec   0x00000006   Code   RO         1330    i.__mathlib_flt_infnan  m_wm.l(funder.o)
    0x0800bcf2   0x0800bcf2   0x00000006   Code   RO         1331    i.__mathlib_flt_infnan2  m_wm.l(funder.o)
    0x0800bcf8   0x0800bcf8   0x00000010   Code   RO         1332    i.__mathlib_flt_invalid  m_wm.l(funder.o)
    0x0800bd08   0x0800bd08   0x00000010   Code   RO         1335    i.__mathlib_flt_underflow  m_wm.l(funder.o)
    0x0800bd18   0x0800bd18   0x00000154   Code   RO         1343    i.__mathlib_rredf2  m_wm.l(rredf.o)
    0x0800be6c   0x0800be6c   0x0000000e   Code   RO         1245    i._is_digit         c_w.l(__printf_wp.o)
    0x0800be7a   0x0800be7a   0x0000008c   Code   RO         1370    x$fpl$fnaninf       fz_wm.l(fnaninf.o)
    0x0800bf06   0x0800bf06   0x0000001a   Code   RO         1461    x$fpl$fpinit        fz_wm.l(fpinit.o)
    0x0800bf20   0x0800bf20   0x00000060   Code   RO         1324    x$fpl$frnd          fz_wm.l(frnd.o)
    0x0800bf80   0x0800bf80   0x00000000   Code   RO         1326    x$fpl$usenofp       fz_wm.l(usenofp.o)
    0x0800bf80   0x0800bf80   0x00000028   Data   RO         1218    .constdata          c_w.l(_printf_hex_int.o)
    0x0800bfa8   0x0800bfa8   0x00000011   Data   RO         1253    .constdata          c_w.l(__printf_flags_ss_wp.o)
    0x0800bfb9   0x0800bfb9   0x00000003   PAD
    0x0800bfbc   0x0800bfbc   0x00000040   Data   RO         1294    .constdata          m_wm.l(logf.o)
    0x0800bffc   0x0800bffc   0x00000020   Data   RO         1344    .constdata          m_wm.l(rredf.o)
    0x0800c01c   0x0800c01c   0x00000010   Data   RO          743    .rodata.AHBPrescTable  system_stm32f4xx.o
    0x0800c02c   0x0800c02c   0x00000008   Data   RO          744    .rodata.APBPrescTable  system_stm32f4xx.o
    0x0800c034   0x0800c034   0x00000003   Data   RO          906    .rodata.TjcHmi_SendTerminator.terminator  tjc_usart_hmi.o
    0x0800c037   0x0800c037   0x00000001   PAD
    0x0800c038   0x0800c038   0x00000e10   Data   RO         1054    .rodata.armBitRevIndexTable1024  arm_common_tables.o
    0x0800ce48   0x0800ce48   0x000001a0   Data   RO         1051    .rodata.armBitRevIndexTable128  arm_common_tables.o
    0x0800cfe8   0x0800cfe8   0x00000028   Data   RO         1048    .rodata.armBitRevIndexTable16  arm_common_tables.o
    0x0800d010   0x0800d010   0x00001dc0   Data   RO         1055    .rodata.armBitRevIndexTable2048  arm_common_tables.o
    0x0800edd0   0x0800edd0   0x00000370   Data   RO         1052    .rodata.armBitRevIndexTable256  arm_common_tables.o
    0x0800f140   0x0800f140   0x00000060   Data   RO         1049    .rodata.armBitRevIndexTable32  arm_common_tables.o
    0x0800f1a0   0x0800f1a0   0x00001f80   Data   RO         1056    .rodata.armBitRevIndexTable4096  arm_common_tables.o
    0x08011120   0x08011120   0x00000380   Data   RO         1053    .rodata.armBitRevIndexTable512  arm_common_tables.o
    0x080114a0   0x080114a0   0x00000070   Data   RO         1050    .rodata.armBitRevIndexTable64  arm_common_tables.o
    0x08011510   0x08011510   0x00000010   Data   RO         1139    .rodata.arm_cfft_sR_f32_len1024  arm_const_structs.o
    0x08011520   0x08011520   0x00000010   Data   RO         1136    .rodata.arm_cfft_sR_f32_len128  arm_const_structs.o
    0x08011530   0x08011530   0x00000010   Data   RO         1133    .rodata.arm_cfft_sR_f32_len16  arm_const_structs.o
    0x08011540   0x08011540   0x00000010   Data   RO         1140    .rodata.arm_cfft_sR_f32_len2048  arm_const_structs.o
    0x08011550   0x08011550   0x00000010   Data   RO         1137    .rodata.arm_cfft_sR_f32_len256  arm_const_structs.o
    0x08011560   0x08011560   0x00000010   Data   RO         1134    .rodata.arm_cfft_sR_f32_len32  arm_const_structs.o
    0x08011570   0x08011570   0x00000010   Data   RO         1141    .rodata.arm_cfft_sR_f32_len4096  arm_const_structs.o
    0x08011580   0x08011580   0x00000010   Data   RO         1138    .rodata.arm_cfft_sR_f32_len512  arm_const_structs.o
    0x08011590   0x08011590   0x00000010   Data   RO         1135    .rodata.arm_cfft_sR_f32_len64  arm_const_structs.o
    0x080115a0   0x080115a0   0x00000008   Data   RO          849    .rodata.s_Calibration  gmeasurementcalibration.o
    0x080115a8   0x080115a8   0x00000050   Data   RO          850    .rodata.s_CalibrationPoints  gmeasurementcalibration.o
    0x080115f8   0x080115f8   0x00000144   Data   RO          808    .rodata.str1.1      gsignalflow.o
    0x0801173c   0x0801173c   0x00000018   Data   RO          903    .rodata.str1.1      tjc_usart_hmi.o
    0x08011754   0x08011754   0x00000011   Data   RO          809    .rodata.str1.4      gsignalflow.o
    0x08011765   0x08011765   0x00000003   PAD
    0x08011768   0x08011768   0x00002000   Data   RO         1018    .rodata.twiddleCoef_1024  arm_common_tables.o
    0x08013768   0x08013768   0x00000400   Data   RO         1015    .rodata.twiddleCoef_128  arm_common_tables.o
    0x08013b68   0x08013b68   0x00000080   Data   RO         1012    .rodata.twiddleCoef_16  arm_common_tables.o
    0x08013be8   0x08013be8   0x00004000   Data   RO         1019    .rodata.twiddleCoef_2048  arm_common_tables.o
    0x08017be8   0x08017be8   0x00000800   Data   RO         1016    .rodata.twiddleCoef_256  arm_common_tables.o
    0x080183e8   0x080183e8   0x00000100   Data   RO         1013    .rodata.twiddleCoef_32  arm_common_tables.o
    0x080184e8   0x080184e8   0x00008000   Data   RO         1020    .rodata.twiddleCoef_4096  arm_common_tables.o
    0x080204e8   0x080204e8   0x00001000   Data   RO         1017    .rodata.twiddleCoef_512  arm_common_tables.o
    0x080214e8   0x080214e8   0x00000200   Data   RO         1014    .rodata.twiddleCoef_64  arm_common_tables.o
    0x080216e8   0x080216e8   0x00001000   Data   RO         1079    .rodata.twiddleCoef_rfft_1024  arm_common_tables.o
    0x080226e8   0x080226e8   0x00000200   Data   RO         1076    .rodata.twiddleCoef_rfft_128  arm_common_tables.o
    0x080228e8   0x080228e8   0x00002000   Data   RO         1080    .rodata.twiddleCoef_rfft_2048  arm_common_tables.o
    0x080248e8   0x080248e8   0x00000400   Data   RO         1077    .rodata.twiddleCoef_rfft_256  arm_common_tables.o
    0x08024ce8   0x08024ce8   0x00000080   Data   RO         1074    .rodata.twiddleCoef_rfft_32  arm_common_tables.o
    0x08024d68   0x08024d68   0x00004000   Data   RO         1081    .rodata.twiddleCoef_rfft_4096  arm_common_tables.o
    0x08028d68   0x08028d68   0x00000800   Data   RO         1078    .rodata.twiddleCoef_rfft_512  arm_common_tables.o
    0x08029568   0x08029568   0x00000100   Data   RO         1075    .rodata.twiddleCoef_rfft_64  arm_common_tables.o
    0x08029668   0x08029668   0x00000020   Data   RO         1522    Region$$Table       anon$$obj.o


    Execution Region RW_IRAM1 (Exec base: 0x20000000, Load base: 0x08029688, Size: 0x0000e0d8, Max: 0x0001c000, ABSOLUTE)

    Exec Addr    Load Addr    Size         Type   Attr      Idx    E Section Name        Object

    0x20000000   0x08029688   0x00000008   Data   RW          581    .data..L_MergedGlobals  stm32f4xx_hal.o
    0x20000008   0x08029690   0x00000004   Data   RW          742    .data.SystemCoreClock  system_stm32f4xx.o
    0x2000000c   0x08029694   0x00000004   PAD
    0x20000010        -       0x00000060   Zero   RW         1373    .bss                c_w.l(libspace.o)
    0x20000070        -       0x00000014   Zero   RW           35    .bss..L_MergedGlobals  gserial.o
    0x20000084        -       0x00000038   Zero   RW          810    .bss..L_MergedGlobals  gsignalflow.o
    0x200000bc        -       0x0000001c   Zero   RW          826    .bss..L_MergedGlobals  spectrumanalyzer.o
    0x200000d8        -       0x0000005c   Zero   RW          907    .bss..L_MergedGlobals  tjc_usart_hmi.o
    0x20000134        -       0x00000058   Zero   RW           58    .bss.hspi1          spi.o
    0x2000018c        -       0x00000048   Zero   RW          108    .bss.huart1         usart.o
    0x200001d4        -       0x00002000   Zero   RW          802    .bss.s_CaptureFrame  gsignalflow.o
    0x200021d4        -       0x00000001   Zero   RW          767    .bss.s_CycleCounterReady  fpgalink.o
    0x200021d5   0x08029694   0x00000003   PAD
    0x200021d8        -       0x00004000   Zero   RW          824    .bss.s_FftInput     spectrumanalyzer.o
    0x200061d8        -       0x00004000   Zero   RW          825    .bss.s_FftOutput    spectrumanalyzer.o
    0x2000a1d8        -       0x00002000   Zero   RW          823    .bss.s_HannWindowQ15  spectrumanalyzer.o
    0x2000c1d8        -       0x00000048   Zero   RW          804    .bss.s_Measurement  gsignalflow.o
    0x2000c220        -       0x00000048   Zero   RW          803    .bss.s_Result       gsignalflow.o
    0x2000c268        -       0x000001fa   Zero   RW          905    .bss.s_RingBuffer   tjc_usart_hmi.o
    0x2000c462   0x08029694   0x00000002   PAD
    0x2000c464        -       0x00000400   Zero   RW          807    .bss.s_SpectrumDisplay  gsignalflow.o
    0x2000c864        -       0x00000400   Zero   RW          806    .bss.s_WaveDisplay  gsignalflow.o
    0x2000cc64        -       0x00000210   Zero   RW          805    .bss.s_Waveform     gsignalflow.o
    0x2000ce74        -       0x00000060   Zero   RW          904    .bss.str1           tjc_usart_hmi.o
    0x2000ced4        -       0x00000004   Zero   RW          580    .bss.uwTick         stm32f4xx_hal.o
    0x2000ced8        -       0x00000200   Zero   RW            2    HEAP                startup_stm32f407xx.o
    0x2000d0d8        -       0x00001000   Zero   RW            1    STACK               startup_stm32f407xx.o


    Execution Region RW_IRAM2 (Exec base: 0x2001c000, Load base: 0x08029698, Size: 0x00000000, Max: 0x00004000, ABSOLUTE)

    **** No section assigned to this execution region ****


==============================================================================

Image component sizes


      Code (inc. data)   RO Data    RW Data    ZI Data      Debug   Object Name

       340          0          0          0          0       2474   arm_bitreversal2.o
      2168          0          0          0          0       9321   arm_cfft_f32.o
       194          0          0          0          0       1465   arm_cfft_init_f32.o
      1376          4          0          0          0       6275   arm_cfft_radix8_f32.o
         0          0     119768          0          0       6334   arm_common_tables.o
         0          0        144          0          0       4894   arm_const_structs.o
      1670          0          0          0          0      15356   arm_rfft_fast_f32.o
       612          0          0          0          0       4819   arm_rfft_fast_init_f32.o
      3988          0          0          0          1      14200   fpgalink.o
      4204         44          0          0          0      12986   gmeasurement.o
        10          0         88          0          0        956   gmeasurementcalibration.o
        86          0          0          0          0       2024   gpio.o
       248          0          0          0         20       5179   gserial.o
      8408        524        341          0      10968      24801   gsignalflow.o
       208          0          0          0          0       2928   main.o
     10392         92          0          0      40988      32167   spectrumanalyzer.o
       190          0          0          0         88       5048   spi.o
        64         26        392          0       4608        840   startup_stm32f407xx.o
       204          0          0          8          4       7303   stm32f4xx_hal.o
       196          0          0          0          0      10721   stm32f4xx_hal_cortex.o
       178          0          0          0          0      10569   stm32f4xx_hal_dma.o
       424          0          0          0          0       5431   stm32f4xx_hal_gpio.o
        56          0          0          0          0       1450   stm32f4xx_hal_msp.o
      1482          4          0          0          0       7573   stm32f4xx_hal_rcc.o
      1952          0          0          0          0      26226   stm32f4xx_hal_spi.o
      2508          0          0          0          0      32797   stm32f4xx_hal_uart.o
        32          0          0          0          0       4037   stm32f4xx_it.o
        18          0         24          4          0       2592   system_stm32f4xx.o
      2582        108         27          0        694      22978   tjc_usart_hmi.o
       194          0          0          0         72       6935   usart.o

    ----------------------------------------------------------------------
     44080        802     120820         12      57452     290679   Object Totals
         0          0         32          0          0          0   (incl. Generated)
        96          0          4          0          9          0   (incl. Padding)

    ----------------------------------------------------------------------

      Code (inc. data)   RO Data    RW Data    ZI Data      Debug   Library Member Name

        64          6          0          0          0         84   __2snprintf.o
         8          0          0          0          0         68   __main.o
       392          4         17          0          0         92   __printf_flags_ss_wp.o
        14          0          0          0          0         68   __printf_wp.o
         0          0          0          0          0          0   __rtentry.o
        12          0          0          0          0          0   __rtentry2.o
         6          0          0          0          0          0   __rtentry4.o
        94          8          0          0          0          0   __scatter.o
        26          0          0          0          0          0   __scatter_copy.o
        28          0          0          0          0          0   __scatter_zi.o
        44          0          0          0          0        108   _printf_char.o
        48          6          0          0          0         96   _printf_char_common.o
         6          0          0          0          0          0   _printf_d.o
       120         16          0          0          0         92   _printf_dec.o
        88          4         40          0          0         88   _printf_hex_int.o
       178          0          0          0          0         88   _printf_intcommon.o
        78          0          0          0          0        108   _printf_pad.o
         0          0          0          0          0          0   _printf_percent.o
         4          0          0          0          0          0   _printf_percent_end.o
         6          0          0          0          0          0   _printf_s.o
        82          0          0          0          0         80   _printf_str.o
         6          0          0          0          0          0   _printf_u.o
         6          0          0          0          0          0   _printf_x.o
        22          0          0          0          0        100   _rserrno.o
        16          0          0          0          0         68   _snputc.o
        16          0          0          0          0         68   aeabi_memset4.o
        18          0          0          0          0         80   exit.o
         6          0          0          0          0        152   heapauxi.o
         0          0          0          0          0          0   indicate_semi.o
         2          0          0          0          0          0   libinit.o
         6          0          0          0          0          0   libinit2.o
         2          0          0          0          0          0   libshutdown.o
         2          0          0          0          0          0   libshutdown2.o
         8          4          0          0         96         68   libspace.o
       240          0          0          0          0        100   lludivv7m.o
         8          4          0          0          0         68   rt_errno_addr_intlibspace.o
        78          0          0          0          0         80   rt_memclr_w.o
         2          0          0          0          0          0   rtexit.o
        10          0          0          0          0          0   rtexit2.o
        62          0          0          0          0         76   strlen.o
        12          4          0          0          0         68   sys_exit.o
        74          0          0          0          0         80   sys_stackheap_outer.o
         2          0          0          0          0         68   use_no_semi.o
       140          4          0          0          0        132   fnaninf.o
        26          0          0          0          0        116   fpinit.o
        96          4          0          0          0        124   frnd.o
         0          0          0          0          0          0   usenofp.o
       684         90          0          0          0        208   atan2f.o
       336         56          0          0          0        136   cosf.o
        38          0          0          0          0        116   fpclassifyf.o
        64         18          0          0          0        580   funder.o
       364         44         64          0          0        140   logf.o
       154          0          0          0          0        140   roundf.o
       340         24         32          0          0        160   rredf.o
       400         56          0          0          0        212   sinf.o

    ----------------------------------------------------------------------
      4552        352        156          0         96       4112   Library Totals
        14          0          3          0          0          0   (incl. Padding)

    ----------------------------------------------------------------------

      Code (inc. data)   RO Data    RW Data    ZI Data      Debug   Library Name

      1896         56         57          0         96       2048   c_w.l
       262          8          0          0          0        372   fz_wm.l
      2380        288         96          0          0       1692   m_wm.l

    ----------------------------------------------------------------------
      4552        352        156          0         96       4112   Library Totals

    ----------------------------------------------------------------------

==============================================================================


      Code (inc. data)   RO Data    RW Data    ZI Data      Debug   

     48632       1154     120976         12      57548     291999   Grand Totals
     48632       1154     120976         12      57548     291999   ELF Image Totals
     48632       1154     120976         12          0          0   ROM Totals

==============================================================================

    Total RO  Size (Code + RO Data)               169608 ( 165.63kB)
    Total RW  Size (RW Data + ZI Data)             57560 (  56.21kB)
    Total ROM Size (Code + RO Data + RW Data)     169620 ( 165.64kB)

==============================================================================

