*** Using Compiler 'V6.23', folder: 'D:\KEIL\CORE\ARM\ARMCLANG\Bin'
Rebuild target 'stm32_FilterShell_2026GA'
compiling spi.c...
compiling stm32f4xx_hal_msp.c...
assembling startup_stm32f407xx.s...
compiling gpio.c...
compiling stm32f4xx_hal_flash_ramfunc.c...
compiling stm32f4xx_it.c...
compiling usart.c...
compiling main.c...
compiling GSerial.c...
compiling stm32f4xx_hal_gpio.c...
compiling stm32f4xx_hal_flash_ex.c...
compiling stm32f4xx_hal_rcc_ex.c...
compiling stm32f4xx_hal_flash.c...
compiling stm32f4xx_hal_rcc.c...
compiling stm32f4xx_hal_spi.c...
compiling stm32f4xx_hal_dma_ex.c...
compiling stm32f4xx_hal_pwr_ex.c...
compiling stm32f4xx_hal_pwr.c...
compiling stm32f4xx_hal_cortex.c...
compiling stm32f4xx_hal.c...
compiling stm32f4xx_hal_dma.c...
compiling stm32f4xx_hal_exti.c...
compiling system_stm32f4xx.c...
compiling GMeasurementCalibration.c...
compiling FpgaLink.c...
compiling GMeasurement.c...
compiling arm_rfft_fast_init_f32.c...
compiling GSignalFlow.c...
compiling arm_cfft_init_f32.c...
compiling arm_rfft_fast_f32.c...
compiling arm_const_structs.c...
compiling arm_cfft_f32.c...
compiling arm_bitreversal2.c...
compiling arm_cfft_radix8_f32.c...
compiling tjc_usart_hmi.c...
compiling stm32f4xx_hal_uart.c...
compiling SpectrumAnalyzer.c...
compiling arm_common_tables.c...
linking...
Program Size: Code=48632 RO-data=120976 RW-data=12 ZI-data=57548  
FromELF: creating hex file...
"stm32_FilterShell_2026GA\stm32_FilterShell_2026GA.axf" - 0 Error(s), 0 Warning(s).
Build Time Elapsed:  00:00:02
