*** Using Compiler 'V5.06 update 7 (build 960)', folder: 'D:\KEIL\CORE\ARM\ARMCC\Bin'
Rebuild target 'stm32_FilterShell_2026GA'
assembling startup_stm32f407xx.s...
compiling stm32f4xx_hal_gpio.c...
compiling stm32f4xx_hal_dma.c...
Fatal error: C3904U: Could not open via file 'stm32_filtershell_2026ga\stm32f4xx_hal_dma.__i'.
compiling main.c...
compiling stm32f4xx_hal_pwr.c...
Fatal error: C3904U: Could not open via file 'stm32_filtershell_2026ga\stm32f4xx_hal_pwr.__i'.
compiling stm32f4xx_hal_pwr_ex.c...
Fatal error: C3904U: Could not open via file 'stm32_filtershell_2026ga\stm32f4xx_hal_pwr_ex.__i'.
compiling stm32f4xx_hal_cortex.c...
Fatal error: C3904U: Could not open via file 'stm32_filtershell_2026ga\stm32f4xx_hal_cortex.__i'.
compiling stm32f4xx_hal.c...
Fatal error: C3904U: Could not open via file 'stm32_filtershell_2026ga\stm32f4xx_hal.__i'.
compiling stm32f4xx_hal_exti.c...
Fatal error: C3904U: Could not open via file 'stm32_filtershell_2026ga\stm32f4xx_hal_exti.__i'.
compiling stm32f4xx_hal_uart.c...
Fatal error: C3904U: Could not open via file 'stm32_filtershell_2026ga\stm32f4xx_hal_uart.__i'.
compiling system_stm32f4xx.c...
Fatal error: C3904U: Could not open via file 'stm32_filtershell_2026ga\system_stm32f4xx.__i'.
compiling FpgaLink.c...
Fatal error: C3904U: Could not open via file 'stm32_filtershell_2026ga\fpgalink.__i'.
compiling SpectrumAnalyzer.c...
Fatal error: C3904U: Could not open via file 'stm32_filtershell_2026ga\spectrumanalyzer.__i'.
compiling GSignalFlow.c...
Fatal error: C3904U: Could not open via file 'stm32_filtershell_2026ga\gsignalflow.__i'.
compiling stm32f4xx_hal_flash_ramfunc.c...
compiling GSerial.c...
compiling GMeasurement.c...
Fatal error: C3904U: Could not open via file 'stm32_filtershell_2026ga\gmeasurement.__i'.
compiling GMeasurementCalibration.c...
Fatal error: C3904U: Could not open via file 'stm32_filtershell_2026ga\gmeasurementcalibration.__i'.
compiling tjc_usart_hmi.c...
Fatal error: C3904U: Could not open via file 'stm32_filtershell_2026ga\tjc_usart_hmi.__i'.
compiling arm_rfft_fast_f32.c...
Fatal error: C3904U: Could not open via file 'stm32_filtershell_2026ga\arm_rfft_fast_f32.__i'.
compiling arm_cfft_f32.c...
Fatal error: C3904U: Could not open via file 'stm32_filtershell_2026ga\arm_cfft_f32.__i'.
compiling arm_rfft_fast_init_f32.c...
Fatal error: C3904U: Could not open via file 'stm32_filtershell_2026ga\arm_rfft_fast_init_f32.__i'.
compiling arm_cfft_init_f32.c...
Fatal error: C3904U: Could not open via file 'stm32_filtershell_2026ga\arm_cfft_init_f32.__i'.
compiling arm_cfft_radix8_f32.c...
Fatal error: C3904U: Could not open via file 'stm32_filtershell_2026ga\arm_cfft_radix8_f32.__i'.
compiling arm_bitreversal2.c...
Fatal error: C3904U: Could not open via file 'stm32_filtershell_2026ga\arm_bitreversal2.__i'.
compiling arm_const_structs.c...
Fatal error: C3904U: Could not open via file 'stm32_filtershell_2026ga\arm_const_structs.__i'.
compiling arm_common_tables.c...
Fatal error: C3904U: Could not open via file 'stm32_filtershell_2026ga\arm_common_tables.__i'.
compiling stm32f4xx_hal_msp.c...
compiling gpio.c...
compiling stm32f4xx_it.c...
compiling stm32f4xx_hal_rcc_ex.c...
compiling usart.c...
compiling stm32f4xx_hal_rcc.c...
compiling spi.c...
compiling stm32f4xx_hal_spi.c...
compiling stm32f4xx_hal_flash_ex.c...
compiling stm32f4xx_hal_flash.c...
compiling stm32f4xx_hal_dma_ex.c...
"stm32_FilterShell_2026GA\stm32_FilterShell_2026GA.axf" - 22 Error(s), 0 Warning(s).
Target not created.
Build Time Elapsed:  00:00:10
