*** Using Compiler 'V5.06 update 7 (build 960)', folder: 'E:\100ProgramSoftware\keil5\ARM\ARMCC\Bin'
Build target 'stm32_FilterShell_2026GA'
assembling startup_stm32f407xx.s...
compiling stm32f4xx_it.c...
compiling GSerial.c...
compiling stm32f4xx_hal_rcc.c...
compiling gpio.c...
compiling stm32f4xx_hal_flash.c...
compiling spi.c...
compiling main.c...
compiling usart.c...
compiling stm32f4xx_hal_msp.c...
compiling stm32f4xx_hal_rcc_ex.c...
compiling stm32f4xx_hal_spi.c...
compiling stm32f4xx_hal_flash_ex.c...
compiling stm32f4xx_hal_dma.c...
compiling stm32f4xx_hal_gpio.c...
compiling stm32f4xx_hal_exti.c...
compiling stm32f4xx_hal_flash_ramfunc.c...
compiling stm32f4xx_hal_pwr_ex.c...
compiling stm32f4xx_hal.c...
compiling stm32f4xx_hal_cortex.c...
compiling stm32f4xx_hal_uart.c...
compiling GMeasurementCalibration.c...
compiling stm32f4xx_hal_pwr.c...
compiling GMeasurement.c...
compiling stm32f4xx_hal_dma_ex.c...
compiling SpectrumAnalyzer.c...
compiling arm_rfft_fast_init_f32.c...
compiling arm_rfft_fast_f32.c...
compiling arm_cfft_init_f32.c...
compiling arm_bitreversal2.c...
compiling arm_cfft_f32.c...
compiling arm_cfft_radix8_f32.c...
compiling arm_const_structs.c...
compiling arm_common_tables.c...
compiling FpgaLink.c...
compiling system_stm32f4xx.c...
compiling GSignalFlow.c...
linking...
Program Size: Code=21318 RO-data=120746 RW-data=68 ZI-data=54716  
FromELF: creating hex file...
"stm32_FilterShell_2026GA\stm32_FilterShell_2026GA.axf" - 0 Error(s), 0 Warning(s).
Build Time Elapsed:  00:00:17
