Component: ARM Compiler 5.06 update 7 (build 960) Tool: armlink [4d3601]

==============================================================================

Section Cross References

    startup_stm32f407xx.o(STACK) refers (Special) to heapauxi.o(.text) for __use_two_region_memory
    startup_stm32f407xx.o(HEAP) refers (Special) to heapauxi.o(.text) for __use_two_region_memory
    startup_stm32f407xx.o(RESET) refers (Special) to heapauxi.o(.text) for __use_two_region_memory
    startup_stm32f407xx.o(RESET) refers to startup_stm32f407xx.o(STACK) for __initial_sp
    startup_stm32f407xx.o(RESET) refers to startup_stm32f407xx.o(.text) for Reset_Handler
    startup_stm32f407xx.o(RESET) refers to stm32f4xx_it.o(i.NMI_Handler) for NMI_Handler
    startup_stm32f407xx.o(RESET) refers to stm32f4xx_it.o(i.HardFault_Handler) for HardFault_Handler
    startup_stm32f407xx.o(RESET) refers to stm32f4xx_it.o(i.MemManage_Handler) for MemManage_Handler
    startup_stm32f407xx.o(RESET) refers to stm32f4xx_it.o(i.BusFault_Handler) for BusFault_Handler
    startup_stm32f407xx.o(RESET) refers to stm32f4xx_it.o(i.UsageFault_Handler) for UsageFault_Handler
    startup_stm32f407xx.o(RESET) refers to stm32f4xx_it.o(i.SVC_Handler) for SVC_Handler
    startup_stm32f407xx.o(RESET) refers to stm32f4xx_it.o(i.DebugMon_Handler) for DebugMon_Handler
    startup_stm32f407xx.o(RESET) refers to stm32f4xx_it.o(i.PendSV_Handler) for PendSV_Handler
    startup_stm32f407xx.o(RESET) refers to stm32f4xx_it.o(i.SysTick_Handler) for SysTick_Handler
    startup_stm32f407xx.o(RESET) refers to stm32f4xx_it.o(i.USART1_IRQHandler) for USART1_IRQHandler
    startup_stm32f407xx.o(.text) refers (Special) to heapauxi.o(.text) for __use_two_region_memory
    startup_stm32f407xx.o(.text) refers to system_stm32f4xx.o(i.SystemInit) for SystemInit
    startup_stm32f407xx.o(.text) refers to __main.o(!!!main) for __main
    startup_stm32f407xx.o(.text) refers to startup_stm32f407xx.o(HEAP) for Heap_Mem
    startup_stm32f407xx.o(.text) refers to startup_stm32f407xx.o(STACK) for Stack_Mem
    main.o(i.SystemClock_Config) refers to rt_memclr_w.o(.text) for __aeabi_memclr4
    main.o(i.SystemClock_Config) refers to stm32f4xx_hal_rcc.o(i.HAL_RCC_OscConfig) for HAL_RCC_OscConfig
    main.o(i.SystemClock_Config) refers to stm32f4xx_hal_rcc.o(i.HAL_RCC_ClockConfig) for HAL_RCC_ClockConfig
    main.o(i.main) refers to stm32f4xx_hal.o(i.HAL_Init) for HAL_Init
    main.o(i.main) refers to main.o(i.SystemClock_Config) for SystemClock_Config
    main.o(i.main) refers to gpio.o(i.MX_GPIO_Init) for MX_GPIO_Init
    main.o(i.main) refers to spi.o(i.MX_SPI1_Init) for MX_SPI1_Init
    main.o(i.main) refers to usart.o(i.MX_USART1_UART_Init) for MX_USART1_UART_Init
    main.o(i.main) refers to gserial.o(i.GSerial_Init) for GSerial_Init
    main.o(i.main) refers to gsignalflow.o(i.GSignalFlow_Init) for GSignalFlow_Init
    main.o(i.main) refers to gsignalflow.o(i.GSignalFlow_Process) for GSignalFlow_Process
    gserial.o(i.GSerial_Init) refers to gserial.o(i.GSerial_StartReceive) for GSerial_StartReceive
    gserial.o(i.GSerial_Init) refers to gserial.o(.data) for .data
    gserial.o(i.GSerial_ReadByte) refers to gserial.o(.data) for .data
    gserial.o(i.GSerial_StartReceive) refers to stm32f4xx_hal_uart.o(i.HAL_UART_Receive_IT) for HAL_UART_Receive_IT
    gserial.o(i.GSerial_StartReceive) refers to gserial.o(.data) for .data
    gserial.o(i.GSerial_StartReceive) refers to usart.o(.bss) for huart1
    gserial.o(i.GSerial_Transmit) refers to stm32f4xx_hal_uart.o(i.HAL_UART_Transmit) for HAL_UART_Transmit
    gserial.o(i.GSerial_Transmit) refers to usart.o(.bss) for huart1
    gserial.o(i.HAL_UART_ErrorCallback) refers to gserial.o(i.GSerial_StartReceive) for GSerial_StartReceive
    gserial.o(i.HAL_UART_ErrorCallback) refers to usart.o(.bss) for huart1
    gserial.o(i.HAL_UART_ErrorCallback) refers to gserial.o(.data) for .data
    gserial.o(i.HAL_UART_RxCpltCallback) refers to gserial.o(i.GSerial_StartReceive) for GSerial_StartReceive
    gserial.o(i.HAL_UART_RxCpltCallback) refers to usart.o(.bss) for huart1
    gserial.o(i.HAL_UART_RxCpltCallback) refers to gserial.o(.data) for .data
    gpio.o(i.MX_GPIO_Init) refers to rt_memclr_w.o(.text) for __aeabi_memclr4
    gpio.o(i.MX_GPIO_Init) refers to stm32f4xx_hal_gpio.o(i.HAL_GPIO_WritePin) for HAL_GPIO_WritePin
    gpio.o(i.MX_GPIO_Init) refers to stm32f4xx_hal_gpio.o(i.HAL_GPIO_Init) for HAL_GPIO_Init
    spi.o(i.HAL_SPI_MspDeInit) refers to stm32f4xx_hal_gpio.o(i.HAL_GPIO_DeInit) for HAL_GPIO_DeInit
    spi.o(i.HAL_SPI_MspInit) refers to rt_memclr_w.o(.text) for __aeabi_memclr4
    spi.o(i.HAL_SPI_MspInit) refers to stm32f4xx_hal_gpio.o(i.HAL_GPIO_Init) for HAL_GPIO_Init
    spi.o(i.MX_SPI1_Init) refers to stm32f4xx_hal_spi.o(i.HAL_SPI_Init) for HAL_SPI_Init
    spi.o(i.MX_SPI1_Init) refers to main.o(i.Error_Handler) for Error_Handler
    spi.o(i.MX_SPI1_Init) refers to spi.o(.bss) for .bss
[...]
    UART_Receive_IT                          0x080038c5   Thumb Code   194  stm32f4xx_hal_uart.o(i.UART_Receive_IT)
    i.UART_SetConfig                         0x08003988   Section        0  stm32f4xx_hal_uart.o(i.UART_SetConfig)
    UART_SetConfig                           0x08003989   Thumb Code   258  stm32f4xx_hal_uart.o(i.UART_SetConfig)
    i.UART_Start_Receive_IT                  0x08003a94   Section        0  stm32f4xx_hal_uart.o(i.UART_Start_Receive_IT)
    i.UART_WaitOnFlagUntilTimeout            0x08003aca   Section        0  stm32f4xx_hal_uart.o(i.UART_WaitOnFlagUntilTimeout)
    UART_WaitOnFlagUntilTimeout              0x08003acb   Thumb Code   114  stm32f4xx_hal_uart.o(i.UART_WaitOnFlagUntilTimeout)
    i.USART1_IRQHandler                      0x08003b3c   Section        0  stm32f4xx_it.o(i.USART1_IRQHandler)
    i.UsageFault_Handler                     0x08003b48   Section        0  stm32f4xx_it.o(i.UsageFault_Handler)
    i.__ARM_fpclassifyf                      0x08003b4a   Section        0  fpclassifyf.o(i.__ARM_fpclassifyf)
    i.__NVIC_SetPriority                     0x08003b70   Section        0  stm32f4xx_hal_cortex.o(i.__NVIC_SetPriority)
    __NVIC_SetPriority                       0x08003b71   Thumb Code    32  stm32f4xx_hal_cortex.o(i.__NVIC_SetPriority)
    i.__hardfp_atan2f                        0x08003b90   Section        0  atan2f.o(i.__hardfp_atan2f)
    i.__hardfp_ceilf                         0x08003e3c   Section        0  ceilf.o(i.__hardfp_ceilf)
    i.__hardfp_cosf                          0x08003ea8   Section        0  cosf.o(i.__hardfp_cosf)
    i.__hardfp_floorf                        0x08003ff8   Section        0  floorf.o(i.__hardfp_floorf)
    i.__hardfp_logf                          0x08004068   Section        0  logf.o(i.__hardfp_logf)
    i.__hardfp_sinf                          0x080041d4   Section        0  sinf.o(i.__hardfp_sinf)
    i.__hardfp_sqrtf                         0x08004364   Section        0  sqrtf.o(i.__hardfp_sqrtf)
    i.__mathlib_flt_divzero                  0x080043a0   Section        0  funder.o(i.__mathlib_flt_divzero)
    i.__mathlib_flt_infnan                   0x080043b4   Section        0  funder.o(i.__mathlib_flt_infnan)
    i.__mathlib_flt_infnan2                  0x080043ba   Section        0  funder.o(i.__mathlib_flt_infnan2)
    i.__mathlib_flt_invalid                  0x080043c0   Section        0  funder.o(i.__mathlib_flt_invalid)
    i.__mathlib_flt_underflow                0x080043d0   Section        0  funder.o(i.__mathlib_flt_underflow)
    i.__mathlib_rredf2                       0x080043e0   Section        0  rredf.o(i.__mathlib_rredf2)
    i._is_digit                              0x08004534   Section        0  __printf_wp.o(i._is_digit)
    i.arm_bitreversal_32                     0x08004544   Section        0  arm_bitreversal2.o(i.arm_bitreversal_32)
    i.arm_cfft_f32                           0x08004582   Section        0  arm_cfft_f32.o(i.arm_cfft_f32)
    i.arm_cfft_init_f32                      0x08004650   Section        0  arm_cfft_init_f32.o(i.arm_cfft_init_f32)
    i.arm_cfft_radix8by2_f32                 0x080046e4   Section        0  arm_cfft_f32.o(i.arm_cfft_radix8by2_f32)
    i.arm_cfft_radix8by4_f32                 0x0800486c   Section        0  arm_cfft_f32.o(i.arm_cfft_radix8by4_f32)
    i.arm_radix8_butterfly_f32               0x08004c98   Section        0  arm_cfft_radix8_f32.o(i.arm_radix8_butterfly_f32)
    i.arm_rfft_1024_fast_init_f32            0x0800515c   Section        0  arm_rfft_fast_init_f32.o(i.arm_rfft_1024_fast_init_f32)
    arm_rfft_1024_fast_init_f32              0x0800515d   Thumb Code    38  arm_rfft_fast_init_f32.o(i.arm_rfft_1024_fast_init_f32)
    i.arm_rfft_128_fast_init_f32             0x08005188   Section        0  arm_rfft_fast_init_f32.o(i.arm_rfft_128_fast_init_f32)
    arm_rfft_128_fast_init_f32               0x08005189   Thumb Code    34  arm_rfft_fast_init_f32.o(i.arm_rfft_128_fast_init_f32)
    i.arm_rfft_2048_fast_init_f32            0x080051b0   Section        0  arm_rfft_fast_init_f32.o(i.arm_rfft_2048_fast_init_f32)
    arm_rfft_2048_fast_init_f32              0x080051b1   Thumb Code    38  arm_rfft_fast_init_f32.o(i.arm_rfft_2048_fast_init_f32)
    i.arm_rfft_256_fast_init_f32             0x080051dc   Section        0  arm_rfft_fast_init_f32.o(i.arm_rfft_256_fast_init_f32)
    arm_rfft_256_fast_init_f32               0x080051dd   Thumb Code    36  arm_rfft_fast_init_f32.o(i.arm_rfft_256_fast_init_f32)
    i.arm_rfft_32_fast_init_f32              0x08005204   Section        0  arm_rfft_fast_init_f32.o(i.arm_rfft_32_fast_init_f32)
    arm_rfft_32_fast_init_f32                0x08005205   Thumb Code    34  arm_rfft_fast_init_f32.o(i.arm_rfft_32_fast_init_f32)
    i.arm_rfft_4096_fast_init_f32            0x0800522c   Section        0  arm_rfft_fast_init_f32.o(i.arm_rfft_4096_fast_init_f32)
    arm_rfft_4096_fast_init_f32              0x0800522d   Thumb Code    38  arm_rfft_fast_init_f32.o(i.arm_rfft_4096_fast_init_f32)
    i.arm_rfft_512_fast_init_f32             0x08005258   Section        0  arm_rfft_fast_init_f32.o(i.arm_rfft_512_fast_init_f32)
    arm_rfft_512_fast_init_f32               0x08005259   Thumb Code    38  arm_rfft_fast_init_f32.o(i.arm_rfft_512_fast_init_f32)
    i.arm_rfft_64_fast_init_f32              0x08005284   Section        0  arm_rfft_fast_init_f32.o(i.arm_rfft_64_fast_init_f32)
    arm_rfft_64_fast_init_f32                0x08005285   Thumb Code    34  arm_rfft_fast_init_f32.o(i.arm_rfft_64_fast_init_f32)
    i.arm_rfft_fast_f32                      0x080052ac   Section        0  arm_rfft_fast_f32.o(i.arm_rfft_fast_f32)
    i.arm_rfft_fast_init_f32                 0x080052e4   Section        0  arm_rfft_fast_init_f32.o(i.arm_rfft_fast_init_f32)
    i.main                                   0x0800535c   Section        0  main.o(i.main)
    i.merge_rfft_f32                         0x0800537e   Section        0  arm_rfft_fast_f32.o(i.merge_rfft_f32)
    i.stage_rfft_f32                         0x08005420   Section        0  arm_rfft_fast_f32.o(i.stage_rfft_f32)
    x$fpl$fpinit                             0x080054c4   Section       10  fpinit.o(x$fpl$fpinit)
    $v0                                      0x080054c4   Number         0  fpinit.o(x$fpl$fpinit)
    .constdata                               0x080054ce   Section       16  system_stm32f4xx.o(.constdata)
    x$fpl$usenofp                            0x080054ce   Section        0  usenofp.o(x$fpl$usenofp)
    .constdata                               0x080054de   Section        8  system_stm32f4xx.o(.constdata)
    .constdata                               0x080054e8   Section       56  gmeasurementcalibration.o(.constdata)
    s_CalibrationPoints                      0x080054e8   Data          56  gmeasurementcalibration.o(.constdata)
    .constdata                               0x08005520   Section        8  gmeasurementcalibration.o(.constdata)
    s_Calibration                            0x08005520   Data           8  gmeasurementcalibration.o(.constdata)
    .constdata                               0x08005528   Section      128  arm_common_tables.o(.constdata)
    .constdata                               0x080055a8   Section      256  arm_common_tables.o(.constdata)
    .constdata                               0x080056a8   Section      512  arm_common_tables.o(.constdata)
    .constdata                               0x080058a8   Section     1024  arm_common_tables.o(.constdata)
    .constdata                               0x08005ca8   Section     2048  arm_common_tables.o(.constdata)
    .constdata                               0x080064a8   Section     4096  arm_common_tables.o(.constdata)
    .constdata                               0x080074a8   Section     8192  arm_common_tables.o(.constdata)
    .constdata                               0x080094a8   Section    16384  arm_common_tables.o(.constdata)
    .constdata                               0x0800d4a8   Section    32768  arm_common_tables.o(.constdata)
    .constdata                               0x080154a8   Section       40  arm_common_tables.o(.constdata)
    .constdata                               0x080154d0   Section       96  arm_common_tables.o(.constdata)
    .constdata                               0x08015530   Section      112  arm_common_tables.o(.constdata)
    .constdata                               0x080155a0   Section      416  arm_common_tables.o(.constdata)
    .constdata                               0x08015740   Section      880  arm_common_tables.o(.constdata)
    .constdata                               0x08015ab0   Section      896  arm_common_tables.o(.constdata)
    .constdata                               0x08015e30   Section     3600  arm_common_tables.o(.constdata)
    .constdata                               0x08016c40   Section     7616  arm_common_tables.o(.constdata)
    .constdata                               0x08018a00   Section     8064  arm_common_tables.o(.constdata)
    .constdata                               0x0801a980   Section      128  arm_common_tables.o(.constdata)
    .constdata                               0x0801aa00   Section      256  arm_common_tables.o(.constdata)
    .constdata                               0x0801ab00   Section      512  arm_common_tables.o(.constdata)
    .constdata                               0x0801ad00   Section     1024  arm_common_tables.o(.constdata)
    .constdata                               0x0801b100   Section     2048  arm_common_tables.o(.constdata)
    .constdata                               0x0801b900   Section     4096  arm_common_tables.o(.constdata)
    .constdata                               0x0801c900   Section     8192  arm_common_tables.o(.constdata)
    .constdata                               0x0801e900   Section    16384  arm_common_tables.o(.constdata)
    .constdata                               0x08022900   Section       16  arm_const_structs.o(.constdata)
    .constdata                               0x08022910   Section       16  arm_const_structs.o(.constdata)
    .constdata                               0x08022920   Section       16  arm_const_structs.o(.constdata)
    .constdata                               0x08022930   Section       16  arm_const_structs.o(.constdata)
    .constdata                               0x08022940   Section       16  arm_const_structs.o(.constdata)
    .constdata                               0x08022950   Section       16  arm_const_structs.o(.constdata)
    .constdata                               0x08022960   Section       16  arm_const_structs.o(.constdata)
    .constdata                               0x08022970   Section       16  arm_const_structs.o(.constdata)
    .constdata                               0x08022980   Section       16  arm_const_structs.o(.constdata)
    .constdata                               0x08022990   Section       40  _printf_hex_int.o(.constdata)
    uc_hextab                                0x08022990   Data          20  _printf_hex_int.o(.constdata)
    lc_hextab                                0x080229a4   Data          20  _printf_hex_int.o(.constdata)
    .constdata                               0x080229b8   Section       17  __printf_flags_ss_wp.o(.constdata)
    maptable                                 0x080229b8   Data          17  __printf_flags_ss_wp.o(.constdata)
    .constdata                               0x080229cc   Section       64  logf.o(.constdata)
    logahi                                   0x080229cc   Data          32  logf.o(.constdata)
    logalo                                   0x080229ec   Data          32  logf.o(.constdata)
    .constdata                               0x08022a0c   Section       32  rredf.o(.constdata)
    twooverpi                                0x08022a0c   Data          32  rredf.o(.constdata)
    .conststring                             0x08022a2c   Section      161  gsignalflow.o(.conststring)
    .data                                    0x20000000   Section       20  gserial.o(.data)
    s_RxByte                                 0x20000000   Data           1  gserial.o(.data)
    s_RxWriteIndex                           0x20000001   Data           1  gserial.o(.data)
    s_RxReadIndex                            0x20000002   Data           1  gserial.o(.data)
    s_RxByteCount                            0x20000004   Data           4  gserial.o(.data)
    s_RxErrorCount                           0x20000008   Data           4  gserial.o(.data)
    s_RxQueue                                0x2000000c   Data           8  gserial.o(.data)
    .data                                    0x20000014   Section       12  stm32f4xx_hal.o(.data)
    .data                                    0x20000020   Section        4  system_stm32f4xx.o(.data)
    .data                                    0x20000024   Section       28  gsignalflow.o(.data)
    s_State                                  0x20000024   Data           1  gsignalflow.o(.data)
    s_FpgaOnline                             0x20000025   Data           1  gsignalflow.o(.data)
    s_WaveformCycles                         0x20000026   Data           1  gsignalflow.o(.data)
    s_NextActionTick                         0x20000028   Data           4  gsignalflow.o(.data)
    s_ReportSequence                         0x2000002c   Data           4  gsignalflow.o(.data)
    s_ActiveSequence                         0x20000030   Data           4  gsignalflow.o(.data)
    s_CycleStartTick                         0x20000034   Data           4  gsignalflow.o(.data)
    s_AnalysisElapsedMs                      0x20000038   Data           4  gsignalflow.o(.data)
    s_FpgaId                                 0x2000003c   Data           4  gsignalflow.o(.data)
    .data                                    0x20000040   Section        2  spectrumanalyzer.o(.data)
    s_WindowReady                            0x20000040   Data           1  spectrumanalyzer.o(.data)
    s_FftReady                               0x20000041   Data           1  spectrumanalyzer.o(.data)
    .bss                                     0x20000044   Section       88  spi.o(.bss)
    .bss                                     0x2000009c   Section       72  usart.o(.bss)
    .bss                                     0x200000e4   Section     8864  gsignalflow.o(.bss)
    s_CaptureFrame                           0x200000e4   Data        8192  gsignalflow.o(.bss)
    s_Result                                 0x200020e4   Data          72  gsignalflow.o(.bss)
    s_Measurement                            0x2000212c   Data          72  gsignalflow.o(.bss)
    s_Waveform                               0x20002174   Data         528  gsignalflow.o(.bss)
    .bss                                     0x20002384   Section    40984  spectrumanalyzer.o(.bss)
    s_FftInput                               0x20002384   Data       16384  spectrumanalyzer.o(.bss)
    s_FftOutput                              0x20006384   Data       16384  spectrumanalyzer.o(.bss)
    s_HannWindowQ15                          0x2000a384   Data        8192  spectrumanalyzer.o(.bss)
    s_RfftInstance                           0x2000c384   Data          24  spectrumanalyzer.o(.bss)
    .bss                                     0x2000c39c   Section       96  libspace.o(.bss)
    HEAP                                     0x2000c400   Section      512  startup_stm32f407xx.o(HEAP)
    Heap_Mem                                 0x2000c400   Data         512  startup_stm32f407xx.o(HEAP)
    STACK                                    0x2000c600   Section     4096  startup_stm32f407xx.o(STACK)
    Stack_Mem                                0x2000c600   Data        4096  startup_stm32f407xx.o(STACK)
    __initial_sp                             0x2000d600   Data           0  startup_stm32f407xx.o(STACK)

    Global Symbols

    Symbol Name                              Value     Ov Type        Size  Object(Section)

    BuildAttributes$$THM_ISAv4$E$P$D$K$B$S$7EM$VFPi3$EXTD16$VFPS$VFMA$PE$A:L22UL41UL21$X:L11$S22US41US21$IEEE1$IW$USESV6$~STKCKD$USESV7$~SHL$OTIME$ROPI$IEEEX$EBA8$UX$STANDARDLIB$REQ8$PRES8$EABIv2 0x00000000   Number         0  anon$$obj.o ABSOLUTE
    __ARM_use_no_argv                        0x00000000   Number         0  main.o ABSOLUTE
    _printf_flags                            0x00000000   Number         0  printf_stubs.o ABSOLUTE
    _printf_return_value                     0x00000000   Number         0  printf_stubs.o ABSOLUTE
    _printf_sizespec                         0x00000000   Number         0  printf_stubs.o ABSOLUTE
    _printf_widthprec                        0x00000000   Number         0  printf_stubs.o ABSOLUTE
    __ARM_exceptions_init                     - Undefined Weak Reference
    __alloca_initialize                       - Undefined Weak Reference
    __arm_fini_                               - Undefined Weak Reference
    __arm_preinit_                            - Undefined Weak Reference
    __cpp_initialize__aeabi_                  - Undefined Weak Reference
    __cxa_finalize                            - Undefined Weak Reference
    __rt_locale                               - Undefined Weak Reference
    __sigvec_lookup                           - Undefined Weak Reference
    _atexit_init                              - Undefined Weak Reference
    _call_atexit_fns                          - Undefined Weak Reference
    _clock_init                               - Undefined Weak Reference
    _fp_trap_init                             - Undefined Weak Reference
    _fp_trap_shutdown                         - Undefined Weak Reference
    _get_lc_collate                           - Undefined Weak Reference
    _get_lc_ctype                             - Undefined Weak Reference
    _get_lc_monetary                          - Undefined Weak Reference
    _get_lc_numeric                           - Undefined Weak Reference
    _get_lc_time                              - Undefined Weak Reference
    _getenv_init                              - Undefined Weak Reference
    _handle_redirection                       - Undefined Weak Reference
    _init_alloc                               - Undefined Weak Reference
    _init_user_alloc                          - Undefined Weak Reference
    _initio                                   - Undefined Weak Reference
    _printf_mbtowc                            - Undefined Weak Reference
    _printf_truncate_signed                   - Undefined Weak Reference
    _printf_truncate_unsigned                 - Undefined Weak Reference
    _rand_init                                - Undefined Weak Reference
    _signal_finish                            - Undefined Weak Reference
    _signal_init                              - Undefined Weak Reference
    _terminate_alloc                          - Undefined Weak Reference
    _terminate_user_alloc                     - Undefined Weak Reference
    _terminateio                              - Undefined Weak Reference
    __Vectors_Size                           0x00000188   Number         0  startup_stm32f407xx.o ABSOLUTE
    __Vectors                                0x08000000   Data           4  startup_stm32f407xx.o(RESET)
    __Vectors_End                            0x08000188   Data           0  startup_stm32f407xx.o(RESET)
    __main                                   0x08000189   Thumb Code     8  __main.o(!!!main)
    __scatterload                            0x08000191   Thumb Code     0  __scatter.o(!!!scatter)
    __scatterload_rt2                        0x08000191   Thumb Code    44  __scatter.o(!!!scatter)
    __scatterload_rt2_thumb_only             0x08000191   Thumb Code     0  __scatter.o(!!!scatter)
    __scatterload_null                       0x0800019f   Thumb Code     0  __scatter.o(!!!scatter)
    __scatterload_copy                       0x080001c5   Thumb Code    26  __scatter_copy.o(!!handler_copy)
    __scatterload_zeroinit                   0x080001e1   Thumb Code    28  __scatter_zi.o(!!handler_zi)
    _printf_d                                0x080001fd   Thumb Code     0  _printf_d.o(.ARM.Collect$$_printf_percent$$00000009)
    _printf_percent                          0x080001fd   Thumb Code     0  _printf_percent.o(.ARM.Collect$$_printf_percent$$00000000)
    _printf_u                                0x08000203   Thumb Code     0  _printf_u.o(.ARM.Collect$$_printf_percent$$0000000A)
    _printf_x                                0x08000209   Thumb Code     0  _printf_x.o(.ARM.Collect$$_printf_percent$$0000000C)
    _printf_s                                0x0800020f   Thumb Code     0  _printf_s.o(.ARM.Collect$$_printf_percent$$00000014)
    _printf_percent_end                      0x08000215   Thumb Code     0  _printf_percent_end.o(.ARM.Collect$$_printf_percent$$00000017)
    __rt_lib_init                            0x08000219   Thumb Code     0  libinit.o(.ARM.Collect$$libinit$$00000000)
    __rt_lib_init_fp_1                       0x0800021b   Thumb Code     0  libinit2.o(.ARM.Collect$$libinit$$00000001)
    __rt_lib_init_alloca_1                   0x0800021f   Thumb Code     0  libinit2.o(.ARM.Collect$$libinit$$0000002E)
    __rt_lib_init_argv_1                     0x0800021f   Thumb Code     0  libinit2.o(.ARM.Collect$$libinit$$0000002C)
    __rt_lib_init_atexit_1                   0x0800021f   Thumb Code     0  libinit2.o(.ARM.Collect$$libinit$$0000001B)
    __rt_lib_init_clock_1                    0x0800021f   Thumb Code     0  libinit2.o(.ARM.Collect$$libinit$$00000021)
    __rt_lib_init_cpp_1                      0x0800021f   Thumb Code     0  libinit2.o(.ARM.Collect$$libinit$$00000032)
    __rt_lib_init_exceptions_1               0x0800021f   Thumb Code     0  libinit2.o(.ARM.Collect$$libinit$$00000030)
    __rt_lib_init_fp_trap_1                  0x0800021f   Thumb Code     0  libinit2.o(.ARM.Collect$$libinit$$0000001F)
    __rt_lib_init_getenv_1                   0x0800021f   Thumb Code     0  libinit2.o(.ARM.Collect$$libinit$$00000023)
    __rt_lib_init_heap_1                     0x0800021f   Thumb Code     0  libinit2.o(.ARM.Collect$$libinit$$0000000A)
    __rt_lib_init_lc_collate_1               0x0800021f   Thumb Code     0  libinit2.o(.ARM.Collect$$libinit$$00000011)
    __rt_lib_init_lc_ctype_1                 0x0800021f   Thumb Code     0  libinit2.o(.ARM.Collect$$libinit$$00000013)
    __rt_lib_init_lc_monetary_1              0x0800021f   Thumb Code     0  libinit2.o(.ARM.Collect$$libinit$$00000015)
    __rt_lib_init_lc_numeric_1               0x0800021f   Thumb Code     0  libinit2.o(.ARM.Collect$$libinit$$00000017)
    __rt_lib_init_lc_time_1                  0x0800021f   Thumb Code     0  libinit2.o(.ARM.Collect$$libinit$$00000019)
    __rt_lib_init_preinit_1                  0x0800021f   Thumb Code     0  libinit2.o(.ARM.Collect$$libinit$$00000004)
    __rt_lib_init_rand_1                     0x0800021f   Thumb Code     0  libinit2.o(.ARM.Collect$$libinit$$0000000E)
    __rt_lib_init_return                     0x0800021f   Thumb Code     0  libinit2.o(.ARM.Collect$$libinit$$00000033)
    __rt_lib_init_signal_1                   0x0800021f   Thumb Code     0  libinit2.o(.ARM.Collect$$libinit$$0000001D)
    __rt_lib_init_stdio_1                    0x0800021f   Thumb Code     0  libinit2.o(.ARM.Collect$$libinit$$00000025)
    __rt_lib_init_user_alloc_1               0x0800021f   Thumb Code     0  libinit2.o(.ARM.Collect$$libinit$$0000000C)
    __rt_lib_shutdown                        0x08000221   Thumb Code     0  libshutdown.o(.ARM.Collect$$libshutdown$$00000000)
    __rt_lib_shutdown_cpp_1                  0x08000223   Thumb Code     0  libshutdown2.o(.ARM.Collect$$libshutdown$$00000004)
    __rt_lib_shutdown_fini_1                 0x08000223   Thumb Code     0  libshutdown2.o(.ARM.Collect$$libshutdown$$00000002)
    __rt_lib_shutdown_fp_trap_1              0x08000223   Thumb Code     0  libshutdown2.o(.ARM.Collect$$libshutdown$$00000009)
    __rt_lib_shutdown_heap_1                 0x08000223   Thumb Code     0  libshutdown2.o(.ARM.Collect$$libshutdown$$00000011)
    __rt_lib_shutdown_return                 0x08000223   Thumb Code     0  libshutdown2.o(.ARM.Collect$$libshutdown$$00000012)
    __rt_lib_shutdown_signal_1               0x08000223   Thumb Code     0  libshutdown2.o(.ARM.Collect$$libshutdown$$0000000C)
    __rt_lib_shutdown_stdio_1                0x08000223   Thumb Code     0  libshutdown2.o(.ARM.Collect$$libshutdown$$00000006)
    __rt_lib_shutdown_user_alloc_1           0x08000223   Thumb Code     0  libshutdown2.o(.ARM.Collect$$libshutdown$$0000000E)
    __rt_entry                               0x08000225   Thumb Code     0  __rtentry.o(.ARM.Collect$$rtentry$$00000000)
    __rt_entry_presh_1                       0x08000225   Thumb Code     0  __rtentry2.o(.ARM.Collect$$rtentry$$00000002)
    __rt_entry_sh                            0x08000225   Thumb Code     0  __rtentry4.o(.ARM.Collect$$rtentry$$00000004)
    __rt_entry_li                            0x0800022b   Thumb Code     0  __rtentry2.o(.ARM.Collect$$rtentry$$0000000A)
    __rt_entry_postsh_1                      0x0800022b   Thumb Code     0  __rtentry2.o(.ARM.Collect$$rtentry$$00000009)
    __rt_entry_main                          0x0800022f   Thumb Code     0  __rtentry2.o(.ARM.Collect$$rtentry$$0000000D)
    __rt_entry_postli_1                      0x0800022f   Thumb Code     0  __rtentry2.o(.ARM.Collect$$rtentry$$0000000C)
    __rt_exit                                0x08000237   Thumb Code     0  rtexit.o(.ARM.Collect$$rtexit$$00000000)
    __rt_exit_ls                             0x08000239   Thumb Code     0  rtexit2.o(.ARM.Collect$$rtexit$$00000003)
    __rt_exit_prels_1                        0x08000239   Thumb Code     0  rtexit2.o(.ARM.Collect$$rtexit$$00000002)
    __rt_exit_exit                           0x0800023d   Thumb Code     0  rtexit2.o(.ARM.Collect$$rtexit$$00000004)
    Reset_Handler                            0x08000245   Thumb Code     8  startup_stm32f407xx.o(.text)
    ADC_IRQHandler                           0x0800025f   Thumb Code     0  startup_stm32f407xx.o(.text)
    CAN1_RX0_IRQHandler                      0x0800025f   Thumb Code     0  startup_stm32f407xx.o(.text)
    CAN1_RX1_IRQHandler                      0x0800025f   Thumb Code     0  startup_stm32f407xx.o(.text)
    CAN1_SCE_IRQHandler                      0x0800025f   Thumb Code     0  startup_stm32f407xx.o(.text)
    CAN1_TX_IRQHandler                       0x0800025f   Thumb Code     0  startup_stm32f407xx.o(.text)
    CAN2_RX0_IRQHandler                      0x0800025f   Thumb Code     0  startup_stm32f407xx.o(.text)
    CAN2_RX1_IRQHandler                      0x0800025f   Thumb Code     0  startup_stm32f407xx.o(.text)
    CAN2_SCE_IRQHandler                      0x0800025f   Thumb Code     0  startup_stm32f407xx.o(.text)
    CAN2_TX_IRQHandler                       0x0800025f   Thumb Code     0  startup_stm32f407xx.o(.text)
    DCMI_IRQHandler                          0x0800025f   Thumb Code     0  startup_stm32f407xx.o(.text)
    DMA1_Stream0_IRQHandler                  0x0800025f   Thumb Code     0  startup_stm32f407xx.o(.text)
    DMA1_Stream1_IRQHandler                  0x0800025f   Thumb Code     0  startup_stm32f407xx.o(.text)
    DMA1_Stream2_IRQHandler                  0x0800025f   Thumb Code     0  startup_stm32f407xx.o(.text)
    DMA1_Stream3_IRQHandler                  0x0800025f   Thumb Code     0  startup_stm32f407xx.o(.text)
    DMA1_Stream4_IRQHandler                  0x0800025f   Thumb Code     0  startup_stm32f407xx.o(.text)
    DMA1_Stream5_IRQHandler                  0x0800025f   Thumb Code     0  startup_stm32f407xx.o(.text)
    DMA1_Stream6_IRQHandler                  0x0800025f   Thumb Code     0  startup_stm32f407xx.o(.text)
    DMA1_Stream7_IRQHandler                  0x0800025f   Thumb Code     0  startup_stm32f407xx.o(.text)
    DMA2_Stream0_IRQHandler                  0x0800025f   Thumb Code     0  startup_stm32f407xx.o(.text)
    DMA2_Stream1_IRQHandler                  0x0800025f   Thumb Code     0  startup_stm32f407xx.o(.text)
    DMA2_Stream2_IRQHandler                  0x0800025f   Thumb Code     0  startup_stm32f407xx.o(.text)
    DMA2_Stream3_IRQHandler                  0x0800025f   Thumb Code     0  startup_stm32f407xx.o(.text)
    DMA2_Stream4_IRQHandler                  0x0800025f   Thumb Code     0  startup_stm32f407xx.o(.text)
    DMA2_Stream5_IRQHandler                  0x0800025f   Thumb Code     0  startup_stm32f407xx.o(.text)
    DMA2_Stream6_IRQHandler                  0x0800025f   Thumb Code     0  startup_stm32f407xx.o(.text)
    DMA2_Stream7_IRQHandler                  0x0800025f   Thumb Code     0  startup_stm32f407xx.o(.text)
    ETH_IRQHandler                           0x0800025f   Thumb Code     0  startup_stm32f407xx.o(.text)
    ETH_WKUP_IRQHandler                      0x0800025f   Thumb Code     0  startup_stm32f407xx.o(.text)
    EXTI0_IRQHandler                         0x0800025f   Thumb Code     0  startup_stm32f407xx.o(.text)
    EXTI15_10_IRQHandler                     0x0800025f   Thumb Code     0  startup_stm32f407xx.o(.text)
    EXTI1_IRQHandler                         0x0800025f   Thumb Code     0  startup_stm32f407xx.o(.text)
    EXTI2_IRQHandler                         0x0800025f   Thumb Code     0  startup_stm32f407xx.o(.text)
    EXTI3_IRQHandler                         0x0800025f   Thumb Code     0  startup_stm32f407xx.o(.text)
    EXTI4_IRQHandler                         0x0800025f   Thumb Code     0  startup_stm32f407xx.o(.text)
    EXTI9_5_IRQHandler                       0x0800025f   Thumb Code     0  startup_stm32f407xx.o(.text)
    FLASH_IRQHandler                         0x0800025f   Thumb Code     0  startup_stm32f407xx.o(.text)
    FMC_IRQHandler                           0x0800025f   Thumb Code     0  startup_stm32f407xx.o(.text)
    FPU_IRQHandler                           0x0800025f   Thumb Code     0  startup_stm32f407xx.o(.text)
    HASH_RNG_IRQHandler                      0x0800025f   Thumb Code     0  startup_stm32f407xx.o(.text)
    I2C1_ER_IRQHandler                       0x0800025f   Thumb Code     0  startup_stm32f407xx.o(.text)
    I2C1_EV_IRQHandler                       0x0800025f   Thumb Code     0  startup_stm32f407xx.o(.text)
    I2C2_ER_IRQHandler                       0x0800025f   Thumb Code     0  startup_stm32f407xx.o(.text)
    I2C2_EV_IRQHandler                       0x0800025f   Thumb Code     0  startup_stm32f407xx.o(.text)
    I2C3_ER_IRQHandler                       0x0800025f   Thumb Code     0  startup_stm32f407xx.o(.text)
    I2C3_EV_IRQHandler                       0x0800025f   Thumb Code     0  startup_stm32f407xx.o(.text)
    OTG_FS_IRQHandler                        0x0800025f   Thumb Code     0  startup_stm32f407xx.o(.text)
    OTG_FS_WKUP_IRQHandler                   0x0800025f   Thumb Code     0  startup_stm32f407xx.o(.text)
    OTG_HS_EP1_IN_IRQHandler                 0x0800025f   Thumb Code     0  startup_stm32f407xx.o(.text)
    OTG_HS_EP1_OUT_IRQHandler                0x0800025f   Thumb Code     0  startup_stm32f407xx.o(.text)
    OTG_HS_IRQHandler                        0x0800025f   Thumb Code     0  startup_stm32f407xx.o(.text)
    OTG_HS_WKUP_IRQHandler                   0x0800025f   Thumb Code     0  startup_stm32f407xx.o(.text)
    PVD_IRQHandler                           0x0800025f   Thumb Code     0  startup_stm32f407xx.o(.text)
    RCC_IRQHandler                           0x0800025f   Thumb Code     0  startup_stm32f407xx.o(.text)
    RTC_Alarm_IRQHandler                     0x0800025f   Thumb Code     0  startup_stm32f407xx.o(.text)
    RTC_WKUP_IRQHandler                      0x0800025f   Thumb Code     0  startup_stm32f407xx.o(.text)
    SDIO_IRQHandler                          0x0800025f   Thumb Code     0  startup_stm32f407xx.o(.text)
    SPI1_IRQHandler                          0x0800025f   Thumb Code     0  startup_stm32f407xx.o(.text)
    SPI2_IRQHandler                          0x0800025f   Thumb Code     0  startup_stm32f407xx.o(.text)
    SPI3_IRQHandler                          0x0800025f   Thumb Code     0  startup_stm32f407xx.o(.text)
    TAMP_STAMP_IRQHandler                    0x0800025f   Thumb Code     0  startup_stm32f407xx.o(.text)
    TIM1_BRK_TIM9_IRQHandler                 0x0800025f   Thumb Code     0  startup_stm32f407xx.o(.text)
    TIM1_CC_IRQHandler                       0x0800025f   Thumb Code     0  startup_stm32f407xx.o(.text)
    TIM1_TRG_COM_TIM11_IRQHandler            0x0800025f   Thumb Code     0  startup_stm32f407xx.o(.text)
    TIM1_UP_TIM10_IRQHandler                 0x0800025f   Thumb Code     0  startup_stm32f407xx.o(.text)
    TIM2_IRQHandler                          0x0800025f   Thumb Code     0  startup_stm32f407xx.o(.text)
    TIM3_IRQHandler                          0x0800025f   Thumb Code     0  startup_stm32f407xx.o(.text)
    TIM4_IRQHandler                          0x0800025f   Thumb Code     0  startup_stm32f407xx.o(.text)
    TIM5_IRQHandler                          0x0800025f   Thumb Code     0  startup_stm32f407xx.o(.text)
    TIM6_DAC_IRQHandler                      0x0800025f   Thumb Code     0  startup_stm32f407xx.o(.text)
    TIM7_IRQHandler                          0x0800025f   Thumb Code     0  startup_stm32f407xx.o(.text)
    TIM8_BRK_TIM12_IRQHandler                0x0800025f   Thumb Code     0  startup_stm32f407xx.o(.text)
    TIM8_CC_IRQHandler                       0x0800025f   Thumb Code     0  startup_stm32f407xx.o(.text)
    TIM8_TRG_COM_TIM14_IRQHandler            0x0800025f   Thumb Code     0  startup_stm32f407xx.o(.text)
    TIM8_UP_TIM13_IRQHandler                 0x0800025f   Thumb Code     0  startup_stm32f407xx.o(.text)
    UART4_IRQHandler                         0x0800025f   Thumb Code     0  startup_stm32f407xx.o(.text)
    UART5_IRQHandler                         0x0800025f   Thumb Code     0  startup_stm32f407xx.o(.text)
    USART2_IRQHandler                        0x0800025f   Thumb Code     0  startup_stm32f407xx.o(.text)
    USART3_IRQHandler                        0x0800025f   Thumb Code     0  startup_stm32f407xx.o(.text)
    USART6_IRQHandler                        0x0800025f   Thumb Code     0  startup_stm32f407xx.o(.text)
    WWDG_IRQHandler                          0x0800025f   Thumb Code     0  startup_stm32f407xx.o(.text)
    __user_initial_stackheap                 0x08000261   Thumb Code     0  startup_stm32f407xx.o(.text)
    __aeabi_uldivmod                         0x08000285   Thumb Code     0  lludivv7m.o(.text)
    _ll_udiv                                 0x08000285   Thumb Code   238  lludivv7m.o(.text)
    __2snprintf                              0x08000375   Thumb Code    50  __2snprintf.o(.text)
    _printf_pre_padding                      0x080003ad   Thumb Code    44  _printf_pad.o(.text)
    _printf_post_padding                     0x080003d9   Thumb Code    34  _printf_pad.o(.text)
    _printf_str                              0x080003fb   Thumb Code    82  _printf_str.o(.text)
    _printf_int_dec                          0x0800044d   Thumb Code   104  _printf_dec.o(.text)
    _printf_int_hex                          0x080004c5   Thumb Code    84  _printf_hex_int.o(.text)
    _printf_longlong_hex                     0x080004c5   Thumb Code     0  _printf_hex_int.o(.text)
    __printf                                 0x0800051d   Thumb Code   388  __printf_flags_ss_wp.o(.text)
    strlen                                   0x080006a5   Thumb Code    62  strlen.o(.text)
    __aeabi_memclr                           0x080006e3   Thumb Code     0  rt_memclr.o(.text)
    __rt_memclr                              0x080006e3   Thumb Code    68  rt_memclr.o(.text)
    _memset                                  0x080006e7   Thumb Code     0  rt_memclr.o(.text)
    __aeabi_memclr4                          0x08000727   Thumb Code     0  rt_memclr_w.o(.text)
    __aeabi_memclr8                          0x08000727   Thumb Code     0  rt_memclr_w.o(.text)
    __rt_memclr_w                            0x08000727   Thumb Code    78  rt_memclr_w.o(.text)
    _memset_w                                0x0800072b   Thumb Code     0  rt_memclr_w.o(.text)
    __use_two_region_memory                  0x08000775   Thumb Code     2  heapauxi.o(.text)
    __rt_heap_escrow$2region                 0x08000777   Thumb Code     2  heapauxi.o(.text)
    __rt_heap_expand$2region                 0x08000779   Thumb Code     2  heapauxi.o(.text)
    __read_errno                             0x0800077b   Thumb Code    10  _rserrno.o(.text)
    __set_errno                              0x08000785   Thumb Code    12  _rserrno.o(.text)
    _printf_int_common                       0x08000791   Thumb Code   178  _printf_intcommon.o(.text)
    _printf_char_common                      0x0800084f   Thumb Code    32  _printf_char_common.o(.text)
    _sputc                                   0x08000875   Thumb Code    10  _sputc.o(.text)
    _snputc                                  0x0800087f   Thumb Code    16  _snputc.o(.text)
    _printf_cs_common                        0x0800088f   Thumb Code    20  _printf_char.o(.text)
    _printf_char                             0x080008a3   Thumb Code    16  _printf_char.o(.text)
    _printf_string                           0x080008b3   Thumb Code     8  _printf_char.o(.text)
    __aeabi_errno_addr                       0x080008bd   Thumb Code     8  rt_errno_addr_intlibspace.o(.text)
    __errno$intlibspace                      0x080008bd   Thumb Code     0  rt_errno_addr_intlibspace.o(.text)
    __rt_errno_addr$intlibspace              0x080008bd   Thumb Code     0  rt_errno_addr_intlibspace.o(.text)
    __user_libspace                          0x080008c5   Thumb Code     8  libspace.o(.text)
    __user_perproc_libspace                  0x080008c5   Thumb Code     0  libspace.o(.text)
    __user_perthread_libspace                0x080008c5   Thumb Code     0  libspace.o(.text)
    __user_setup_stackheap                   0x080008cd   Thumb Code    74  sys_stackheap_outer.o(.text)
    exit                                     0x08000917   Thumb Code    18  exit.o(.text)
    _sys_exit                                0x08000929   Thumb Code     8  sys_exit.o(.text)
    __I$use$semihosting                      0x08000935   Thumb Code     0  use_no_semi.o(.text)
    __use_no_semihosting_swi                 0x08000935   Thumb Code     2  use_no_semi.o(.text)
    BusFault_Handler                         0x08000937   Thumb Code     2  stm32f4xx_it.o(i.BusFault_Handler)
    __semihosting_library_function           0x08000937   Thumb Code     0  indicate_semi.o(.text)
    DebugMon_Handler                         0x08000939   Thumb Code     2  stm32f4xx_it.o(i.DebugMon_Handler)
    Error_Handler                            0x0800093b   Thumb Code     4  main.o(i.Error_Handler)
    FpgaLink_Init                            0x08000951   Thumb Code    62  fpgalink.o(i.FpgaLink_Init)
    FpgaLink_Transfer32                      0x08000999   Thumb Code    74  fpgalink.o(i.FpgaLink_Transfer32)
    Fpga_ReadCaptureFrame                    0x080009ed   Thumb Code   128  fpgalink.o(i.Fpga_ReadCaptureFrame)
    Fpga_ReadCaptureStatus                   0x08000a6d   Thumb Code    56  fpgalink.o(i.Fpga_ReadCaptureStatus)
    Fpga_ReadId                              0x08000aa5   Thumb Code    68  fpgalink.o(i.Fpga_ReadId)
    Fpga_StartCapture                        0x08000ae9   Thumb Code    20  fpgalink.o(i.Fpga_StartCapture)
    GMeasurementCalibration_Get              0x08000afd   Thumb Code     4  gmeasurementcalibration.o(i.GMeasurementCalibration_Get)
    GMeasurement_BuildWaveform               0x08000b05   Thumb Code   680  gmeasurement.o(i.GMeasurement_BuildWaveform)
    GMeasurement_Convert                     0x08000dc1   Thumb Code   458  gmeasurement.o(i.GMeasurement_Convert)
    GSerial_Init                             0x08001019   Thumb Code    16  gserial.o(i.GSerial_Init)
    GSerial_ReadByte                         0x0800102d   Thumb Code    58  gserial.o(i.GSerial_ReadByte)
    GSerial_Transmit                         0x08001091   Thumb Code    28  gserial.o(i.GSerial_Transmit)
    GSignalFlow_Init                         0x080010c1   Thumb Code   158  gsignalflow.o(i.GSignalFlow_Init)
    GSignalFlow_Process                      0x080011ad   Thumb Code   362  gsignalflow.o(i.GSignalFlow_Process)
    GSignalFlow_SetWaveformCycles            0x08001839   Thumb Code    20  gsignalflow.o(i.GSignalFlow_SetWaveformCycles)
    HAL_DMA_Abort                            0x080018c1   Thumb Code   146  stm32f4xx_hal_dma.o(i.HAL_DMA_Abort)
    HAL_DMA_Abort_IT                         0x08001953   Thumb Code    36  stm32f4xx_hal_dma.o(i.HAL_DMA_Abort_IT)
    HAL_GPIO_Init                            0x08001979   Thumb Code   450  stm32f4xx_hal_gpio.o(i.HAL_GPIO_Init)
    HAL_GPIO_WritePin                        0x08001b69   Thumb Code    10  stm32f4xx_hal_gpio.o(i.HAL_GPIO_WritePin)
    HAL_GetTick                              0x08001b75   Thumb Code     6  stm32f4xx_hal.o(i.HAL_GetTick)
    HAL_IncTick                              0x08001b81   Thumb Code    12  stm32f4xx_hal.o(i.HAL_IncTick)
    HAL_Init                                 0x08001b91   Thumb Code    48  stm32f4xx_hal.o(i.HAL_Init)
    HAL_InitTick                             0x08001bc5   Thumb Code    54  stm32f4xx_hal.o(i.HAL_InitTick)
    HAL_MspInit                              0x08001c05   Thumb Code    42  stm32f4xx_hal_msp.o(i.HAL_MspInit)
    HAL_NVIC_EnableIRQ                       0x08001c35   Thumb Code    26  stm32f4xx_hal_cortex.o(i.HAL_NVIC_EnableIRQ)
    HAL_NVIC_SetPriority                     0x08001c51   Thumb Code    60  stm32f4xx_hal_cortex.o(i.HAL_NVIC_SetPriority)
    HAL_NVIC_SetPriorityGrouping             0x08001c91   Thumb Code    26  stm32f4xx_hal_cortex.o(i.HAL_NVIC_SetPriorityGrouping)
    HAL_RCC_ClockConfig                      0x08001cb5   Thumb Code   288  stm32f4xx_hal_rcc.o(i.HAL_RCC_ClockConfig)
    HAL_RCC_GetPCLK1Freq                     0x08001de9   Thumb Code    20  stm32f4xx_hal_rcc.o(i.HAL_RCC_GetPCLK1Freq)
    HAL_RCC_GetPCLK2Freq                     0x08001e09   Thumb Code    20  stm32f4xx_hal_rcc.o(i.HAL_RCC_GetPCLK2Freq)
    HAL_RCC_GetSysClockFreq                  0x08001e29   Thumb Code    88  stm32f4xx_hal_rcc.o(i.HAL_RCC_GetSysClockFreq)
    HAL_RCC_OscConfig                        0x08001e8d   Thumb Code   856  stm32f4xx_hal_rcc.o(i.HAL_RCC_OscConfig)
    HAL_SPI_Init                             0x080021f9   Thumb Code   188  stm32f4xx_hal_spi.o(i.HAL_SPI_Init)
    HAL_SPI_MspInit                          0x080022b5   Thumb Code    92  spi.o(i.HAL_SPI_MspInit)
    HAL_SPI_TransmitReceive                  0x0800231d   Thumb Code   496  stm32f4xx_hal_spi.o(i.HAL_SPI_TransmitReceive)
    HAL_SYSTICK_Config                       0x0800250d   Thumb Code    40  stm32f4xx_hal_cortex.o(i.HAL_SYSTICK_Config)
    HAL_UARTEx_RxEventCallback               0x08002535   Thumb Code     2  stm32f4xx_hal_uart.o(i.HAL_UARTEx_RxEventCallback)
    HAL_UART_ErrorCallback                   0x08002539   Thumb Code    20  gserial.o(i.HAL_UART_ErrorCallback)
    HAL_UART_IRQHandler                      0x08002555   Thumb Code   636  stm32f4xx_hal_uart.o(i.HAL_UART_IRQHandler)
    HAL_UART_Init                            0x080027d5   Thumb Code   100  stm32f4xx_hal_uart.o(i.HAL_UART_Init)
    HAL_UART_MspInit                         0x08002839   Thumb Code   110  usart.o(i.HAL_UART_MspInit)
    HAL_UART_Receive_IT                      0x080028b5   Thumb Code    28  stm32f4xx_hal_uart.o(i.HAL_UART_Receive_IT)
    HAL_UART_RxCpltCallback                  0x080028d1   Thumb Code    60  gserial.o(i.HAL_UART_RxCpltCallback)
    HAL_UART_Transmit                        0x08002915   Thumb Code   160  stm32f4xx_hal_uart.o(i.HAL_UART_Transmit)
    HAL_UART_TxCpltCallback                  0x080029b5   Thumb Code     2  stm32f4xx_hal_uart.o(i.HAL_UART_TxCpltCallback)
    HardFault_Handler                        0x080029b7   Thumb Code     2  stm32f4xx_it.o(i.HardFault_Handler)
    MX_GPIO_Init                             0x080029b9   Thumb Code    70  gpio.o(i.MX_GPIO_Init)
    MX_SPI1_Init                             0x08002a09   Thumb Code    64  spi.o(i.MX_SPI1_Init)
    MX_USART1_UART_Init                      0x08002a51   Thumb Code    48  usart.o(i.MX_USART1_UART_Init)
    MemManage_Handler                        0x08002a89   Thumb Code     2  stm32f4xx_it.o(i.MemManage_Handler)
    NMI_Handler                              0x08002a8b   Thumb Code     2  stm32f4xx_it.o(i.NMI_Handler)
    PendSV_Handler                           0x08002a8d   Thumb Code     2  stm32f4xx_it.o(i.PendSV_Handler)
    SVC_Handler                              0x08002bb9   Thumb Code     2  stm32f4xx_it.o(i.SVC_Handler)
    SpectrumAnalyzer_Run                     0x080031d1   Thumb Code   688  spectrumanalyzer.o(i.SpectrumAnalyzer_Run)
    SysTick_Handler                          0x080037c1   Thumb Code     4  stm32f4xx_it.o(i.SysTick_Handler)
    SystemClock_Config                       0x080037c5   Thumb Code   140  main.o(i.SystemClock_Config)
    SystemInit                               0x08003859   Thumb Code    12  system_stm32f4xx.o(i.SystemInit)
    UART_Start_Receive_IT                    0x08003a95   Thumb Code    54  stm32f4xx_hal_uart.o(i.UART_Start_Receive_IT)
    USART1_IRQHandler                        0x08003b3d   Thumb Code     6  stm32f4xx_it.o(i.USART1_IRQHandler)
    UsageFault_Handler                       0x08003b49   Thumb Code     2  stm32f4xx_it.o(i.UsageFault_Handler)
    __ARM_fpclassifyf                        0x08003b4b   Thumb Code    38  fpclassifyf.o(i.__ARM_fpclassifyf)
    __hardfp_atan2f                          0x08003b91   Thumb Code   594  atan2f.o(i.__hardfp_atan2f)
    __hardfp_ceilf                           0x08003e3d   Thumb Code    98  ceilf.o(i.__hardfp_ceilf)
    __mathlib_ceilf                          0x08003e3d   Thumb Code     0  ceilf.o(i.__hardfp_ceilf)
    __hardfp_cosf                            0x08003ea9   Thumb Code   280  cosf.o(i.__hardfp_cosf)
    __hardfp_floorf                          0x08003ff9   Thumb Code    98  floorf.o(i.__hardfp_floorf)
    __hardfp_logf                            0x08004069   Thumb Code   320  logf.o(i.__hardfp_logf)
    __mathlib_logf                           0x08004069   Thumb Code     0  logf.o(i.__hardfp_logf)
    __hardfp_sinf                            0x080041d5   Thumb Code   344  sinf.o(i.__hardfp_sinf)
    __hardfp_sqrtf                           0x08004365   Thumb Code    58  sqrtf.o(i.__hardfp_sqrtf)
    __mathlib_flt_divzero                    0x080043a1   Thumb Code    14  funder.o(i.__mathlib_flt_divzero)
    __mathlib_flt_infnan                     0x080043b5   Thumb Code     6  funder.o(i.__mathlib_flt_infnan)
    __mathlib_flt_infnan2                    0x080043bb   Thumb Code     6  funder.o(i.__mathlib_flt_infnan2)
    __mathlib_flt_invalid                    0x080043c1   Thumb Code    10  funder.o(i.__mathlib_flt_invalid)
    __mathlib_flt_underflow                  0x080043d1   Thumb Code    10  funder.o(i.__mathlib_flt_underflow)
    __mathlib_rredf2                         0x080043e1   Thumb Code   316  rredf.o(i.__mathlib_rredf2)
    _is_digit                                0x08004535   Thumb Code    14  __printf_wp.o(i._is_digit)
    arm_bitreversal_32                       0x08004545   Thumb Code    62  arm_bitreversal2.o(i.arm_bitreversal_32)
    arm_cfft_f32                             0x08004583   Thumb Code   204  arm_cfft_f32.o(i.arm_cfft_f32)
    arm_cfft_init_f32                        0x08004651   Thumb Code   112  arm_cfft_init_f32.o(i.arm_cfft_init_f32)
    arm_cfft_radix8by2_f32                   0x080046e5   Thumb Code   392  arm_cfft_f32.o(i.arm_cfft_radix8by2_f32)
    arm_cfft_radix8by4_f32                   0x0800486d   Thumb Code  1068  arm_cfft_f32.o(i.arm_cfft_radix8by4_f32)
    arm_radix8_butterfly_f32                 0x08004c99   Thumb Code  1220  arm_cfft_radix8_f32.o(i.arm_radix8_butterfly_f32)
    arm_rfft_fast_f32                        0x080052ad   Thumb Code    56  arm_rfft_fast_f32.o(i.arm_rfft_fast_f32)
    arm_rfft_fast_init_f32                   0x080052e5   Thumb Code    86  arm_rfft_fast_init_f32.o(i.arm_rfft_fast_init_f32)
    main                                     0x0800535d   Thumb Code    34  main.o(i.main)
    merge_rfft_f32                           0x0800537f   Thumb Code   160  arm_rfft_fast_f32.o(i.merge_rfft_f32)
    stage_rfft_f32                           0x08005421   Thumb Code   164  arm_rfft_fast_f32.o(i.stage_rfft_f32)
    _fp_init                                 0x080054c5   Thumb Code    10  fpinit.o(x$fpl$fpinit)
    __fplib_config_fpu_vfp                   0x080054cd   Thumb Code     0  fpinit.o(x$fpl$fpinit)
    __fplib_config_pureend_doubles           0x080054cd   Thumb Code     0  fpinit.o(x$fpl$fpinit)
    AHBPrescTable                            0x080054ce   Data          16  system_stm32f4xx.o(.constdata)
    __I$use$fp                               0x080054ce   Number         0  usenofp.o(x$fpl$usenofp)
    APBPrescTable                            0x080054de   Data           8  system_stm32f4xx.o(.constdata)
    twiddleCoef_16                           0x08005528   Data         128  arm_common_tables.o(.constdata)
    twiddleCoef_32                           0x080055a8   Data         256  arm_common_tables.o(.constdata)
    twiddleCoef_64                           0x080056a8   Data         512  arm_common_tables.o(.constdata)
    twiddleCoef_128                          0x080058a8   Data        1024  arm_common_tables.o(.constdata)
    twiddleCoef_256                          0x08005ca8   Data        2048  arm_common_tables.o(.constdata)
    twiddleCoef_512                          0x080064a8   Data        4096  arm_common_tables.o(.constdata)
    twiddleCoef_1024                         0x080074a8   Data        8192  arm_common_tables.o(.constdata)
    twiddleCoef_2048                         0x080094a8   Data       16384  arm_common_tables.o(.constdata)
    twiddleCoef_4096                         0x0800d4a8   Data       32768  arm_common_tables.o(.constdata)
    armBitRevIndexTable16                    0x080154a8   Data          40  arm_common_tables.o(.constdata)
    armBitRevIndexTable32                    0x080154d0   Data          96  arm_common_tables.o(.constdata)
    armBitRevIndexTable64                    0x08015530   Data         112  arm_common_tables.o(.constdata)
    armBitRevIndexTable128                   0x080155a0   Data         416  arm_common_tables.o(.constdata)
    armBitRevIndexTable256                   0x08015740   Data         880  arm_common_tables.o(.constdata)
    armBitRevIndexTable512                   0x08015ab0   Data         896  arm_common_tables.o(.constdata)
    armBitRevIndexTable1024                  0x08015e30   Data        3600  arm_common_tables.o(.constdata)
    armBitRevIndexTable2048                  0x08016c40   Data        7616  arm_common_tables.o(.constdata)
    armBitRevIndexTable4096                  0x08018a00   Data        8064  arm_common_tables.o(.constdata)
    twiddleCoef_rfft_32                      0x0801a980   Data         128  arm_common_tables.o(.constdata)
    twiddleCoef_rfft_64                      0x0801aa00   Data         256  arm_common_tables.o(.constdata)
    twiddleCoef_rfft_128                     0x0801ab00   Data         512  arm_common_tables.o(.constdata)
    twiddleCoef_rfft_256                     0x0801ad00   Data        1024  arm_common_tables.o(.constdata)
    twiddleCoef_rfft_512                     0x0801b100   Data        2048  arm_common_tables.o(.constdata)
    twiddleCoef_rfft_1024                    0x0801b900   Data        4096  arm_common_tables.o(.constdata)
    twiddleCoef_rfft_2048                    0x0801c900   Data        8192  arm_common_tables.o(.constdata)
    twiddleCoef_rfft_4096                    0x0801e900   Data       16384  arm_common_tables.o(.constdata)
    arm_cfft_sR_f32_len16                    0x08022900   Data          16  arm_const_structs.o(.constdata)
    arm_cfft_sR_f32_len32                    0x08022910   Data          16  arm_const_structs.o(.constdata)
    arm_cfft_sR_f32_len64                    0x08022920   Data          16  arm_const_structs.o(.constdata)
    arm_cfft_sR_f32_len128                   0x08022930   Data          16  arm_const_structs.o(.constdata)
    arm_cfft_sR_f32_len256                   0x08022940   Data          16  arm_const_structs.o(.constdata)
    arm_cfft_sR_f32_len512                   0x08022950   Data          16  arm_const_structs.o(.constdata)
    arm_cfft_sR_f32_len1024                  0x08022960   Data          16  arm_const_structs.o(.constdata)
    arm_cfft_sR_f32_len2048                  0x08022970   Data          16  arm_const_structs.o(.constdata)
    arm_cfft_sR_f32_len4096                  0x08022980   Data          16  arm_const_structs.o(.constdata)
    Region$$Table$$Base                      0x08022ad0   Number         0  anon$$obj.o(Region$$Table)
    Region$$Table$$Limit                     0x08022af0   Number         0  anon$$obj.o(Region$$Table)
    uwTickFreq                               0x20000014   Data           1  stm32f4xx_hal.o(.data)
    uwTickPrio                               0x20000018   Data           4  stm32f4xx_hal.o(.data)
    uwTick                                   0x2000001c   Data           4  stm32f4xx_hal.o(.data)
    SystemCoreClock                          0x20000020   Data           4  system_stm32f4xx.o(.data)
    hspi1                                    0x20000044   Data          88  spi.o(.bss)
    huart1                                   0x2000009c   Data          72  usart.o(.bss)
    __libspace_start                         0x2000c39c   Data          96  libspace.o(.bss)
    __temporary_stack_top$libspace           0x2000c3fc   Data           0  libspace.o(.bss)



==============================================================================

Memory Map of the image

  Image Entry point : 0x08000189

  Load Region LR_IROM1 (Base: 0x08000000, Size: 0x00022b34, Max: 0x00100000, ABSOLUTE)

    Execution Region ER_IROM1 (Exec base: 0x08000000, Load base: 0x08000000, Size: 0x00022af0, Max: 0x00100000, ABSOLUTE)

    Exec Addr    Load Addr    Size         Type   Attr      Idx    E Section Name        Object

    0x08000000   0x08000000   0x00000188   Data   RO            3    RESET               startup_stm32f407xx.o
    0x08000188   0x08000188   0x00000008   Code   RO         3199  * !!!main             c_w.l(__main.o)
    0x08000190   0x08000190   0x00000034   Code   RO         3482    !!!scatter          c_w.l(__scatter.o)
    0x080001c4   0x080001c4   0x0000001a   Code   RO         3484    !!handler_copy      c_w.l(__scatter_copy.o)
    0x080001de   0x080001de   0x00000002   PAD
    0x080001e0   0x080001e0   0x0000001c   Code   RO         3486    !!handler_zi        c_w.l(__scatter_zi.o)
    0x080001fc   0x080001fc   0x00000000   Code   RO         3190    .ARM.Collect$$_printf_percent$$00000000  c_w.l(_printf_percent.o)
    0x080001fc   0x080001fc   0x00000006   Code   RO         3188    .ARM.Collect$$_printf_percent$$00000009  c_w.l(_printf_d.o)
    0x08000202   0x08000202   0x00000006   Code   RO         3189    .ARM.Collect$$_printf_percent$$0000000A  c_w.l(_printf_u.o)
    0x08000208   0x08000208   0x00000006   Code   RO         3187    .ARM.Collect$$_printf_percent$$0000000C  c_w.l(_printf_x.o)
    0x0800020e   0x0800020e   0x00000006   Code   RO         3186    .ARM.Collect$$_printf_percent$$00000014  c_w.l(_printf_s.o)
    0x08000214   0x08000214   0x00000004   Code   RO         3292    .ARM.Collect$$_printf_percent$$00000017  c_w.l(_printf_percent_end.o)
    0x08000218   0x08000218   0x00000002   Code   RO         3353    .ARM.Collect$$libinit$$00000000  c_w.l(libinit.o)
    0x0800021a   0x0800021a   0x00000004   Code   RO         3362    .ARM.Collect$$libinit$$00000001  c_w.l(libinit2.o)
    0x0800021e   0x0800021e   0x00000000   Code   RO         3365    .ARM.Collect$$libinit$$00000004  c_w.l(libinit2.o)
    0x0800021e   0x0800021e   0x00000000   Code   RO         3368    .ARM.Collect$$libinit$$0000000A  c_w.l(libinit2.o)
    0x0800021e   0x0800021e   0x00000000   Code   RO         3370    .ARM.Collect$$libinit$$0000000C  c_w.l(libinit2.o)
    0x0800021e   0x0800021e   0x00000000   Code   RO         3372    .ARM.Collect$$libinit$$0000000E  c_w.l(libinit2.o)
    0x0800021e   0x0800021e   0x00000000   Code   RO         3375    .ARM.Collect$$libinit$$00000011  c_w.l(libinit2.o)
    0x0800021e   0x0800021e   0x00000000   Code   RO         3377    .ARM.Collect$$libinit$$00000013  c_w.l(libinit2.o)
    0x0800021e   0x0800021e   0x00000000   Code   RO         3379    .ARM.Collect$$libinit$$00000015  c_w.l(libinit2.o)
    0x0800021e   0x0800021e   0x00000000   Code   RO         3381    .ARM.Collect$$libinit$$00000017  c_w.l(libinit2.o)
    0x0800021e   0x0800021e   0x00000000   Code   RO         3383    .ARM.Collect$$libinit$$00000019  c_w.l(libinit2.o)
    0x0800021e   0x0800021e   0x00000000   Code   RO         3385    .ARM.Collect$$libinit$$0000001B  c_w.l(libinit2.o)
    0x0800021e   0x0800021e   0x00000000   Code   RO         3387    .ARM.Collect$$libinit$$0000001D  c_w.l(libinit2.o)
    0x0800021e   0x0800021e   0x00000000   Code   RO         3389    .ARM.Collect$$libinit$$0000001F  c_w.l(libinit2.o)
    0x0800021e   0x0800021e   0x00000000   Code   RO         3391    .ARM.Collect$$libinit$$00000021  c_w.l(libinit2.o)
    0x0800021e   0x0800021e   0x00000000   Code   RO         3393    .ARM.Collect$$libinit$$00000023  c_w.l(libinit2.o)
    0x0800021e   0x0800021e   0x00000000   Code   RO         3395    .ARM.Collect$$libinit$$00000025  c_w.l(libinit2.o)
    0x0800021e   0x0800021e   0x00000000   Code   RO         3399    .ARM.Collect$$libinit$$0000002C  c_w.l(libinit2.o)
    0x0800021e   0x0800021e   0x00000000   Code   RO         3401    .ARM.Collect$$libinit$$0000002E  c_w.l(libinit2.o)
    0x0800021e   0x0800021e   0x00000000   Code   RO         3403    .ARM.Collect$$libinit$$00000030  c_w.l(libinit2.o)
    0x0800021e   0x0800021e   0x00000000   Code   RO         3405    .ARM.Collect$$libinit$$00000032  c_w.l(libinit2.o)
    0x0800021e   0x0800021e   0x00000002   Code   RO         3406    .ARM.Collect$$libinit$$00000033  c_w.l(libinit2.o)
    0x08000220   0x08000220   0x00000002   Code   RO         3437    .ARM.Collect$$libshutdown$$00000000  c_w.l(libshutdown.o)
    0x08000222   0x08000222   0x00000000   Code   RO         3463    .ARM.Collect$$libshutdown$$00000002  c_w.l(libshutdown2.o)
    0x08000222   0x08000222   0x00000000   Code   RO         3465    .ARM.Collect$$libshutdown$$00000004  c_w.l(libshutdown2.o)
    0x08000222   0x08000222   0x00000000   Code   RO         3467    .ARM.Collect$$libshutdown$$00000006  c_w.l(libshutdown2.o)
    0x08000222   0x08000222   0x00000000   Code   RO         3470    .ARM.Collect$$libshutdown$$00000009  c_w.l(libshutdown2.o)
    0x08000222   0x08000222   0x00000000   Code   RO         3473    .ARM.Collect$$libshutdown$$0000000C  c_w.l(libshutdown2.o)
    0x08000222   0x08000222   0x00000000   Code   RO         3475    .ARM.Collect$$libshutdown$$0000000E  c_w.l(libshutdown2.o)
    0x08000222   0x08000222   0x00000000   Code   RO         3478    .ARM.Collect$$libshutdown$$00000011  c_w.l(libshutdown2.o)
    0x08000222   0x08000222   0x00000002   Code   RO         3479    .ARM.Collect$$libshutdown$$00000012  c_w.l(libshutdown2.o)
    0x08000224   0x08000224   0x00000000   Code   RO         3275    .ARM.Collect$$rtentry$$00000000  c_w.l(__rtentry.o)
    0x08000224   0x08000224   0x00000000   Code   RO         3314    .ARM.Collect$$rtentry$$00000002  c_w.l(__rtentry2.o)
    0x08000224   0x08000224   0x00000006   Code   RO         3326    .ARM.Collect$$rtentry$$00000004  c_w.l(__rtentry4.o)
    0x0800022a   0x0800022a   0x00000000   Code   RO         3316    .ARM.Collect$$rtentry$$00000009  c_w.l(__rtentry2.o)
    0x0800022a   0x0800022a   0x00000004   Code   RO         3317    .ARM.Collect$$rtentry$$0000000A  c_w.l(__rtentry2.o)
    0x0800022e   0x0800022e   0x00000000   Code   RO         3319    .ARM.Collect$$rtentry$$0000000C  c_w.l(__rtentry2.o)
    0x0800022e   0x0800022e   0x00000008   Code   RO         3320    .ARM.Collect$$rtentry$$0000000D  c_w.l(__rtentry2.o)
    0x08000236   0x08000236   0x00000002   Code   RO         3354    .ARM.Collect$$rtexit$$00000000  c_w.l(rtexit.o)
    0x08000238   0x08000238   0x00000000   Code   RO         3410    .ARM.Collect$$rtexit$$00000002  c_w.l(rtexit2.o)
    0x08000238   0x08000238   0x00000004   Code   RO         3411    .ARM.Collect$$rtexit$$00000003  c_w.l(rtexit2.o)
    0x0800023c   0x0800023c   0x00000006   Code   RO         3412    .ARM.Collect$$rtexit$$00000004  c_w.l(rtexit2.o)
    0x08000242   0x08000242   0x00000002   PAD
    0x08000244   0x08000244   0x00000040   Code   RO            4    .text               startup_stm32f407xx.o
    0x08000284   0x08000284   0x000000ee   Code   RO         3131    .text               c_w.l(lludivv7m.o)
    0x08000372   0x08000372   0x00000002   PAD
    0x08000374   0x08000374   0x00000038   Code   RO         3133    .text               c_w.l(__2snprintf.o)
    0x080003ac   0x080003ac   0x0000004e   Code   RO         3139    .text               c_w.l(_printf_pad.o)
    0x080003fa   0x080003fa   0x00000052   Code   RO         3141    .text               c_w.l(_printf_str.o)
    0x0800044c   0x0800044c   0x00000078   Code   RO         3143    .text               c_w.l(_printf_dec.o)
    0x080004c4   0x080004c4   0x00000058   Code   RO         3148    .text               c_w.l(_printf_hex_int.o)
    0x0800051c   0x0800051c   0x00000188   Code   RO         3183    .text               c_w.l(__printf_flags_ss_wp.o)
    0x080006a4   0x080006a4   0x0000003e   Code   RO         3191    .text               c_w.l(strlen.o)
    0x080006e2   0x080006e2   0x00000044   Code   RO         3193    .text               c_w.l(rt_memclr.o)
    0x08000726   0x08000726   0x0000004e   Code   RO         3195    .text               c_w.l(rt_memclr_w.o)
    0x08000774   0x08000774   0x00000006   Code   RO         3197    .text               c_w.l(heapauxi.o)
    0x0800077a   0x0800077a   0x00000016   Code   RO         3280    .text               c_w.l(_rserrno.o)
    0x08000790   0x08000790   0x000000b2   Code   RO         3282    .text               c_w.l(_printf_intcommon.o)
    0x08000842   0x08000842   0x00000002   PAD
    0x08000844   0x08000844   0x00000030   Code   RO         3284    .text               c_w.l(_printf_char_common.o)
    0x08000874   0x08000874   0x0000000a   Code   RO         3286    .text               c_w.l(_sputc.o)
    0x0800087e   0x0800087e   0x00000010   Code   RO         3288    .text               c_w.l(_snputc.o)
    0x0800088e   0x0800088e   0x0000002c   Code   RO         3290    .text               c_w.l(_printf_char.o)
    0x080008ba   0x080008ba   0x00000002   PAD
    0x080008bc   0x080008bc   0x00000008   Code   RO         3333    .text               c_w.l(rt_errno_addr_intlibspace.o)
    0x080008c4   0x080008c4   0x00000008   Code   RO         3337    .text               c_w.l(libspace.o)
    0x080008cc   0x080008cc   0x0000004a   Code   RO         3340    .text               c_w.l(sys_stackheap_outer.o)
    0x08000916   0x08000916   0x00000012   Code   RO         3342    .text               c_w.l(exit.o)
    0x08000928   0x08000928   0x0000000c   Code   RO         3407    .text               c_w.l(sys_exit.o)
    0x08000934   0x08000934   0x00000002   Code   RO         3426    .text               c_w.l(use_no_semi.o)
    0x08000936   0x08000936   0x00000000   Code   RO         3428    .text               c_w.l(indicate_semi.o)
    0x08000936   0x08000936   0x00000002   Code   RO          290    i.BusFault_Handler  stm32f4xx_it.o
    0x08000938   0x08000938   0x00000002   Code   RO          291    i.DebugMon_Handler  stm32f4xx_it.o
    0x0800093a   0x0800093a   0x00000004   Code   RO           13    i.Error_Handler     main.o
    0x0800093e   0x0800093e   0x00000002   PAD
    0x08000940   0x08000940   0x00000010   Code   RO         2311    i.FpgaLink_Deselect  fpgalink.o
    0x08000950   0x08000950   0x00000048   Code   RO         2312    i.FpgaLink_Init     fpgalink.o
    0x08000998   0x08000998   0x00000054   Code   RO         2313    i.FpgaLink_Transfer32  fpgalink.o
    0x080009ec   0x080009ec   0x00000080   Code   RO         2314    i.Fpga_ReadCaptureFrame  fpgalink.o
    0x08000a6c   0x08000a6c   0x00000038   Code   RO         2315    i.Fpga_ReadCaptureStatus  fpgalink.o
    0x08000aa4   0x08000aa4   0x00000044   Code   RO         2316    i.Fpga_ReadId       fpgalink.o
    0x08000ae8   0x08000ae8   0x00000014   Code   RO         2317    i.Fpga_StartCapture  fpgalink.o
    0x08000afc   0x08000afc   0x00000008   Code   RO         2657    i.GMeasurementCalibration_Get  gmeasurementcalibration.o
    0x08000b04   0x08000b04   0x000002bc   Code   RO         2634    i.GMeasurement_BuildWaveform  gmeasurement.o
    0x08000dc0   0x08000dc0   0x000001d8   Code   RO         2635    i.GMeasurement_Convert  gmeasurement.o
    0x08000f98   0x08000f98   0x0000007e   Code   RO         2636    i.GMeasurement_GetMvPerCode  gmeasurement.o
    0x08001016   0x08001016   0x00000002   PAD
    0x08001018   0x08001018   0x00000014   Code   RO          166    i.GSerial_Init      gserial.o
    0x0800102c   0x0800102c   0x00000040   Code   RO          167    i.GSerial_ReadByte  gserial.o
    0x0800106c   0x0800106c   0x00000024   Code   RO          168    i.GSerial_StartReceive  gserial.o
    0x08001090   0x08001090   0x00000020   Code   RO          169    i.GSerial_Transmit  gserial.o
    0x080010b0   0x080010b0   0x00000010   Code   RO         2373    i.GSignalFlow_FinishCycle  gsignalflow.o
    0x080010c0   0x080010c0   0x000000ec   Code   RO         2376    i.GSignalFlow_Init  gsignalflow.o
    0x080011ac   0x080011ac   0x00000210   Code   RO         2377    i.GSignalFlow_Process  gsignalflow.o
    0x080013bc   0x080013bc   0x00000034   Code   RO         2378    i.GSignalFlow_RoundPositive  gsignalflow.o
    0x080013f0   0x080013f0   0x00000040   Code   RO         2379    i.GSignalFlow_SendError  gsignalflow.o
    0x08001430   0x08001430   0x0000016c   Code   RO         2380    i.GSignalFlow_SendMeasurement  gsignalflow.o
    0x0800159c   0x0800159c   0x00000164   Code   RO         2381    i.GSignalFlow_SendResult  gsignalflow.o
    0x08001700   0x08001700   0x00000024   Code   RO         2382    i.GSignalFlow_SendText  gsignalflow.o
    0x08001724   0x08001724   0x00000114   Code   RO         2383    i.GSignalFlow_SendWaveform  gsignalflow.o
    0x08001838   0x08001838   0x00000018   Code   RO         2384    i.GSignalFlow_SetWaveformCycles  gsignalflow.o
    0x08001850   0x08001850   0x00000070   Code   RO         2385    i.GSignalFlow_StartOrRetry  gsignalflow.o
    0x080018c0   0x080018c0   0x00000092   Code   RO         1222    i.HAL_DMA_Abort     stm32f4xx_hal_dma.o
    0x08001952   0x08001952   0x00000024   Code   RO         1223    i.HAL_DMA_Abort_IT  stm32f4xx_hal_dma.o
    0x08001976   0x08001976   0x00000002   PAD
    0x08001978   0x08001978   0x000001f0   Code   RO         1115    i.HAL_GPIO_Init     stm32f4xx_hal_gpio.o
    0x08001b68   0x08001b68   0x0000000a   Code   RO         1119    i.HAL_GPIO_WritePin  stm32f4xx_hal_gpio.o
    0x08001b72   0x08001b72   0x00000002   PAD
    0x08001b74   0x08001b74   0x0000000c   Code   RO         1665    i.HAL_GetTick       stm32f4xx_hal.o
    0x08001b80   0x08001b80   0x00000010   Code   RO         1671    i.HAL_IncTick       stm32f4xx_hal.o
    0x08001b90   0x08001b90   0x00000034   Code   RO         1672    i.HAL_Init          stm32f4xx_hal.o
    0x08001bc4   0x08001bc4   0x00000040   Code   RO         1673    i.HAL_InitTick      stm32f4xx_hal.o
    0x08001c04   0x08001c04   0x00000030   Code   RO          372    i.HAL_MspInit       stm32f4xx_hal_msp.o
    0x08001c34   0x08001c34   0x0000001a   Code   RO         1507    i.HAL_NVIC_EnableIRQ  stm32f4xx_hal_cortex.o
    0x08001c4e   0x08001c4e   0x00000002   PAD
    0x08001c50   0x08001c50   0x00000040   Code   RO         1513    i.HAL_NVIC_SetPriority  stm32f4xx_hal_cortex.o
    0x08001c90   0x08001c90   0x00000024   Code   RO         1514    i.HAL_NVIC_SetPriorityGrouping  stm32f4xx_hal_cortex.o
    0x08001cb4   0x08001cb4   0x00000134   Code   RO          761    i.HAL_RCC_ClockConfig  stm32f4xx_hal_rcc.o
    0x08001de8   0x08001de8   0x00000020   Code   RO          768    i.HAL_RCC_GetPCLK1Freq  stm32f4xx_hal_rcc.o
    0x08001e08   0x08001e08   0x00000020   Code   RO          769    i.HAL_RCC_GetPCLK2Freq  stm32f4xx_hal_rcc.o
    0x08001e28   0x08001e28   0x00000064   Code   RO          770    i.HAL_RCC_GetSysClockFreq  stm32f4xx_hal_rcc.o
    0x08001e8c   0x08001e8c   0x0000036c   Code   RO          773    i.HAL_RCC_OscConfig  stm32f4xx_hal_rcc.o
    0x080021f8   0x080021f8   0x000000bc   Code   RO          449    i.HAL_SPI_Init      stm32f4xx_hal_spi.o
    0x080022b4   0x080022b4   0x00000068   Code   RO          249    i.HAL_SPI_MspInit   spi.o
    0x0800231c   0x0800231c   0x000001f0   Code   RO          458    i.HAL_SPI_TransmitReceive  stm32f4xx_hal_spi.o
    0x0800250c   0x0800250c   0x00000028   Code   RO         1518    i.HAL_SYSTICK_Config  stm32f4xx_hal_cortex.o
    0x08002534   0x08002534   0x00000002   Code   RO         1922    i.HAL_UARTEx_RxEventCallback  stm32f4xx_hal_uart.o
    0x08002536   0x08002536   0x00000002   PAD
    0x08002538   0x08002538   0x0000001c   Code   RO          170    i.HAL_UART_ErrorCallback  gserial.o
    0x08002554   0x08002554   0x00000280   Code   RO         1939    i.HAL_UART_IRQHandler  stm32f4xx_hal_uart.o
    0x080027d4   0x080027d4   0x00000064   Code   RO         1940    i.HAL_UART_Init     stm32f4xx_hal_uart.o
    0x08002838   0x08002838   0x0000007c   Code   RO          397    i.HAL_UART_MspInit  usart.o
    0x080028b4   0x080028b4   0x0000001c   Code   RO         1945    i.HAL_UART_Receive_IT  stm32f4xx_hal_uart.o
    0x080028d0   0x080028d0   0x00000044   Code   RO          171    i.HAL_UART_RxCpltCallback  gserial.o
    0x08002914   0x08002914   0x000000a0   Code   RO         1948    i.HAL_UART_Transmit  stm32f4xx_hal_uart.o
    0x080029b4   0x080029b4   0x00000002   Code   RO         1951    i.HAL_UART_TxCpltCallback  stm32f4xx_hal_uart.o
    0x080029b6   0x080029b6   0x00000002   Code   RO          292    i.HardFault_Handler  stm32f4xx_it.o
    0x080029b8   0x080029b8   0x00000050   Code   RO          224    i.MX_GPIO_Init      gpio.o
    0x08002a08   0x08002a08   0x00000048   Code   RO          250    i.MX_SPI1_Init      spi.o
    0x08002a50   0x08002a50   0x00000038   Code   RO          398    i.MX_USART1_UART_Init  usart.o
    0x08002a88   0x08002a88   0x00000002   Code   RO          293    i.MemManage_Handler  stm32f4xx_it.o
    0x08002a8a   0x08002a8a   0x00000002   Code   RO          294    i.NMI_Handler       stm32f4xx_it.o
    0x08002a8c   0x08002a8c   0x00000002   Code   RO          295    i.PendSV_Handler    stm32f4xx_it.o
    0x08002a8e   0x08002a8e   0x00000002   PAD
    0x08002a90   0x08002a90   0x0000006c   Code   RO          487    i.SPI_EndRxTxTransaction  stm32f4xx_hal_spi.o
    0x08002afc   0x08002afc   0x000000bc   Code   RO          492    i.SPI_WaitFlagStateUntilTimeout  stm32f4xx_hal_spi.o
    0x08002bb8   0x08002bb8   0x00000002   Code   RO          296    i.SVC_Handler       stm32f4xx_it.o
    0x08002bba   0x08002bba   0x00000002   PAD
    0x08002bbc   0x08002bbc   0x000000e4   Code   RO         2475    i.SpectrumAnalyzer_ComputeMetrics  spectrumanalyzer.o
    0x08002ca0   0x08002ca0   0x00000044   Code   RO         2476    i.SpectrumAnalyzer_FindNearestPeak  spectrumanalyzer.o
    0x08002ce4   0x08002ce4   0x0000013c   Code   RO         2477    i.SpectrumAnalyzer_FindStrongestUnmatched  spectrumanalyzer.o
    0x08002e20   0x08002e20   0x00000238   Code   RO         2478    i.SpectrumAnalyzer_FitComponents  spectrumanalyzer.o
    0x08003058   0x08003058   0x00000070   Code   RO         2479    i.SpectrumAnalyzer_InsertPeak  spectrumanalyzer.o
    0x080030c8   0x080030c8   0x000000d8   Code   RO         2480    i.SpectrumAnalyzer_InterpolateBin  spectrumanalyzer.o
    0x080031a0   0x080031a0   0x00000030   Code   RO         2481    i.SpectrumAnalyzer_PowerAt  spectrumanalyzer.o
    0x080031d0   0x080031d0   0x000002e8   Code   RO         2482    i.SpectrumAnalyzer_Run  spectrumanalyzer.o
    0x080034b8   0x080034b8   0x00000188   Code   RO         2483    i.SpectrumAnalyzer_SelectHarmonics  spectrumanalyzer.o
    0x08003640   0x08003640   0x00000180   Code   RO         2484    i.SpectrumAnalyzer_SolveLinear  spectrumanalyzer.o
    0x080037c0   0x080037c0   0x00000004   Code   RO          297    i.SysTick_Handler   stm32f4xx_it.o
    0x080037c4   0x080037c4   0x00000094   Code   RO           14    i.SystemClock_Config  main.o
    0x08003858   0x08003858   0x00000010   Code   RO         2274    i.SystemInit        system_stm32f4xx.o
    0x08003868   0x08003868   0x0000000e   Code   RO         1953    i.UART_DMAAbortOnError  stm32f4xx_hal_uart.o
    0x08003876   0x08003876   0x0000004e   Code   RO         1963    i.UART_EndRxTransfer  stm32f4xx_hal_uart.o
    0x080038c4   0x080038c4   0x000000c2   Code   RO         1965    i.UART_Receive_IT   stm32f4xx_hal_uart.o
    0x08003986   0x08003986   0x00000002   PAD
    0x08003988   0x08003988   0x0000010c   Code   RO         1966    i.UART_SetConfig    stm32f4xx_hal_uart.o
    0x08003a94   0x08003a94   0x00000036   Code   RO         1968    i.UART_Start_Receive_IT  stm32f4xx_hal_uart.o
    0x08003aca   0x08003aca   0x00000072   Code   RO         1969    i.UART_WaitOnFlagUntilTimeout  stm32f4xx_hal_uart.o
    0x08003b3c   0x08003b3c   0x0000000c   Code   RO          298    i.USART1_IRQHandler  stm32f4xx_it.o
    0x08003b48   0x08003b48   0x00000002   Code   RO          299    i.UsageFault_Handler  stm32f4xx_it.o
    0x08003b4a   0x08003b4a   0x00000026   Code   RO         3294    i.__ARM_fpclassifyf  m_wm.l(fpclassifyf.o)
    0x08003b70   0x08003b70   0x00000020   Code   RO         1520    i.__NVIC_SetPriority  stm32f4xx_hal_cortex.o
    0x08003b90   0x08003b90   0x000002ac   Code   RO         3201    i.__hardfp_atan2f   m_wm.l(atan2f.o)
    0x08003e3c   0x08003e3c   0x0000006c   Code   RO         3213    i.__hardfp_ceilf    m_wm.l(ceilf.o)
    0x08003ea8   0x08003ea8   0x00000150   Code   RO         3219    i.__hardfp_cosf     m_wm.l(cosf.o)
    0x08003ff8   0x08003ff8   0x00000070   Code   RO         3231    i.__hardfp_floorf   m_wm.l(floorf.o)
    0x08004068   0x08004068   0x0000016c   Code   RO         3237    i.__hardfp_logf     m_wm.l(logf.o)
    0x080041d4   0x080041d4   0x00000190   Code   RO         3251    i.__hardfp_sinf     m_wm.l(sinf.o)
    0x08004364   0x08004364   0x0000003a   Code   RO         3263    i.__hardfp_sqrtf    m_wm.l(sqrtf.o)
    0x0800439e   0x0800439e   0x00000002   PAD
    0x080043a0   0x080043a0   0x00000014   Code   RO         3296    i.__mathlib_flt_divzero  m_wm.l(funder.o)
    0x080043b4   0x080043b4   0x00000006   Code   RO         3297    i.__mathlib_flt_infnan  m_wm.l(funder.o)
    0x080043ba   0x080043ba   0x00000006   Code   RO         3298    i.__mathlib_flt_infnan2  m_wm.l(funder.o)
    0x080043c0   0x080043c0   0x00000010   Code   RO         3299    i.__mathlib_flt_invalid  m_wm.l(funder.o)
    0x080043d0   0x080043d0   0x00000010   Code   RO         3302    i.__mathlib_flt_underflow  m_wm.l(funder.o)
    0x080043e0   0x080043e0   0x00000154   Code   RO         3310    i.__mathlib_rredf2  m_wm.l(rredf.o)
    0x08004534   0x08004534   0x0000000e   Code   RO         3176    i._is_digit         c_w.l(__printf_wp.o)
    0x08004542   0x08004542   0x00000002   PAD
    0x08004544   0x08004544   0x0000003e   Code   RO         2864    i.arm_bitreversal_32  arm_bitreversal2.o
    0x08004582   0x08004582   0x000000cc   Code   RO         2779    i.arm_cfft_f32      arm_cfft_f32.o
    0x0800464e   0x0800464e   0x00000002   PAD
    0x08004650   0x08004650   0x00000094   Code   RO         2815    i.arm_cfft_init_f32  arm_cfft_init_f32.o
    0x080046e4   0x080046e4   0x00000188   Code   RO         2780    i.arm_cfft_radix8by2_f32  arm_cfft_f32.o
    0x0800486c   0x0800486c   0x0000042c   Code   RO         2781    i.arm_cfft_radix8by4_f32  arm_cfft_f32.o
    0x08004c98   0x08004c98   0x000004c4   Code   RO         2839    i.arm_radix8_butterfly_f32  arm_cfft_radix8_f32.o
    0x0800515c   0x0800515c   0x0000002c   Code   RO         2715    i.arm_rfft_1024_fast_init_f32  arm_rfft_fast_init_f32.o
    0x08005188   0x08005188   0x00000028   Code   RO         2716    i.arm_rfft_128_fast_init_f32  arm_rfft_fast_init_f32.o
    0x080051b0   0x080051b0   0x0000002c   Code   RO         2717    i.arm_rfft_2048_fast_init_f32  arm_rfft_fast_init_f32.o
    0x080051dc   0x080051dc   0x00000028   Code   RO         2718    i.arm_rfft_256_fast_init_f32  arm_rfft_fast_init_f32.o
    0x08005204   0x08005204   0x00000028   Code   RO         2719    i.arm_rfft_32_fast_init_f32  arm_rfft_fast_init_f32.o
    0x0800522c   0x0800522c   0x0000002c   Code   RO         2720    i.arm_rfft_4096_fast_init_f32  arm_rfft_fast_init_f32.o
    0x08005258   0x08005258   0x0000002c   Code   RO         2721    i.arm_rfft_512_fast_init_f32  arm_rfft_fast_init_f32.o
    0x08005284   0x08005284   0x00000028   Code   RO         2722    i.arm_rfft_64_fast_init_f32  arm_rfft_fast_init_f32.o
    0x080052ac   0x080052ac   0x00000038   Code   RO         2675    i.arm_rfft_fast_f32  arm_rfft_fast_f32.o
    0x080052e4   0x080052e4   0x00000078   Code   RO         2723    i.arm_rfft_fast_init_f32  arm_rfft_fast_init_f32.o
    0x0800535c   0x0800535c   0x00000022   Code   RO           15    i.main              main.o
    0x0800537e   0x0800537e   0x000000a0   Code   RO         2676    i.merge_rfft_f32    arm_rfft_fast_f32.o
    0x0800541e   0x0800541e   0x00000002   PAD
    0x08005420   0x08005420   0x000000a4   Code   RO         2677    i.stage_rfft_f32    arm_rfft_fast_f32.o
    0x080054c4   0x080054c4   0x0000000a   Code   RO         3422    x$fpl$fpinit        fz_wm.l(fpinit.o)
    0x080054ce   0x080054ce   0x00000000   Code   RO         3293    x$fpl$usenofp       fz_wm.l(usenofp.o)
    0x080054ce   0x080054ce   0x00000010   Data   RO         2275    .constdata          system_stm32f4xx.o
    0x080054de   0x080054de   0x00000008   Data   RO         2276    .constdata          system_stm32f4xx.o
    0x080054e6   0x080054e6   0x00000002   PAD
    0x080054e8   0x080054e8   0x00000038   Data   RO         2658    .constdata          gmeasurementcalibration.o
    0x08005520   0x08005520   0x00000008   Data   RO         2659    .constdata          gmeasurementcalibration.o
    0x08005528   0x08005528   0x00000080   Data   RO         2909    .constdata          arm_common_tables.o
    0x080055a8   0x080055a8   0x00000100   Data   RO         2910    .constdata          arm_common_tables.o
    0x080056a8   0x080056a8   0x00000200   Data   RO         2911    .constdata          arm_common_tables.o
    0x080058a8   0x080058a8   0x00000400   Data   RO         2912    .constdata          arm_common_tables.o
    0x08005ca8   0x08005ca8   0x00000800   Data   RO         2913    .constdata          arm_common_tables.o
    0x080064a8   0x080064a8   0x00001000   Data   RO         2914    .constdata          arm_common_tables.o
    0x080074a8   0x080074a8   0x00002000   Data   RO         2915    .constdata          arm_common_tables.o
    0x080094a8   0x080094a8   0x00004000   Data   RO         2916    .constdata          arm_common_tables.o
    0x0800d4a8   0x0800d4a8   0x00008000   Data   RO         2917    .constdata          arm_common_tables.o
    0x080154a8   0x080154a8   0x00000028   Data   RO         2945    .constdata          arm_common_tables.o
    0x080154d0   0x080154d0   0x00000060   Data   RO         2946    .constdata          arm_common_tables.o
    0x08015530   0x08015530   0x00000070   Data   RO         2947    .constdata          arm_common_tables.o
    0x080155a0   0x080155a0   0x000001a0   Data   RO         2948    .constdata          arm_common_tables.o
    0x08015740   0x08015740   0x00000370   Data   RO         2949    .constdata          arm_common_tables.o
    0x08015ab0   0x08015ab0   0x00000380   Data   RO         2950    .constdata          arm_common_tables.o
    0x08015e30   0x08015e30   0x00000e10   Data   RO         2951    .constdata          arm_common_tables.o
    0x08016c40   0x08016c40   0x00001dc0   Data   RO         2952    .constdata          arm_common_tables.o
    0x08018a00   0x08018a00   0x00001f80   Data   RO         2953    .constdata          arm_common_tables.o
    0x0801a980   0x0801a980   0x00000080   Data   RO         2971    .constdata          arm_common_tables.o
    0x0801aa00   0x0801aa00   0x00000100   Data   RO         2972    .constdata          arm_common_tables.o
    0x0801ab00   0x0801ab00   0x00000200   Data   RO         2973    .constdata          arm_common_tables.o
    0x0801ad00   0x0801ad00   0x00000400   Data   RO         2974    .constdata          arm_common_tables.o
    0x0801b100   0x0801b100   0x00000800   Data   RO         2975    .constdata          arm_common_tables.o
    0x0801b900   0x0801b900   0x00001000   Data   RO         2976    .constdata          arm_common_tables.o
    0x0801c900   0x0801c900   0x00002000   Data   RO         2977    .constdata          arm_common_tables.o
    0x0801e900   0x0801e900   0x00004000   Data   RO         2978    .constdata          arm_common_tables.o
    0x08022900   0x08022900   0x00000010   Data   RO         3048    .constdata          arm_const_structs.o
    0x08022910   0x08022910   0x00000010   Data   RO         3049    .constdata          arm_const_structs.o
    0x08022920   0x08022920   0x00000010   Data   RO         3050    .constdata          arm_const_structs.o
    0x08022930   0x08022930   0x00000010   Data   RO         3051    .constdata          arm_const_structs.o
    0x08022940   0x08022940   0x00000010   Data   RO         3052    .constdata          arm_const_structs.o
    0x08022950   0x08022950   0x00000010   Data   RO         3053    .constdata          arm_const_structs.o
    0x08022960   0x08022960   0x00000010   Data   RO         3054    .constdata          arm_const_structs.o
    0x08022970   0x08022970   0x00000010   Data   RO         3055    .constdata          arm_const_structs.o
    0x08022980   0x08022980   0x00000010   Data   RO         3056    .constdata          arm_const_structs.o
    0x08022990   0x08022990   0x00000028   Data   RO         3149    .constdata          c_w.l(_printf_hex_int.o)
    0x080229b8   0x080229b8   0x00000011   Data   RO         3184    .constdata          c_w.l(__printf_flags_ss_wp.o)
    0x080229c9   0x080229c9   0x00000003   PAD
    0x080229cc   0x080229cc   0x00000040   Data   RO         3240    .constdata          m_wm.l(logf.o)
    0x08022a0c   0x08022a0c   0x00000020   Data   RO         3311    .constdata          m_wm.l(rredf.o)
    0x08022a2c   0x08022a2c   0x000000a1   Data   RO         2387    .conststring        gsignalflow.o
    0x08022acd   0x08022acd   0x00000003   PAD
    0x08022ad0   0x08022ad0   0x00000020   Data   RO         3480    Region$$Table       anon$$obj.o


    Execution Region RW_IRAM1 (Exec base: 0x20000000, Load base: 0x08022af0, Size: 0x0000d600, Max: 0x0001c000, ABSOLUTE)

    Exec Addr    Load Addr    Size         Type   Attr      Idx    E Section Name        Object

    0x20000000   0x08022af0   0x00000014   Data   RW          172    .data               gserial.o
    0x20000014   0x08022b04   0x0000000c   Data   RW         1679    .data               stm32f4xx_hal.o
    0x20000020   0x08022b10   0x00000004   Data   RW         2277    .data               system_stm32f4xx.o
    0x20000024   0x08022b14   0x0000001c   Data   RW         2388    .data               gsignalflow.o
    0x20000040   0x08022b30   0x00000002   Data   RW         2486    .data               spectrumanalyzer.o
    0x20000042   0x08022b32   0x00000002   PAD
    0x20000044        -       0x00000058   Zero   RW          251    .bss                spi.o
    0x2000009c        -       0x00000048   Zero   RW          399    .bss                usart.o
    0x200000e4        -       0x000022a0   Zero   RW         2386    .bss                gsignalflow.o
    0x20002384        -       0x0000a018   Zero   RW         2485    .bss                spectrumanalyzer.o
    0x2000c39c        -       0x00000060   Zero   RW         3338    .bss                c_w.l(libspace.o)
    0x2000c3fc   0x08022b32   0x00000004   PAD
    0x2000c400        -       0x00000200   Zero   RW            2    HEAP                startup_stm32f407xx.o
    0x2000c600        -       0x00001000   Zero   RW            1    STACK               startup_stm32f407xx.o


    Execution Region RW_IRAM2 (Exec base: 0x2001c000, Load base: 0x08022b34, Size: 0x00000000, Max: 0x00004000, ABSOLUTE)

    **** No section assigned to this execution region ****


==============================================================================

Image component sizes


      Code (inc. data)   RO Data    RW Data    ZI Data      Debug   Object Name

        62          0          0          0          0       1393   arm_bitreversal2.o
      1664          0          0          0          0       5065   arm_cfft_f32.o
       148         36          0          0          0       1556   arm_cfft_init_f32.o
      1220          4          0          0          0       3575   arm_cfft_radix8_f32.o
         0          0     119768          0          0       8605   arm_common_tables.o
         0          0        144          0          0       5358   arm_const_structs.o
       380          0          0          0          0       3430   arm_rfft_fast_f32.o
       456         80          0          0          0       7629   arm_rfft_fast_init_f32.o
       444         26          0          0          0       5509   fpgalink.o
      1298         34          0          0          0       6412   gmeasurement.o
         8          4         64          0          0       1294   gmeasurementcalibration.o
        80         10          0          0          0        987   gpio.o
       248         40          0         20          0      10272   gserial.o
      2064        540        161         28       8864      10465   gsignalflow.o
       186          8          0          0          0     670144   main.o
      3076        138          0          2      40984      22095   spectrumanalyzer.o
       176         20          0          0         88       1965   spi.o
        64         26        392          0       4608        912   startup_stm32f407xx.o
       144         24          0         12          0       9249   stm32f4xx_hal.o
       198         14          0          0          0      34247   stm32f4xx_hal_cortex.o
       182          0          0          0          0       2303   stm32f4xx_hal_dma.o
       506         46          0          0          0       2396   stm32f4xx_hal_gpio.o
        48          6          0          0          0        994   stm32f4xx_hal_msp.o
      1348         76          0          0          0       5668   stm32f4xx_hal_rcc.o
       980         16          0          0          0       5245   stm32f4xx_hal_spi.o
      1654         14          0          0          0      11779   stm32f4xx_hal_uart.o
        32          6          0          0          0       5314   stm32f4xx_it.o
        16          4         24          4          0       1331   system_stm32f4xx.o
       180         22          0          0         72       1982   usart.o

    ----------------------------------------------------------------------
     16884       1194     120590         68      54616     847174   Object Totals
         0          0         32          0          0          0   (incl. Generated)
        22          0          5          2          0          0   (incl. Padding)

    ----------------------------------------------------------------------

      Code (inc. data)   RO Data    RW Data    ZI Data      Debug   Library Member Name

        56          6          0          0          0         88   __2snprintf.o
         8          0          0          0          0         68   __main.o
       392          4         17          0          0         92   __printf_flags_ss_wp.o
        14          0          0          0          0         68   __printf_wp.o
         0          0          0          0          0          0   __rtentry.o
        12          0          0          0          0          0   __rtentry2.o
         6          0          0          0          0          0   __rtentry4.o
        52          8          0          0          0          0   __scatter.o
        26          0          0          0          0          0   __scatter_copy.o
        28          0          0          0          0          0   __scatter_zi.o
        44          0          0          0          0        108   _printf_char.o
        48          6          0          0          0         96   _printf_char_common.o
         6          0          0          0          0          0   _printf_d.o
       120         16          0          0          0         92   _printf_dec.o
        88          4         40          0          0         88   _printf_hex_int.o
       178          0          0          0          0         88   _printf_intcommon.o
        78          0          0          0          0        108   _printf_pad.o
         0          0          0          0          0          0   _printf_percent.o
         4          0          0          0          0          0   _printf_percent_end.o
         6          0          0          0          0          0   _printf_s.o
        82          0          0          0          0         80   _printf_str.o
         6          0          0          0          0          0   _printf_u.o
         6          0          0          0          0          0   _printf_x.o
        22          0          0          0          0        100   _rserrno.o
        16          0          0          0          0         68   _snputc.o
        10          0          0          0          0         68   _sputc.o
        18          0          0          0          0         80   exit.o
         6          0          0          0          0        152   heapauxi.o
         0          0          0          0          0          0   indicate_semi.o
         2          0          0          0          0          0   libinit.o
         6          0          0          0          0          0   libinit2.o
         2          0          0          0          0          0   libshutdown.o
         2          0          0          0          0          0   libshutdown2.o
         8          4          0          0         96         68   libspace.o
       238          0          0          0          0        100   lludivv7m.o
         8          4          0          0          0         68   rt_errno_addr_intlibspace.o
        68          0          0          0          0         68   rt_memclr.o
        78          0          0          0          0         80   rt_memclr_w.o
         2          0          0          0          0          0   rtexit.o
        10          0          0          0          0          0   rtexit2.o
        62          0          0          0          0         76   strlen.o
        12          4          0          0          0         68   sys_exit.o
        74          0          0          0          0         80   sys_stackheap_outer.o
         2          0          0          0          0         68   use_no_semi.o
        10          0          0          0          0        116   fpinit.o
         0          0          0          0          0          0   usenofp.o
       684         90          0          0          0        208   atan2f.o
       108         10          0          0          0        116   ceilf.o
       336         56          0          0          0        136   cosf.o
       112         14          0          0          0        116   floorf.o
        38          0          0          0          0        116   fpclassifyf.o
        64         18          0          0          0        580   funder.o
       364         44         64          0          0        140   logf.o
       340         24         32          0          0        160   rredf.o
       400         56          0          0          0        212   sinf.o
        58          0          0          0          0        136   sqrtf.o

    ----------------------------------------------------------------------
      4434        368        156          0        100       4156   Library Totals
        14          0          3          0          4          0   (incl. Padding)

    ----------------------------------------------------------------------

      Code (inc. data)   RO Data    RW Data    ZI Data      Debug   Library Name

      1906         56         57          0         96       2120   c_w.l
        10          0          0          0          0        116   fz_wm.l
      2504        312         96          0          0       1920   m_wm.l

    ----------------------------------------------------------------------
      4434        368        156          0        100       4156   Library Totals

    ----------------------------------------------------------------------

==============================================================================


      Code (inc. data)   RO Data    RW Data    ZI Data      Debug   

     21318       1562     120746         68      54716     838838   Grand Totals
     21318       1562     120746         68      54716     838838   ELF Image Totals
     21318       1562     120746         68          0          0   ROM Totals

==============================================================================

    Total RO  Size (Code + RO Data)               142064 ( 138.73kB)
    Total RW  Size (RW Data + ZI Data)             54784 (  53.50kB)
    Total ROM Size (Code + RO Data + RW Data)     142132 ( 138.80kB)

==============================================================================

