Flow report for ADC_RAM_G
Wed Jul 29 19:48:59 2026
Quartus Prime Version 18.0.0 Build 614 04/24/2018 SJ Standard Edition


---------------------
; Table of Contents ;
---------------------
  1. Legal Notice
  2. Flow Summary
  3. Flow Settings
  4. Flow Non-Default Global Settings
  5. Flow Elapsed Time
  6. Flow OS Summary
  7. Flow Log
  8. Flow Messages
  9. Flow Suppressed Messages



----------------
; Legal Notice ;
----------------
Copyright (C) 2018  Intel Corporation. All rights reserved.
Your use of Intel Corporation's design tools, logic functions 
and other software and tools, and its AMPP partner logic 
functions, and any output files from any of the foregoing 
(including device programming or simulation files), and any 
associated documentation or information are expressly subject 
to the terms and conditions of the Intel Program License 
Subscription Agreement, the Intel Quartus Prime License Agreement,
the Intel FPGA IP License Agreement, or other applicable license
agreement, including, without limitation, that your use is for
the sole purpose of programming logic devices manufactured by
Intel and sold by Intel or its authorized distributors.  Please
refer to the applicable agreement for further details.



+--------------------------------------------------------------------------------------+
; Flow Summary                                                                         ;
+------------------------------------+-------------------------------------------------+
; Flow Status                        ; Successful - Wed Jul 29 19:48:59 2026           ;
; Quartus Prime Version              ; 18.0.0 Build 614 04/24/2018 SJ Standard Edition ;
; Revision Name                      ; ADC_RAM_G                                       ;
; Top-level Entity Name              ; g_measure_top                                   ;
; Family                             ; Cyclone IV E                                    ;
; Device                             ; EP4CE6E22C8                                     ;
; Timing Models                      ; Final                                           ;
; Total logic elements               ; N/A until Partition Merge                       ;
;     Total combinational functions  ; N/A until Partition Merge                       ;
;     Dedicated logic registers      ; N/A until Partition Merge                       ;
; Total registers                    ; N/A until Partition Merge                       ;
; Total pins                         ; N/A until Partition Merge                       ;
; Total virtual pins                 ; N/A until Partition Merge                       ;
; Total memory bits                  ; N/A until Partition Merge                       ;
; Embedded Multiplier 9-bit elements ; N/A until Partition Merge                       ;
; Total PLLs                         ; N/A until Partition Merge                       ;
+------------------------------------+-------------------------------------------------+


+-----------------------------------------+
; Flow Settings                           ;
+-------------------+---------------------+
; Option            ; Setting             ;
+-------------------+---------------------+
; Start date & time ; 07/29/2026 19:48:50 ;
; Main task         ; Compilation         ;
; Revision Name     ; ADC_RAM_G           ;
+-------------------+---------------------+


+---------------------------------------------------------------------------------------------------------------------------+
; Flow Non-Default Global Settings                                                                                          ;
+-------------------------------------+----------------------------------------+---------------+---------------+------------+
; Assignment Name                     ; Value                                  ; Default Value ; Entity Name   ; Section Id ;
+-------------------------------------+----------------------------------------+---------------+---------------+------------+
; COMPILER_SIGNATURE_ID               ; 171720543345642.178532573032544        ; --            ; --            ; --         ;
; ENABLE_SIGNALTAP                    ; Off                                    ; --            ; --            ; --         ;
; MAX_CORE_JUNCTION_TEMP              ; 85                                     ; --            ; --            ; --         ;
; MIN_CORE_JUNCTION_TEMP              ; 0                                      ; --            ; --            ; --         ;
; MISC_FILE                           ; ip/my_pll/my_pll_inst.v                ; --            ; --            ; --         ;
; MISC_FILE                           ; ip/my_pll/my_pll_bb.v                  ; --            ; --            ; --         ;
; MISC_FILE                           ; ip/my_pll/my_pll.ppf                   ; --            ; --            ; --         ;
; MISC_FILE                           ; ip/RAM/RAM_inst.v                      ; --            ; --            ; --         ;
; MISC_FILE                           ; ip/RAM/RAM_bb.v                        ; --            ; --            ; --         ;
; MISC_FILE                           ; ip/RAM2/RAM2_inst.v                    ; --            ; --            ; --         ;
; MISC_FILE                           ; ip/RAM2/RAM2_bb.v                      ; --            ; --            ; --         ;
; NOMINAL_CORE_SUPPLY_VOLTAGE         ; 1.2V                                   ; --            ; --            ; --         ;
; PARTITION_COLOR                     ; -- (Not supported for targeted family) ; --            ; g_measure_top ; Top        ;
; PARTITION_FITTER_PRESERVATION_LEVEL ; -- (Not supported for targeted family) ; --            ; g_measure_top ; Top        ;
; PARTITION_NETLIST_TYPE              ; -- (Not supported for targeted family) ; --            ; g_measure_top ; Top        ;
; PROJECT_OUTPUT_DIRECTORY            ; output_files_g                         ; --            ; --            ; --         ;
; TOP_LEVEL_ENTITY                    ; g_measure_top                          ; ADC_RAM_G     ; --            ; --         ;
+-------------------------------------+----------------------------------------+---------------+---------------+------------+


+----------------------------------------------------------------------------------------------------------------------------+
; Flow Elapsed Time                                                                                                          ;
+------------------------+--------------+-------------------------+---------------------+------------------------------------+
; Module Name            ; Elapsed Time ; Average Processors Used ; Peak Virtual Memory ; Total CPU Time (on all processors) ;
+------------------------+--------------+-------------------------+---------------------+------------------------------------+
; Analysis & Elaboration ; 00:00:09     ; 1.0                     ; 4739 MB             ; 00:00:05                           ;
; Total                  ; 00:00:09     ; --                      ; --                  ; 00:00:05                           ;
+------------------------+--------------+-------------------------+---------------------+------------------------------------+


+--------------------------------------------------------------------------------------+
; Flow OS Summary                                                                      ;
+------------------------+------------------+------------+------------+----------------+
; Module Name            ; Machine Hostname ; OS Name    ; OS Version ; Processor type ;
+------------------------+------------------+------------+------------+----------------+
; Analysis & Elaboration ; Fate             ; Windows 10 ; 10.0       ; x86_64         ;
+------------------------+------------------+------------+------------+----------------+


------------
; Flow Log ;
------------
quartus_map --read_settings_files=on --write_settings_files=off ADC_RAM -c ADC_RAM_G --analysis_and_elaboration



